Component: ARM Compiler 5.05 update 1 (build 106) Tool: armlink [4d0efa]

==============================================================================

Section Cross References

    stm32f4xx_gpio.o(i.GPIO_DeInit) refers to stm32f4xx_rcc.o(i.RCC_AHB1PeriphResetCmd) for RCC_AHB1PeriphResetCmd
    stm32f4xx_rcc.o(i.RCC_GetClocksFreq) refers to stm32f4xx_rcc.o(.data) for APBAHBPrescTable
    stm32f4xx_rcc.o(i.RCC_WaitForHSEStartUp) refers to stm32f4xx_rcc.o(i.RCC_GetFlagStatus) for RCC_GetFlagStatus
    stm32f4xx_syscfg.o(i.SYSCFG_DeInit) refers to stm32f4xx_rcc.o(i.RCC_APB2PeriphResetCmd) for RCC_APB2PeriphResetCmd
    stm32f4xx_usart.o(i.USART_DeInit) refers to stm32f4xx_rcc.o(i.RCC_APB2PeriphResetCmd) for RCC_APB2PeriphResetCmd
    stm32f4xx_usart.o(i.USART_DeInit) refers to stm32f4xx_rcc.o(i.RCC_APB1PeriphResetCmd) for RCC_APB1PeriphResetCmd
    stm32f4xx_usart.o(i.USART_Init) refers to stm32f4xx_rcc.o(i.RCC_GetClocksFreq) for RCC_GetClocksFreq
    stm32f4xx_i2c.o(i.I2C_DeInit) refers to stm32f4xx_rcc.o(i.RCC_APB1PeriphResetCmd) for RCC_APB1PeriphResetCmd
    stm32f4xx_i2c.o(i.I2C_Init) refers to stm32f4xx_rcc.o(i.RCC_GetClocksFreq) for RCC_GetClocksFreq
    stm32f4xx_spi.o(i.SPI_I2S_DeInit) refers to stm32f4xx_rcc.o(i.RCC_APB2PeriphResetCmd) for RCC_APB2PeriphResetCmd
    stm32f4xx_spi.o(i.SPI_I2S_DeInit) refers to stm32f4xx_rcc.o(i.RCC_APB1PeriphResetCmd) for RCC_APB1PeriphResetCmd
    stm32f4xx_tim.o(i.TIM_DeInit) refers to stm32f4xx_rcc.o(i.RCC_APB2PeriphResetCmd) for RCC_APB2PeriphResetCmd
    stm32f4xx_tim.o(i.TIM_DeInit) refers to stm32f4xx_rcc.o(i.RCC_APB1PeriphResetCmd) for RCC_APB1PeriphResetCmd
    stm32f4xx_tim.o(i.TIM_ETRClockMode1Config) refers to stm32f4xx_tim.o(i.TIM_ETRConfig) for TIM_ETRConfig
    stm32f4xx_tim.o(i.TIM_ETRClockMode2Config) refers to stm32f4xx_tim.o(i.TIM_ETRConfig) for TIM_ETRConfig
    stm32f4xx_tim.o(i.TIM_ICInit) refers to stm32f4xx_tim.o(i.TI1_Config) for TI1_Config
    stm32f4xx_tim.o(i.TIM_ICInit) refers to stm32f4xx_tim.o(i.TIM_SetIC1Prescaler) for TIM_SetIC1Prescaler
    stm32f4xx_tim.o(i.TIM_ICInit) refers to stm32f4xx_tim.o(i.TI2_Config) for TI2_Config
    stm32f4xx_tim.o(i.TIM_ICInit) refers to stm32f4xx_tim.o(i.TIM_SetIC2Prescaler) for TIM_SetIC2Prescaler
    stm32f4xx_tim.o(i.TIM_ICInit) refers to stm32f4xx_tim.o(i.TI3_Config) for TI3_Config
    stm32f4xx_tim.o(i.TIM_ICInit) refers to stm32f4xx_tim.o(i.TIM_SetIC3Prescaler) for TIM_SetIC3Prescaler
    stm32f4xx_tim.o(i.TIM_ICInit) refers to stm32f4xx_tim.o(i.TI4_Config) for TI4_Config
    stm32f4xx_tim.o(i.TIM_ICInit) refers to stm32f4xx_tim.o(i.TIM_SetIC4Prescaler) for TIM_SetIC4Prescaler
    stm32f4xx_tim.o(i.TIM_ITRxExternalClockConfig) refers to stm32f4xx_tim.o(i.TIM_SelectInputTrigger) for TIM_SelectInputTrigger
    stm32f4xx_tim.o(i.TIM_PWMIConfig) refers to stm32f4xx_tim.o(i.TI1_Config) for TI1_Config
    stm32f4xx_tim.o(i.TIM_PWMIConfig) refers to stm32f4xx_tim.o(i.TIM_SetIC1Prescaler) for TIM_SetIC1Prescaler
    stm32f4xx_tim.o(i.TIM_PWMIConfig) refers to stm32f4xx_tim.o(i.TI2_Config) for TI2_Config
    stm32f4xx_tim.o(i.TIM_PWMIConfig) refers to stm32f4xx_tim.o(i.TIM_SetIC2Prescaler) for TIM_SetIC2Prescaler
    stm32f4xx_tim.o(i.TIM_TIxExternalClockConfig) refers to stm32f4xx_tim.o(i.TI2_Config) for TI2_Config
    stm32f4xx_tim.o(i.TIM_TIxExternalClockConfig) refers to stm32f4xx_tim.o(i.TI1_Config) for TI1_Config
    stm32f4xx_tim.o(i.TIM_TIxExternalClockConfig) refers to stm32f4xx_tim.o(i.TIM_SelectInputTrigger) for TIM_SelectInputTrigger
    stm32f4xx_flash.o(i.FLASH_EraseAllBank1Sectors) refers to stm32f4xx_flash.o(i.FLASH_WaitForLastOperation) for FLASH_WaitForLastOperation
    stm32f4xx_flash.o(i.FLASH_EraseAllBank2Sectors) refers to stm32f4xx_flash.o(i.FLASH_WaitForLastOperation) for FLASH_WaitForLastOperation
    stm32f4xx_flash.o(i.FLASH_EraseAllSectors) refers to stm32f4xx_flash.o(i.FLASH_WaitForLastOperation) for FLASH_WaitForLastOperation
    stm32f4xx_flash.o(i.FLASH_EraseSector) refers to stm32f4xx_flash.o(i.FLASH_WaitForLastOperation) for FLASH_WaitForLastOperation
    stm32f4xx_flash.o(i.FLASH_OB_Launch) refers to stm32f4xx_flash.o(i.FLASH_WaitForLastOperation) for FLASH_WaitForLastOperation
    stm32f4xx_flash.o(i.FLASH_OB_PCROP1Config) refers to stm32f4xx_flash.o(i.FLASH_WaitForLastOperation) for FLASH_WaitForLastOperation
    stm32f4xx_flash.o(i.FLASH_OB_PCROPConfig) refers to stm32f4xx_flash.o(i.FLASH_WaitForLastOperation) for FLASH_WaitForLastOperation
    stm32f4xx_flash.o(i.FLASH_OB_RDPConfig) refers to stm32f4xx_flash.o(i.FLASH_WaitForLastOperation) for FLASH_WaitForLastOperation
    stm32f4xx_flash.o(i.FLASH_OB_UserConfig) refers to stm32f4xx_flash.o(i.FLASH_WaitForLastOperation) for FLASH_WaitForLastOperation
    stm32f4xx_flash.o(i.FLASH_OB_WRP1Config) refers to stm32f4xx_flash.o(i.FLASH_WaitForLastOperation) for FLASH_WaitForLastOperation
    stm32f4xx_flash.o(i.FLASH_OB_WRPConfig) refers to stm32f4xx_flash.o(i.FLASH_WaitForLastOperation) for FLASH_WaitForLastOperation
[...]
    GetLGPGGA                                0x0801b465   Thumb Code  2660  sendgps.o(i.GetLGPGGA)
    GetLocalGravity                          0x0801bedd   Thumb Code   276  basicfunc.o(i.GetLocalGravity)
    GetNavFrameQuat                          0x0801c029   Thumb Code   328  basicfunc.o(i.GetNavFrameQuat)
    GetQMatrix                               0x0801c181   Thumb Code    88  gifilter.o(i.GetQMatrix)
    GetRMCData                               0x0801c205   Thumb Code    66  sendgps.o(i.GetRMCData)
    GetUTCTime                               0x0801c261   Thumb Code   112  getimu.o(i.GetUTCTime)
    Get_Acc_XYZ                              0x0801c2e9   Thumb Code   264  getacc.o(i.Get_Acc_XYZ)
    Get_Angle_XYZ                            0x0801c425   Thumb Code   152  getacc.o(i.Get_Angle_XYZ)
    Get_BMI055_Data                          0x0801c4dd   Thumb Code   118  getimu.o(i.Get_BMI055_Data)
    Get_BMI160A_Data                         0x0801c571   Thumb Code   112  getacc.o(i.Get_BMI160A_Data)
    Get_BMI160G_Data                         0x0801c5e9   Thumb Code   104  getgyr.o(i.Get_BMI160G_Data)
    Get_GGA_RMC_GST                          0x0801c659   Thumb Code   908  getgps.o(i.Get_GGA_RMC_GST)
    Get_GSA_GAV                              0x0801c9f9   Thumb Code   178  getgps.o(i.Get_GSA_GAV)
    Get_RMC_Data                             0x0801cabd   Thumb Code   166  getgps.o(i.Get_RMC_Data)
    Get_Rate_Data                            0x0801cb75   Thumb Code   190  getgyr.o(i.Get_Rate_Data)
    Get_Yaw_Data                             0x0801cc71   Thumb Code   138  getgyr.o(i.Get_Yaw_Data)
    GnssEvaluation                           0x0801cd1d   Thumb Code  4796  gnss.o(i.GnssEvaluation)
    GpsBautConfig                            0x0801dfe9   Thumb Code    42  getgps.o(i.GpsBautConfig)
    GpsConfig2                               0x0801e019   Thumb Code  1698  getgps.o(i.GpsConfig2)
    GpsGLOpen                                0x0801e6f9   Thumb Code   142  getgps.o(i.GpsGLOpen)
    GpsGsvClose                              0x0801e7e1   Thumb Code   200  getgps.o(i.GpsGsvClose)
    GpsGsvOpen                               0x0801e931   Thumb Code   200  getgps.o(i.GpsGsvOpen)
    Gps_Receive_Handle                       0x0801ea81   Thumb Code   144  getgps.o(i.Gps_Receive_Handle)
    Gyr_Ini                                  0x0801eb39   Thumb Code    30  getgyr.o(i.Gyr_Ini)
    HandleCompensate                         0x0801eb71   Thumb Code   254  insnav.o(i.HandleCompensate)
    HandleGGAOn                              0x0801ec81   Thumb Code   602  getgps.o(i.HandleGGAOn)
    HandleGpsData                            0x0801ef21   Thumb Code    22  getgps.o(i.HandleGpsData)
    HandleGpsIni                             0x0801ef39   Thumb Code    32  getgps.o(i.HandleGpsIni)
    HandleKeyOn                              0x0801ef69   Thumb Code  3852  commdata.o(i.HandleKeyOn)
    HandlePassOn                             0x0801fec1   Thumb Code   214  commdata.o(i.HandlePassOn)
    HandleUpdata                             0x0801ffb1   Thumb Code   162  commdata.o(i.HandleUpdata)
    HandleUserData                           0x08020071   Thumb Code    84  commdata.o(i.HandleUserData)
    Handle_Ini                               0x080200d9   Thumb Code    74  stm32f4xx_it.o(i.Handle_Ini)
    I2C_Configuration                        0x08020161   Thumb Code     8  hw_config.o(i.I2C_Configuration)
    IIC_Ack                                  0x08020169   Thumb Code    66  myiic.o(i.IIC_Ack)
    IIC_Init                                 0x080201bd   Thumb Code    94  myiic.o(i.IIC_Init)
    IIC_NAck                                 0x0802022d   Thumb Code    66  myiic.o(i.IIC_NAck)
    IIC_Read_Byte                            0x08020281   Thumb Code    92  myiic.o(i.IIC_Read_Byte)
    IIC_Send_Byte                            0x080202ed   Thumb Code    88  myiic.o(i.IIC_Send_Byte)
    IIC_Start                                0x08020355   Thumb Code    72  myiic.o(i.IIC_Start)
    IIC_Stop                                 0x080203a9   Thumb Code    78  myiic.o(i.IIC_Stop)
    IIC_Wait_Ack                             0x08020405   Thumb Code    84  myiic.o(i.IIC_Wait_Ack)
    IMDAT_Deal                               0x08020469   Thumb Code   162  getimu.o(i.IMDAT_Deal)
    IMUCompensate                            0x08020519   Thumb Code   456  insnav.o(i.IMUCompensate)
    IMUData_Deal                             0x08020701   Thumb Code   836  getimu.o(i.IMUData_Deal)
    IMU_ALL_DMA                              0x08020a5d   Thumb Code   256  getimu.o(i.IMU_ALL_DMA)
    INSAlign                                 0x08020b79   Thumb Code  3654  insalign.o(i.INSAlign)
    INSUpdate                                0x080219d1   Thumb Code 16564  insnav.o(i.INSUpdate)
    IWDG_ReloadCounter                       0x08025a8d   Thumb Code    10  stm32f4xx_iwdg.o(i.IWDG_ReloadCounter)
    InitGyroBias                             0x08025a9d   Thumb Code   626  insalign.o(i.InitGyroBias)
    InitInstallMat                           0x08025d2d   Thumb Code  5440  insnav.o(i.InitInstallMat)
    Interrupt_Any_motion                     0x0802726d   Thumb Code   256  getacc.o(i.Interrupt_Any_motion)
    Message_Ack_handle                       0x08027371   Thumb Code   272  stm32f4xx_it.o(i.Message_Ack_handle)
    MisAngle_Flash_Decode                    0x080274c1   Thumb Code   506  stmflash.o(i.MisAngle_Flash_Decode)
    MisAngle_Flash_INI                       0x08027705   Thumb Code   468  stmflash.o(i.MisAngle_Flash_INI)
    MisAngle_Flash_Save                      0x0802791d   Thumb Code   116  stmflash.o(i.MisAngle_Flash_Save)
    NVIC_Configuration                       0x080279b1   Thumb Code   228  hw_config.o(i.NVIC_Configuration)
    NVIC_ConfigurationDis                    0x08027a95   Thumb Code   160  hw_config.o(i.NVIC_ConfigurationDis)
    NVIC_Init                                0x08027b35   Thumb Code   106  misc.o(i.NVIC_Init)
    NVIC_PriorityGroupConfig                 0x08027bad   Thumb Code    10  misc.o(i.NVIC_PriorityGroupConfig)
    NVIC_SetVectorTable                      0x08027bc1   Thumb Code    12  misc.o(i.NVIC_SetVectorTable)
    NormQuat                                 0x08027bd5   Thumb Code   358  basicfunc.o(i.NormQuat)
    PWR_ClearFlag                            0x08027d4d   Thumb Code    14  stm32f4xx_pwr.o(i.PWR_ClearFlag)
    PWR_EnterSTANDBYMode                     0x08027d61   Thumb Code    32  stm32f4xx_pwr.o(i.PWR_EnterSTANDBYMode)
    PWR_EnterSTOPMode                        0x08027d89   Thumb Code    58  stm32f4xx_pwr.o(i.PWR_EnterSTOPMode)
    PWR_WakeUpPinCmd                         0x08027dcd   Thumb Code     6  stm32f4xx_pwr.o(i.PWR_WakeUpPinCmd)
    Pack_GnssData                            0x08027dd9   Thumb Code    78  sendgps.o(i.Pack_GnssData)
    Pack_IMUData                             0x08027e41   Thumb Code   590  getimu.o(i.Pack_IMUData)
    Pack_Send_Debug                          0x080280f1   Thumb Code   170  sendgps.o(i.Pack_Send_Debug)
    Para_Data_Protection                     0x080281cd   Thumb Code   354  stmflash.o(i.Para_Data_Protection)
    Para_Flash_Decode                        0x08028385   Thumb Code   158  stmflash.o(i.Para_Flash_Decode)
    Para_Flash_INI                           0x08028465   Thumb Code   134  stmflash.o(i.Para_Flash_INI)
    ProcessAgeTOA                            0x0802852d   Thumb Code   216  sendgps.o(i.ProcessAgeTOA)
    ProcessCheckIMU                          0x08028611   Thumb Code    58  getimu.o(i.ProcessCheckIMU)
    ProcessCheckResult                       0x08028659   Thumb Code    60  sendgps.o(i.ProcessCheckResult)
    ProcessCheckToA                          0x080286a1   Thumb Code   108  sendgps.o(i.ProcessCheckToA)
    ProcessCheckToAIMU                       0x08028715   Thumb Code   108  getimu.o(i.ProcessCheckToAIMU)
    ProcessCommand                           0x08028789   Thumb Code   630  getgps.o(i.ProcessCommand)
    ProcessGPGGA                             0x08028af5   Thumb Code  1100  getgps.o(i.ProcessGPGGA)
    ProcessGPGSA                             0x08028f41   Thumb Code   274  getgps.o(i.ProcessGPGSA)
    ProcessGPGST                             0x08029069   Thumb Code   220  getgps.o(i.ProcessGPGST)
    ProcessGPGSV                             0x08029151   Thumb Code   318  getgps.o(i.ProcessGPGSV)
    ProcessGPRMC                             0x080292b1   Thumb Code  1088  getgps.o(i.ProcessGPRMC)
    ProcessGPVTG                             0x080296f1   Thumb Code   402  getgps.o(i.ProcessGPVTG)
    ProcessGPZDA                             0x08029899   Thumb Code   402  getgps.o(i.ProcessGPZDA)
    ProcessIITOA                             0x08029a31   Thumb Code   164  sendgps.o(i.ProcessIITOA)
    ProcessITOA                              0x08029add   Thumb Code    70  sendgps.o(i.ProcessITOA)
    ProcessITOAH                             0x08029b2d   Thumb Code    70  getimu.o(i.ProcessITOAH)
    ProcessITOAM                             0x08029b7d   Thumb Code   108  getimu.o(i.ProcessITOAM)
    ProcessLatToA                            0x08029bf1   Thumb Code   622  sendgps.o(i.ProcessLatToA)
    ProcessLongToA                           0x08029e8d   Thumb Code   650  sendgps.o(i.ProcessLongToA)
    ProcessNMEA                              0x0802a141   Thumb Code   366  getgps.o(i.ProcessNMEA)
    ProcessSFTOA                             0x0802a2c9   Thumb Code  2346  sendgps.o(i.ProcessSFTOA)
    ProcessSSFTOA                            0x0802ac05   Thumb Code  2436  sendgps.o(i.ProcessSSFTOA)
    ProcessVTOA                              0x0802b591   Thumb Code   164  commdata.o(i.ProcessVTOA)
    ProcessZLSFTOA                           0x0802b63d   Thumb Code   990  sendgps.o(i.ProcessZLSFTOA)
    Quat2CM                                  0x0802ba3d   Thumb Code   844  basicfunc.o(i.Quat2CM)
    QuatMulti                                0x0802bd91   Thumb Code   928  basicfunc.o(i.QuatMulti)
    RCC_AHB1PeriphClockCmd                   0x0802c139   Thumb Code    26  stm32f4xx_rcc.o(i.RCC_AHB1PeriphClockCmd)
    RCC_APB1PeriphClockCmd                   0x0802c159   Thumb Code    26  stm32f4xx_rcc.o(i.RCC_APB1PeriphClockCmd)
    RCC_APB2PeriphClockCmd                   0x0802c179   Thumb Code    26  stm32f4xx_rcc.o(i.RCC_APB2PeriphClockCmd)
    RCC_Configuration                        0x0802c199   Thumb Code    42  hw_config.o(i.RCC_Configuration)
    RCC_GetClocksFreq                        0x0802c1c9   Thumb Code   214  stm32f4xx_rcc.o(i.RCC_GetClocksFreq)
    RotVec2Quat                              0x0802c2b1   Thumb Code   924  basicfunc.o(i.RotVec2Quat)
    SPI_ADS_SendData                         0x0802c69d   Thumb Code    54  spi.o(i.SPI_ADS_SendData)
    SPI_Cmd                                  0x0802c6d9   Thumb Code    24  stm32f4xx_spi.o(i.SPI_Cmd)
    SPI_Configuration                        0x0802c6f1   Thumb Code    80  hw_config.o(i.SPI_Configuration)
    SPI_I2S_GetFlagStatus                    0x0802c745   Thumb Code    18  stm32f4xx_spi.o(i.SPI_I2S_GetFlagStatus)
    SPI_I2S_ReceiveData                      0x0802c757   Thumb Code     6  stm32f4xx_spi.o(i.SPI_I2S_ReceiveData)
    SPI_I2S_SendData                         0x0802c75d   Thumb Code     4  stm32f4xx_spi.o(i.SPI_I2S_SendData)
    SPI_Init                                 0x0802c761   Thumb Code    60  stm32f4xx_spi.o(i.SPI_Init)
    STMFLASH_GetFlashSector                  0x0802c79d   Thumb Code   116  stmflash.o(i.STMFLASH_GetFlashSector)
    STMFLASH_Read                            0x0802c83d   Thumb Code    32  stmflash.o(i.STMFLASH_Read)
    STMFLASH_ReadWord                        0x0802c85d   Thumb Code     6  stmflash.o(i.STMFLASH_ReadWord)
    STMFLASH_Write                           0x0802c865   Thumb Code   162  stmflash.o(i.STMFLASH_Write)
    SYSCFG_EXTILineConfig                    0x0802c915   Thumb Code    60  stm32f4xx_syscfg.o(i.SYSCFG_EXTILineConfig)
    SaveGpsData                              0x0802c955   Thumb Code    54  getgps.o(i.SaveGpsData)
    Save_ALLIMUData                          0x0802c995   Thumb Code   224  getimu.o(i.Save_ALLIMUData)
    Save_DATData                             0x0802ca89   Thumb Code   150  getimu.o(i.Save_DATData)
    Save_IMUData                             0x0802cb41   Thumb Code   170  getimu.o(i.Save_IMUData)
    SendConfigMessage                        0x0802cc1d   Thumb Code  1748  getgps.o(i.SendConfigMessage)
    SendData                                 0x0802d301   Thumb Code  1202  commdata.o(i.SendData)
    SendDriver                               0x0802d7b9   Thumb Code    20  hw_config.o(i.SendDriver)
    SendText                                 0x0802d7d5   Thumb Code   136  commdata.o(i.SendText)
    SendVersion                              0x0802d875   Thumb Code   474  commdata.o(i.SendVersion)
    Send_GPSData                             0x0802dc2d   Thumb Code    54  getgps.o(i.Send_GPSData)
    Send_GSAData                             0x0802dc7d   Thumb Code    70  sendgps.o(i.Send_GSAData)
    Send_GnssData                            0x0802dce1   Thumb Code   158  sendgps.o(i.Send_GnssData)
    Send_IMUData                             0x0802ddb5   Thumb Code   358  getimu.o(i.Send_IMUData)
    SerialPutChar                            0x0802df55   Thumb Code    60  commdata.o(i.SerialPutChar)
    Serial_PutString                         0x0802df9d   Thumb Code    22  commdata.o(i.Serial_PutString)
    Set_System                               0x0802e09d   Thumb Code    38  hw_config.o(i.Set_System)
    SigmaJudge                               0x0802e0c9   Thumb Code   102  gifilter.o(i.SigmaJudge)
    SoftReset                                0x0802e141   Thumb Code    42  stmflash.o(i.SoftReset)
    SysTick_CLKSourceConfig                  0x0802e175   Thumb Code    40  misc.o(i.SysTick_CLKSourceConfig)
    SystemInit                               0x0802e19d   Thumb Code    88  system_stm32f4xx.o(i.SystemInit)
    TIM2_IRQHandler                          0x0802e205   Thumb Code    46  stm32f4xx_it.o(i.TIM2_IRQHandler)
    TIM3_Configuration                       0x0802e239   Thumb Code   150  hw_config.o(i.TIM3_Configuration)
    TIM3_IRQHandler                          0x0802e2d9   Thumb Code   140  stm32f4xx_it.o(i.TIM3_IRQHandler)
    TIM_ClearITPendingBit                    0x0802e389   Thumb Code     6  stm32f4xx_tim.o(i.TIM_ClearITPendingBit)
    TIM_Cmd                                  0x0802e38f   Thumb Code    24  stm32f4xx_tim.o(i.TIM_Cmd)
    TIM_ITConfig                             0x0802e3a7   Thumb Code    18  stm32f4xx_tim.o(i.TIM_ITConfig)
    TIM_TimeBaseInit                         0x0802e3b9   Thumb Code   104  stm32f4xx_tim.o(i.TIM_TimeBaseInit)
    TriangleMatInv                           0x0802e43d   Thumb Code   374  basicfunc.o(i.TriangleMatInv)
    USART1_IRQHandler                        0x0802e5c1   Thumb Code    44  stm32f4xx_it.o(i.USART1_IRQHandler)
    USART2_IRQHandler                        0x0802e5f5   Thumb Code    52  stm32f4xx_it.o(i.USART2_IRQHandler)
    USART6_IRQHandler                        0x0802e631   Thumb Code    36  stm32f4xx_it.o(i.USART6_IRQHandler)
    USART_ClearFlag                          0x0802e65d   Thumb Code    18  stm32f4xx_usart.o(i.USART_ClearFlag)
    USART_ClearITPendingBit                  0x0802e66f   Thumb Code    30  stm32f4xx_usart.o(i.USART_ClearITPendingBit)
    USART_Cmd                                0x0802e68d   Thumb Code    24  stm32f4xx_usart.o(i.USART_Cmd)
    USART_Configuration                      0x0802e6a5   Thumb Code   274  hw_config.o(i.USART_Configuration)
    USART_DMACmd                             0x0802e7d5   Thumb Code    18  stm32f4xx_usart.o(i.USART_DMACmd)
    USART_DMA_TX_Configuration               0x0802e7e9   Thumb Code   118  hw_config.o(i.USART_DMA_TX_Configuration)
    USART_GetFlagStatus                      0x0802e86d   Thumb Code    26  stm32f4xx_usart.o(i.USART_GetFlagStatus)
    USART_GetITStatus                        0x0802e887   Thumb Code    84  stm32f4xx_usart.o(i.USART_GetITStatus)
    USART_ITConfig                           0x0802e8db   Thumb Code    74  stm32f4xx_usart.o(i.USART_ITConfig)
    USART_Init                               0x0802e925   Thumb Code   204  stm32f4xx_usart.o(i.USART_Init)
    USART_ReceiveData                        0x0802e9f9   Thumb Code    10  stm32f4xx_usart.o(i.USART_ReceiveData)
    USART_SendData                           0x0802ea03   Thumb Code     8  stm32f4xx_usart.o(i.USART_SendData)
    Update_Flash_INI                         0x0802ea0d   Thumb Code    16  stmflash.o(i.Update_Flash_INI)
    Update_Flash_Save                        0x0802ea29   Thumb Code    74  stmflash.o(i.Update_Flash_Save)
    __ARM_fpclassify                         0x0802ea8d   Thumb Code    48  fpclassify.o(i.__ARM_fpclassify)
    __aeabi_errno_addr                       0x0802eabd   Thumb Code     4  errno.o(i.__aeabi_errno_addr)
    __rt_errno_addr                          0x0802eabd   Thumb Code     0  errno.o(i.__aeabi_errno_addr)
    __hardfp_asin                            0x0802eac9   Thumb Code   770  asin.o(i.__hardfp_asin)
    __hardfp_atan                            0x0802ee29   Thumb Code   622  atan.o(i.__hardfp_atan)
    __hardfp_atan2                           0x0802f101   Thumb Code   432  atan2.o(i.__hardfp_atan2)
    __hardfp_atof                            0x0802f2f1   Thumb Code    44  atof.o(i.__hardfp_atof)
    __hardfp_cos                             0x0802f329   Thumb Code   180  cos.o(i.__hardfp_cos)
    __hardfp_fabs                            0x0802f3f1   Thumb Code    20  fabs.o(i.__hardfp_fabs)
    __hardfp_sin                             0x0802f409   Thumb Code   180  sin.o(i.__hardfp_sin)
    __hardfp_sqrt                            0x0802f4d1   Thumb Code   122  sqrt.o(i.__hardfp_sqrt)
    __ieee754_rem_pio2                       0x0802f551   Thumb Code   938  rred.o(i.__ieee754_rem_pio2)
    __kernel_cos                             0x0802f989   Thumb Code   322  cos_i.o(i.__kernel_cos)
    __kernel_poly                            0x0802faf9   Thumb Code   248  poly.o(i.__kernel_poly)
    __kernel_sin                             0x0802fbf1   Thumb Code   280  sin_i.o(i.__kernel_sin)
    __mathlib_dbl_infnan                     0x0802fd21   Thumb Code    20  dunder.o(i.__mathlib_dbl_infnan)
    __mathlib_dbl_infnan2                    0x0802fd35   Thumb Code    20  dunder.o(i.__mathlib_dbl_infnan2)
    __mathlib_dbl_invalid                    0x0802fd49   Thumb Code    24  dunder.o(i.__mathlib_dbl_invalid)
    __mathlib_dbl_underflow                  0x0802fd69   Thumb Code    24  dunder.o(i.__mathlib_dbl_underflow)
    __read_errno                             0x0802fd89   Thumb Code     6  errno.o(i.__read_errno)
    __scatterload_copy                       0x0802fd95   Thumb Code    14  handlers.o(i.__scatterload_copy)
    __scatterload_null                       0x0802fda3   Thumb Code     2  handlers.o(i.__scatterload_null)
    __scatterload_zeroinit                   0x0802fda5   Thumb Code    14  handlers.o(i.__scatterload_zeroinit)
    __set_errno                              0x0802fdb5   Thumb Code     6  errno.o(i.__set_errno)
    _alpu_delay_ms                           0x0802fdc1   Thumb Code    12  24cxx.o(i._alpu_delay_ms)
    _alpu_rand                               0x0802fdcd   Thumb Code    54  24cxx.o(i._alpu_rand)
    _i2c_read                                0x0802fe11   Thumb Code    80  24cxx.o(i._i2c_read)
    _i2c_write                               0x0802fe61   Thumb Code    74  24cxx.o(i._i2c_write)
    _is_digit                                0x0802feab   Thumb Code    14  scanf_fp.o(i._is_digit)
    atan                                     0x0802feb9   Thumb Code    16  atan.o(i.atan)
    delay_init                               0x0802fec9   Thumb Code    52  delay.o(i.delay_init)
    delay_ms                                 0x0802ff05   Thumb Code    56  delay.o(i.delay_ms)
    delay_us                                 0x0802ff3d   Thumb Code    72  delay.o(i.delay_us)
    delay_xms                                0x0802ff89   Thumb Code    72  delay.o(i.delay_xms)
    fabs                                     0x0802ffd5   Thumb Code    24  fabs.o(i.fabs)
    free                                     0x0802ffed   Thumb Code    76  malloc.o(i.free)
    main                                     0x0803003d   Thumb Code   374  main.o(i.main)
    malloc                                   0x080301f5   Thumb Code    92  malloc.o(i.malloc)
    sqrt                                     0x08030261   Thumb Code   110  sqrt.o(i.sqrt)
    TEXT_Buffer                              0x080302ce   Data          10  main.o(.constdata)
    line_start                               0x080302e8   Data          16  gifilter.o(.constdata)
    StaticThd                                0x080302f8   Data          48  insnav.o(.constdata)
    __mathlib_zero                           0x08030440   Data           8  qnan.o(.constdata)
    __ctype_table                            0x08030538   Data         129  ctype_o.o(.constdata)
    Region$$Table$$Base                      0x08030728   Number         0  anon$$obj.o(Region$$Table)
    Region$$Table$$Limit                     0x08030748   Number         0  anon$$obj.o(Region$$Table)
    USART2_BodRate                           0x20000038   Data           4  main.o(.data)
    BMI160A_Rx                               0x2000003c   Data           6  main.o(.data)
    ACC_X                                    0x20000042   Data           2  main.o(.data)
    ACC_Y                                    0x20000044   Data           2  main.o(.data)
    ACC_Z                                    0x20000046   Data           2  main.o(.data)
    XAccBias                                 0x20000048   Data           2  main.o(.data)
    XAccScale                                0x2000004a   Data           2  main.o(.data)
    XAccFScale                               0x2000004c   Data           2  main.o(.data)
    YAccBias                                 0x2000004e   Data           2  main.o(.data)
    YAccScale                                0x20000050   Data           2  main.o(.data)
    YAccFScale                               0x20000052   Data           2  main.o(.data)
    ZAccBias                                 0x20000054   Data           2  main.o(.data)
    ZAccScale                                0x20000056   Data           2  main.o(.data)
    ZAccFScale                               0x20000058   Data           2  main.o(.data)
    floPitchAcc                              0x2000005c   Data           4  main.o(.data)
    floRollAcc                               0x20000060   Data           4  main.o(.data)
    floAliAcc                                0x20000064   Data           4  main.o(.data)
    floPitchAngle                            0x20000068   Data           4  main.o(.data)
    floRollAngle                             0x2000006c   Data           4  main.o(.data)
    intPitchAcc                              0x20000070   Data           2  main.o(.data)
    intRollAcc                               0x20000072   Data           2  main.o(.data)
    intAliAcc                                0x20000074   Data           2  main.o(.data)
    intPitchAngle                            0x20000076   Data           2  main.o(.data)
    intRollAngle                             0x20000078   Data           2  main.o(.data)
    intYawAngle                              0x2000007a   Data           2  main.o(.data)
    BMI160G_Rx                               0x2000007c   Data           6  main.o(.data)
    Gyr_X                                    0x20000082   Data           2  main.o(.data)
    Gyr_Y                                    0x20000084   Data           2  main.o(.data)
    Gyr_Z                                    0x20000086   Data           2  main.o(.data)
    GyrBias_X                                0x20000088   Data           2  main.o(.data)
    GyrBias_Y                                0x2000008a   Data           2  main.o(.data)
    GyrBias_Z                                0x2000008c   Data           2  main.o(.data)
    GyrScale_X                               0x2000008e   Data           2  main.o(.data)
    GyrScale_Y                               0x20000090   Data           2  main.o(.data)
    GyrScale_Z                               0x20000092   Data           2  main.o(.data)
    XGyrBias                                 0x20000094   Data           2  main.o(.data)
    YGyrBias                                 0x20000096   Data           2  main.o(.data)
    ZGyrBias                                 0x20000098   Data           2  main.o(.data)
    XGyrScale                                0x2000009a   Data           2  main.o(.data)
    YGyrScale                                0x2000009c   Data           2  main.o(.data)
    ZGyrScale                                0x2000009e   Data           2  main.o(.data)
    floPitchGyr                              0x200000a0   Data           4  main.o(.data)
    floRollGyr                               0x200000a4   Data           4  main.o(.data)
    floYawGyr                                0x200000a8   Data           4  main.o(.data)
    floYawAngle                              0x200000ac   Data           4  main.o(.data)
    intPitchGyr                              0x200000b0   Data           2  main.o(.data)
    intRollGyr                               0x200000b2   Data           2  main.o(.data)
    intYawGyr                                0x200000b4   Data           2  main.o(.data)
    IMU_Kind                                 0x200000b6   Data           1  main.o(.data)
    DIni_Flag                                0x200000b7   Data           1  main.o(.data)
    GpsKind                                  0x200000b8   Data           1  main.o(.data)
    ProductKind                              0x200000b9   Data           1  main.o(.data)
    FrameFirst                               0x200000ba   Data           1  main.o(.data)
    BaseTime                                 0x200000bb   Data           1  main.o(.data)
    DetaTime                                 0x200000bc   Data           1  main.o(.data)
    SaveTime                                 0x200000bd   Data           1  main.o(.data)
    SendTime                                 0x200000be   Data           1  main.o(.data)
    PackTime                                 0x200000bf   Data           1  main.o(.data)
    IMU_Send_Flag                            0x200000c0   Data           1  main.o(.data)
    IMU_DMA_Num                              0x200000c2   Data           2  main.o(.data)
    IMDMStime                                0x200000c4   Data           2  main.o(.data)
    IMDHour                                  0x200000c6   Data           1  main.o(.data)
    IMDMinute                                0x200000c7   Data           1  main.o(.data)
    IMDSecond                                0x200000c8   Data           1  main.o(.data)
    IMDMSecond                               0x200000c9   Data           1  main.o(.data)
    IMU_Flag                                 0x200000ca   Data           1  main.o(.data)
    Ins_Go_Flag                              0x200000cb   Data           1  main.o(.data)
    T1times                                  0x200000cc   Data           1  main.o(.data)
    T2times                                  0x200000ce   Data           2  main.o(.data)
    T3times                                  0x200000d0   Data           2  main.o(.data)
    IMU_Num                                  0x200000d2   Data           1  main.o(.data)
    GGA_Get_Flag                             0x200000d3   Data           1  main.o(.data)
    RMC_Get_Flag                             0x200000d4   Data           1  main.o(.data)
    VTG_Get_Flag                             0x200000d5   Data           1  main.o(.data)
    GST_Get_Flag                             0x200000d6   Data           1  main.o(.data)
    GSA_Get_Flag                             0x200000d7   Data           1  main.o(.data)
    GSV_Get_Flag                             0x200000d8   Data           1  main.o(.data)
    GGA_Config_flag                          0x200000d9   Data           1  main.o(.data)
    GST_Config_flag                          0x200000da   Data           1  main.o(.data)
    GSA_Config_flag                          0x200000db   Data           1  main.o(.data)
    GSV_Config_flag                          0x200000dc   Data           1  main.o(.data)
    GLL_Config_flag                          0x200000dd   Data           1  main.o(.data)
    VTG_Config_flag                          0x200000de   Data           1  main.o(.data)
    ZDA_Config_flag                          0x200000df   Data           1  main.o(.data)
    RMC_Config_flag                          0x200000e0   Data           1  main.o(.data)
    BD1_Config_flag                          0x200000e1   Data           1  main.o(.data)
    BD2_Config_flag                          0x200000e2   Data           1  main.o(.data)
    GL_Config_flag                           0x200000e3   Data           1  main.o(.data)
    RATE_Config_flag                         0x200000e4   Data           1  main.o(.data)
    PRT_Config_flag                          0x200000e5   Data           1  main.o(.data)
    timer_start_flag                         0x200000e6   Data           1  main.o(.data)
    ttime                                    0x200000e8   Data           2  main.o(.data)
    NorthSouthSelect                         0x200000ea   Data           1  main.o(.data)
    WestEastSelect                           0x200000eb   Data           1  main.o(.data)
    GetAgeDataFlag                           0x200000ec   Data           1  main.o(.data)
    GetAgeData                               0x200000ee   Data           2  main.o(.data)
    InPutDiffNum                             0x200000f0   Data           1  main.o(.data)
    Diff_First_Flag                          0x200000f1   Data           1  main.o(.data)
    Gps_Fren_Kind                            0x200000f2   Data           1  main.o(.data)
    Rmc_Vtg_Flag                             0x200000f3   Data           1  main.o(.data)
    GGA_Ini_Flag                             0x200000f4   Data           1  main.o(.data)
    Base_No_Num                              0x200000f5   Data           1  main.o(.data)
    GSA_Length                               0x200000f6   Data           2  main.o(.data)
    GGA_Rx_Counter                           0x200000f8   Data           1  main.o(.data)
    GGA_Rx_Max                               0x200000f9   Data           1  main.o(.data)
    m_GSPData_First                          0x200000fa   Data           1  main.o(.data)
    m_GSPData_Num                            0x200000fc   Data           2  main.o(.data)
    m_GSPData_NumB                           0x200000fe   Data           2  main.o(.data)
    Gps_No_Num                               0x20000100   Data           1  main.o(.data)
    Gps_No_Data_Num                          0x20000102   Data           2  main.o(.data)
    Gps_No_Flag                              0x20000104   Data           1  main.o(.data)
    GGARMC_Length                            0x20000106   Data           2  main.o(.data)
    GGARMCGST_Length                         0x20000108   Data           2  main.o(.data)
    GGA_Zero_Flag                            0x2000010a   Data           1  main.o(.data)
    RMC_Back_Flag                            0x2000010b   Data           1  main.o(.data)
    GGB_Data                                 0x2000010c   Data           8  main.o(.data)
    IMU_Send_OK                              0x20000114   Data           1  main.o(.data)
    GPS_Send_OK                              0x20000115   Data           1  main.o(.data)
    GNSS_Send_OK                             0x20000116   Data           1  main.o(.data)
    GSA_Send_OK                              0x20000117   Data           1  main.o(.data)
    ATT_Send_OK                              0x20000118   Data           1  main.o(.data)
    GNSS_Send_OK_Flag                        0x20000119   Data           1  main.o(.data)
    PackDebug_Flag                           0x2000011a   Data           1  main.o(.data)
    PackDebug_Time                           0x2000011b   Data           1  main.o(.data)
    DMA_Send_Kind                            0x2000011c   Data           1  main.o(.data)
    DMA_Tx_Num                               0x2000011e   Data           2  main.o(.data)
    GpsDriverImuFlag                         0x20000120   Data           1  main.o(.data)
    GpsDriverAnalyseFlag                     0x20000121   Data           1  main.o(.data)
    GpsDriverSendFlag                        0x20000122   Data           1  main.o(.data)
    GpsInsGetFlag                            0x20000123   Data           1  main.o(.data)
    Gnss_Get_Flag                            0x20000124   Data           1  main.o(.data)
    ZeroSecondFlag                           0x20000125   Data           1  main.o(.data)
    Gnss_Up_Flag                             0x20000126   Data           1  main.o(.data)
    High_DGet_Flag                           0x20000127   Data           1  main.o(.data)
    Buat_DGet_Flag                           0x20000128   Data           1  main.o(.data)
    GNGA_DGet_Flag                           0x20000129   Data           1  main.o(.data)
    ZDA_DGet_Flag                            0x2000012a   Data           1  main.o(.data)
    SGPS_DGet_Flag                           0x2000012b   Data           1  main.o(.data)
    BD_DGet_Flag                             0x2000012c   Data           1  main.o(.data)
    BD_GGet_Flag                             0x2000012d   Data           1  main.o(.data)
    GST_TGet_Flag                            0x2000012e   Data           1  main.o(.data)
    ATT_DGet_Flag                            0x2000012f   Data           1  main.o(.data)
    INS_DGet_Flag                            0x20000130   Data           1  main.o(.data)
    GSV_DGet_Flag                            0x20000131   Data           1  main.o(.data)
    ANG_DGet_Flag                            0x20000132   Data           1  main.o(.data)
    ANG_FGet_Flag                            0x20000133   Data           1  main.o(.data)
    RSE_DGet_Flag                            0x20000134   Data           1  main.o(.data)
    RSE_FGet_Flag                            0x20000135   Data           1  main.o(.data)
    RSE_SGet_Flag                            0x20000136   Data           1  main.o(.data)
    Lat_Back                                 0x20000138   Data           8  main.o(.data)
    Lon_Back                                 0x20000140   Data           8  main.o(.data)
    Pitch_Back                               0x20000148   Data           2  main.o(.data)
    Roll_Back                                0x2000014a   Data           2  main.o(.data)
    Head_Back                                0x2000014c   Data           2  main.o(.data)
    NorthSouthBack                           0x2000014e   Data           1  main.o(.data)
    WestEastBack                             0x2000014f   Data           1  main.o(.data)
    ANG_Lock_Flag                            0x20000150   Data           1  main.o(.data)
    ANG_Kind_Flag                            0x20000151   Data           1  main.o(.data)
    POS_First_Flag                           0x20000152   Data           1  main.o(.data)
    MisAngleData                             0x20000154   Data           2  main.o(.data)
    Ini0_KindBack                            0x20000156   Data           1  main.o(.data)
    Ini0_RollBack                            0x20000158   Data           2  main.o(.data)
    Ini0_PitchBack                           0x2000015a   Data           2  main.o(.data)
    Ini0_KindNew                             0x2000015c   Data           1  main.o(.data)
    Ini0_RollNew                             0x2000015e   Data           2  main.o(.data)
    Ini0_PitchNew                            0x20000160   Data           2  main.o(.data)
    Uart_Kind                                0x20000162   Data           1  main.o(.data)
    User_Kind                                0x20000163   Data           1  main.o(.data)
    Debug_Flag                               0x20000164   Data           1  main.o(.data)
    Up_On_Flag                               0x20000165   Data           1  main.o(.data)
    Data_Sort                                0x20000166   Data           1  main.o(.data)
    Pass_Rx_Counter                          0x20000167   Data           1  main.o(.data)
    Pass_Rx_Max                              0x20000168   Data           1  main.o(.data)
    Up_Rx_Counter                            0x20000169   Data           1  main.o(.data)
    Up_Rx_Max                                0x2000016a   Data           1  main.o(.data)
    Key_Rx_Counter                           0x2000016b   Data           1  main.o(.data)
    Key_Rx_Max                               0x2000016c   Data           1  main.o(.data)
    IMUTGetFlag                              0x2000016d   Data           1  main.o(.data)
    Command_Tx_Max                           0x2000016e   Data           1  main.o(.data)
    Command_Rx_Max                           0x2000016f   Data           1  main.o(.data)
    Comm_Sort                                0x20000170   Data           1  main.o(.data)
    Data_Com_Flag                            0x20000171   Data           1  main.o(.data)
    AHRSComFlag                              0x20000172   Data           1  main.o(.data)
    COM_Flag                                 0x20000173   Data           1  main.o(.data)
    Flash_Wing_Flag                          0x20000174   Data           1  main.o(.data)
    Flash_Wirte_Flag                         0x20000175   Data           1  main.o(.data)
    Data_Flash_W_Flag                        0x20000176   Data           1  main.o(.data)
    Update_One                               0x20000177   Data           1  main.o(.data)
    Update_Two                               0x20000178   Data           1  main.o(.data)
    Update_Flash_W_Flag                      0x20000179   Data           1  main.o(.data)
    MAngle_Flash_W_Flag                      0x2000017a   Data           1  main.o(.data)
    SVersionH                                0x2000017c   Data           2  main.o(.data)
    SVersionL                                0x2000017e   Data           2  main.o(.data)
    HVersionH                                0x20000180   Data           2  main.o(.data)
    HVersionL                                0x20000182   Data           2  main.o(.data)
    HVersionS                                0x20000184   Data           2  main.o(.data)
    YZ_Acce_Deta                             0x20000188   Data           4  main.o(.data)
    YZ_Dece_Deta                             0x2000018c   Data           4  main.o(.data)
    YZ_Turn_Deta                             0x20000190   Data           4  main.o(.data)
    YZ_Turn_Anlge                            0x20000194   Data           4  main.o(.data)
    YZ_Lane_Deta                             0x20000198   Data           4  main.o(.data)
    YZ_Lane_Anlge                            0x2000019c   Data           4  main.o(.data)
    YZ_Coll_Deta                             0x200001a0   Data           4  main.o(.data)
    YZ_Stab_Deta                             0x200001a4   Data           4  main.o(.data)
    YZ_Stab_Time                             0x200001a8   Data           4  main.o(.data)
    YZ_Att_Deta                              0x200001ac   Data           4  main.o(.data)
    YZ_Att_Min_Deta                          0x200001b0   Data           4  main.o(.data)
    YZ_Att_Max_Deta                          0x200001b4   Data           4  main.o(.data)
    Scale                                    0x200001b8   Data           4  main.o(.data)
    pi                                       0x200001bc   Data           4  main.o(.data)
    pImuData                                 0x200001c0   Data           4  main.o(.data)
    pGnssData                                0x200001c4   Data           4  main.o(.data)
    IMUDataReady                             0x200001c8   Data           4  main.o(.data)
    GNSSDataReady                            0x200001cc   Data           4  main.o(.data)
    GNSSDataGetFlag                          0x200001d0   Data           4  main.o(.data)
    IMUDataGetFlag                           0x200001d4   Data           4  main.o(.data)
    error_code                               0x200001d8   Data           1  main.o(.data)
    Ddx_data                                 0x200001d9   Data           8  main.o(.data)
    Ttx_data                                 0x200001e1   Data           8  main.o(.data)
    time1                                    0x200001ec   Data           4  main.o(.data)
    time0                                    0x200001f0   Data           4  main.o(.data)
    Lowpow_Flag                              0x200001f4   Data           1  main.o(.data)
    Lowpow_Sleep                             0x200001f5   Data           1  main.o(.data)
    Choose_Lowpow_Flag                       0x200001f8   Data           4  main.o(.data)
    Lowpow_Check                             0x200001fc   Data           1  main.o(.data)
    lowpower_timer_start                     0x200001fd   Data           1  main.o(.data)
    lowpower_start                           0x200001fe   Data           1  main.o(.data)
    Lowpow_time                              0x20000200   Data           4  main.o(.data)
    lowpow                                   0x20000204   Data           1  main.o(.data)
    testcheck                                0x20000205   Data           1  main.o(.data)
    Message_Rx_Counter                       0x20000216   Data           1  stm32f4xx_it.o(.data)
    Message_Rx_Max                           0x20000217   Data           1  stm32f4xx_it.o(.data)
    check1                                   0x2000021c   Data           1  24cxx.o(.data)
    adress                                   0x2000021d   Data           1  24cxx.o(.data)
    ID                                       0x20000274   Data           1  getacc.o(.data)
    flag_init                                0x200003d0   Data           1  alpu-c-0ff.o(.data)
    EDR_Key_Base_delta                       0x200003d1   Data          16  alpu-c-0ff.o(.data)
    dec_key_base_delta                       0x200003e1   Data          24  alpu-c-0ff.o(.data)
    dec_access_count                         0x200003f9   Data           2  alpu-c-0ff.o(.data)
    user_serial0                             0x200003fb   Data           8  alpu-c-0ff.o(.data)
    user_serial1                             0x20000403   Data           8  alpu-c-0ff.o(.data)
    __microlib_freelist                      0x20000410   Data           4  mvars.o(.data)
    __microlib_freelist_initialised          0x20000414   Data           4  mvars.o(.data)
    IMU_SData                                0x20000438   Data         816  main.o(.bss)
    DAT_SData                                0x20000768   Data         168  main.o(.bss)
    m_IMUData                                0x20000810   Data         300  main.o(.bss)
    m_IMUDataB                               0x2000093c   Data         300  main.o(.bss)
    IMUTC_Data                               0x20000a68   Data          20  main.o(.bss)
    IMU_DATAT                                0x20000a7c   Data          60  main.o(.bss)
    Change_Data                              0x20000ab8   Data          50  main.o(.bss)
    m_GSPData                                0x20000aea   Data         900  main.o(.bss)
    m_GSPDataB                               0x20000e6e   Data         900  main.o(.bss)
    m_GPSpData                               0x200011f2   Data         180  main.o(.bss)
    m_RMCpData                               0x200012a6   Data         180  main.o(.bss)
    GPGGAData                                0x20001360   Data         144  main.o(.bss)
    GPRMCData                                0x200013f0   Data          88  main.o(.bss)
    GPVTGData                                0x20001448   Data          64  main.o(.bss)
    GPGSTData                                0x20001488   Data          16  main.o(.bss)
    GPGSAData                                0x20001498   Data          56  main.o(.bss)
    GPGSVData                                0x200014d0   Data         508  main.o(.bss)
    GPZDAData                                0x200016cc   Data          14  main.o(.bss)
    GGA_Rx_Data                              0x200016da   Data          20  main.o(.bss)
    GGA_Data                                 0x200016ee   Data          20  main.o(.bss)
    GGS_Data                                 0x20001702   Data          15  main.o(.bss)
    TDM_TX_Data                              0x20001711   Data         400  main.o(.bss)
    TDM_Rx_Data                              0x200018a1   Data          60  main.o(.bss)
    Pass_Rx_Data                             0x200018dd   Data          10  main.o(.bss)
    Up_Rx_Data                               0x200018e7   Data          10  main.o(.bss)
    Key_Rx_Data                              0x200018f1   Data          20  main.o(.bss)
    CPU_ID_Data                              0x20001905   Data          25  main.o(.bss)
    Flash_Rdata                              0x2000191e   Data         150  main.o(.bss)
    Flash_Wdata                              0x200019b4   Data         150  main.o(.bss)
    IMUDataBuffer                            0x20001a50   Data          64  main.o(.bss)
    GNSSDataBuffer                           0x20001a90   Data         160  main.o(.bss)
    GINavResult                              0x20001b30   Data         200  main.o(.bss)
    g_GsavInfo                               0x20001bf8   Data          24  main.o(.bss)
    datatemp                                 0x20001c10   Data          20  main.o(.bss)
    Message_Rx_Data                          0x20001c24   Data          12  stm32f4xx_it.o(.bss)
    pBlock                                   0x20002428   Data         180  gifilter.o(.bss)
    g_GINavInfo                              0x200024e0   Data        1656  globalvars.o(.bss)
    alpuc_tx_data                            0x20002c30   Data          16  alpu-c-0ff.o(.bss)
    alpuc_rx_data                            0x20002c40   Data          16  alpu-c-0ff.o(.bss)
    __heap_base                              0x20002c50   Data           0  startup_stm32f401xx.o(HEAP)
    __heap_limit                             0x20006250   Data           0  startup_stm32f401xx.o(HEAP)
    __initial_sp                             0x2000e450   Data           0  startup_stm32f401xx.o(STACK)



==============================================================================

Memory Map of the image

  Image Entry point : 0x08010195

  Load Region LR_IROM1 (Base: 0x08010000, Size: 0x00020b64, Max: 0x00040000, ABSOLUTE, COMPRESSED[0x000207a0])

    Execution Region ER_IROM1 (Base: 0x08010000, Size: 0x00020748, Max: 0x00040000, ABSOLUTE)

    Base Addr    Size         Type   Attr      Idx    E Section Name        Object

    0x08010000   0x00000194   Data   RO         4135    RESET               startup_stm32f401xx.o
    0x08010194   0x00000000   Code   RO         4704  * .ARM.Collect$$$$00000000  mc_w.l(entry.o)
    0x08010194   0x00000004   Code   RO         4809    .ARM.Collect$$$$00000001  mc_w.l(entry2.o)
    0x08010198   0x00000004   Code   RO         4812    .ARM.Collect$$$$00000004  mc_w.l(entry5.o)
    0x0801019c   0x00000000   Code   RO         4814    .ARM.Collect$$$$00000008  mc_w.l(entry7b.o)
    0x0801019c   0x00000000   Code   RO         4816    .ARM.Collect$$$$0000000A  mc_w.l(entry8b.o)
    0x0801019c   0x00000008   Code   RO         4817    .ARM.Collect$$$$0000000B  mc_w.l(entry9a.o)
    0x080101a4   0x00000000   Code   RO         4819    .ARM.Collect$$$$0000000D  mc_w.l(entry10a.o)
    0x080101a4   0x00000000   Code   RO         4821    .ARM.Collect$$$$0000000F  mc_w.l(entry11a.o)
    0x080101a4   0x00000004   Code   RO         4810    .ARM.Collect$$$$00002712  mc_w.l(entry2.o)
    0x080101a8   0x00000024   Code   RO         4136    .text               startup_stm32f401xx.o
    0x080101cc   0x000006b4   Code   RO         4600    .text               ALPU-C-0FF.lib(alpu-c-0ff.o)
    0x08010880   0x00000062   Code   RO         4707    .text               mc_w.l(uldiv.o)
    0x080108e2   0x00000002   PAD
    0x080108e4   0x00000024   Code   RO         4709    .text               mc_w.l(rand.o)
    0x08010908   0x00000024   Code   RO         4712    .text               mc_w.l(memcpya.o)
    0x0801092c   0x00000024   Code   RO         4714    .text               mc_w.l(memseta.o)
    0x08010950   0x0000001c   Code   RO         4716    .text               mc_w.l(strcmp.o)
    0x0801096c   0x0000001a   Code   RO         4748    .text               mc_w.l(atoi.o)
    0x08010986   0x0000014e   Code   RO         4750    .text               mf_w.l(dadd.o)
    0x08010ad4   0x000000e4   Code   RO         4752    .text               mf_w.l(dmul.o)
    0x08010bb8   0x000000de   Code   RO         4754    .text               mf_w.l(ddiv.o)
    0x08010c96   0x00000022   Code   RO         4758    .text               mf_w.l(dflti.o)
    0x08010cb8   0x0000001a   Code   RO         4760    .text               mf_w.l(dfltui.o)
    0x08010cd2   0x0000003e   Code   RO         4762    .text               mf_w.l(dfixi.o)
    0x08010d10   0x00000032   Code   RO         4764    .text               mf_w.l(dfixui.o)
    0x08010d42   0x00000030   Code   RO         4766    .text               mf_w.l(dfixul.o)
    0x08010d72   0x00000026   Code   RO         4768    .text               mf_w.l(f2d.o)
    0x08010d98   0x00000030   Code   RO         4770    .text               mf_w.l(cdcmple.o)
    0x08010dc8   0x00000030   Code   RO         4772    .text               mf_w.l(cdrcmple.o)
    0x08010df8   0x00000038   Code   RO         4774    .text               mf_w.l(d2f.o)
    0x08010e30   0x0000001e   Code   RO         4823    .text               mc_w.l(llshl.o)
    0x08010e4e   0x00000020   Code   RO         4825    .text               mc_w.l(llushr.o)
    0x08010e6e   0x00000024   Code   RO         4827    .text               mc_w.l(llsshr.o)
    0x08010e92   0x00000002   PAD
    0x08010e94   0x0000009c   Code   RO         4838    .text               mc_w.l(strtod.o)
    0x08010f30   0x00000070   Code   RO         4840    .text               mc_w.l(strtol.o)
    0x08010fa0   0x00000000   Code   RO         4842    .text               mc_w.l(iusefp.o)
    0x08010fa0   0x0000006e   Code   RO         4843    .text               mf_w.l(fepilogue.o)
    0x0801100e   0x000000ba   Code   RO         4845    .text               mf_w.l(depilogue.o)
    0x080110c8   0x000000a2   Code   RO         4847    .text               mf_w.l(dsqrt.o)
    0x0801116a   0x00000002   PAD
    0x0801116c   0x00000024   Code   RO         4849    .text               mc_w.l(init.o)
    0x08011190   0x00000008   Code   RO         4853    .text               mc_w.l(ctype_o.o)
    0x08011198   0x00000012   Code   RO         4875    .text               mc_w.l(isspace_o.o)
    0x080111aa   0x00000002   PAD
    0x080111ac   0x00000338   Code   RO         4881    .text               mc_w.l(scanf_fp.o)
    0x080114e4   0x00000040   Code   RO         4885    .text               mc_w.l(_sgetc.o)
    0x08011524   0x0000009e   Code   RO         4887    .text               mc_w.l(_strtoul.o)
    0x080115c2   0x0000001c   Code   RO         4892    .text               mc_w.l(_chval.o)
    0x080115de   0x00000018   Code   RO         4894    .text               mf_w.l(dfltul.o)
    0x080115f6   0x00000056   Code   RO         4904    .text               mc_w.l(__dczerorl2.o)
    0x0801164c   0x000000a0   Code   RO         3436    i.Acc_Ini           getacc.o
    0x080116ec   0x000001b0   Code   RO         4243    i.AddMtxMt          basicfunc.o
    0x0801189c   0x000001b0   Code   RO         4245    i.AddMxMt           basicfunc.o
    0x08011a4c   0x00000264   Code   RO         4246    i.AddMxMtxMt        basicfunc.o
    0x08011cb0   0x00000264   Code   RO         4247    i.AddMxMxMt         basicfunc.o
    0x08011f14   0x00000122   Code   RO         4248    i.Addequal          basicfunc.o
    0x08012036   0x00000002   PAD
    0x08012038   0x00000844   Code   RO         3182    i.Analyse_GpsData   getnass.o
    0x0801287c   0x00000070   Code   RO         2558    i.ApluCode          main.o
    0x080128ec   0x00000134   Code   RO         3437    i.BMI160_Ini        getacc.o
    0x08012a20   0x00000034   Code   RO         3061    i.Buftodouble       stmflash.o
    0x08012a54   0x0000017c   Code   RO         4249    i.CM2Euler          basicfunc.o
    0x08012bd0   0x000001c2   Code   RO         4251    i.CMRotation        basicfunc.o
    0x08012d92   0x00000002   PAD
    0x08012d94   0x0000020c   Code   RO         4372    i.ChangeGstDeta     gifilter.o
    0x08012fa0   0x000000d0   Code   RO         3746    i.Change_SensorData  getimu.o
    0x08013070   0x00000074   Code   RO         3747    i.Change_Time       getimu.o
    0x080130e4   0x000000a8   Code   RO         4142    i.Check_Lock_Code   encryptid.o
    0x0801318c   0x00000060   Code   RO         3438    i.Checkout_2Pi      getacc.o
    0x080131ec   0x0000003c   Code   RO         3577    i.Checkout_PGyr     getgyr.o
    0x08013228   0x00000040   Code   RO         3439    i.Checkout_Pi       getacc.o
    0x08013268   0x0000003c   Code   RO         3578    i.Checkout_RGyr     getgyr.o
    0x080132a4   0x0000003c   Code   RO         3579    i.Checkout_YGyr     getgyr.o
    0x080132e0   0x00000038   Code   RO         3440    i.Checkout_a2g      getacc.o
    0x08013318   0x00000038   Code   RO         3441    i.Checkout_p2g      getacc.o
    0x08013350   0x00000038   Code   RO         3442    i.Checkout_r2g      getacc.o
    0x08013388   0x00000048   Code   RO         2375    i.Com2SendData      commdata.o
    0x080133d0   0x000002fc   Code   RO         2376    i.Command_Handle    commdata.o
    0x080136cc   0x000002dc   Code   RO         4516    i.ConfirmHeading    insalign.o
    0x080139a8   0x00000024   Code   RO         3443    i.Convert_Acc_Data  getacc.o
    0x080139cc   0x0000005c   Code   RO         3580    i.ConvertorGyrData  getgyr.o
    0x08013a28   0x0000006c   Code   RO         3444    i.ConvertorPAcc     getacc.o
    0x08013a94   0x00000078   Code   RO         3445    i.ConvertorPAngle   getacc.o
    0x08013b0c   0x00000078   Code   RO         3446    i.ConvertorRAcc     getacc.o
    0x08013b84   0x000000c4   Code   RO         3447    i.ConvertorRAngle   getacc.o
    0x08013c48   0x00000078   Code   RO         3448    i.ConvertorZAcc     getacc.o
    0x08013cc0   0x00000208   Code   RO         3449    i.CoordChangeA      getacc.o
    0x08013ec8   0x00000208   Code   RO         3581    i.CoordChangeG      getgyr.o
    0x080140d0   0x0000002c   Code   RO         2649    i.DMA2_Stream7_IRQHandler  stm32f4xx_it.o
    0x080140fc   0x00000034   Code   RO         2013    i.DMA_ClearFlag     stm32f4xx_dma.o
    0x08014130   0x00000016   Code   RO         2015    i.DMA_Cmd           stm32f4xx_dma.o
    0x08014146   0x00000002   PAD
    0x08014148   0x00000158   Code   RO         2016    i.DMA_DeInit        stm32f4xx_dma.o
    0x080142a0   0x0000007c   Code   RO         2650    i.DMA_Finish        stm32f4xx_it.o
    0x0801431c   0x00000014   Code   RO         2020    i.DMA_GetCmdStatus  stm32f4xx_dma.o
    0x08014330   0x00000044   Code   RO         2024    i.DMA_GetFlagStatus  stm32f4xx_dma.o
    0x08014374   0x0000003a   Code   RO         2026    i.DMA_ITConfig      stm32f4xx_dma.o
    0x080143ae   0x00000002   PAD
    0x080143b0   0x00000058   Code   RO         2027    i.DMA_Init          stm32f4xx_dma.o
    0x08014408   0x00000038   Code   RO         3232    i.DataJudge         getgps.o
    0x08014440   0x00000030   Code   RO         4163    i.DataProcerInit    dataproc.o
    0x08014470   0x0000001c   Code   RO         3062    i.Data_Flash_Decode  stmflash.o
    0x0801448c   0x00000090   Code   RO         3063    i.Data_Flash_Save   stmflash.o
    0x0801451c   0x0000016c   Code   RO         2559    i.Data_Ini          main.o
    0x08014688   0x00000048   Code   RO         3748    i.Data_Synch        getimu.o
    0x080146d0   0x00000560   Code   RO         4548    i.DynamicModeIdentify  insnav.o
    0x08014c30   0x00000034   Code   RO         4073    i.EEPROM_Check      eeprom.o
    0x08014c64   0x0000005c   Code   RO         4077    i.EEPROM_ReadOneByte  eeprom.o
    0x08014cc0   0x00000024   Code   RO         4078    i.EEPROM_Write      eeprom.o
    0x08014ce4   0x00000054   Code   RO         4080    i.EEPROM_WriteOneByte  eeprom.o
    0x08014d38   0x00000040   Code   RO         2651    i.EXTI0_IRQHandler  stm32f4xx_it.o
    0x08014d78   0x00000026   Code   RO         2652    i.EXTI15_10_IRQHandler  stm32f4xx_it.o
    0x08014d9e   0x00000028   Code   RO         2794    i.EXTIX_Init        hw_config.o
    0x08014dc6   0x00000002   PAD
    0x08014dc8   0x0000000c   Code   RO         2192    i.EXTI_ClearITPendingBit  stm32f4xx_exti.o
    0x08014dd4   0x00000018   Code   RO         2196    i.EXTI_GetITStatus  stm32f4xx_exti.o
    0x08014dec   0x00000094   Code   RO         2197    i.EXTI_Init         stm32f4xx_exti.o
    0x08014e80   0x00000284   Code   RO         4252    i.Euler2Quat        basicfunc.o
    0x08015104   0x00000024   Code   RO         1760    i.FLASH_DataCacheCmd  stm32f4xx_flash.o
    0x08015128   0x00000088   Code   RO         1765    i.FLASH_EraseSector  stm32f4xx_flash.o
    0x080151b0   0x00000054   Code   RO         1767    i.FLASH_GetStatus   stm32f4xx_flash.o
    0x08015204   0x00000014   Code   RO         1771    i.FLASH_Lock        stm32f4xx_flash.o
    0x08015218   0x00000050   Code   RO         1795    i.FLASH_ProgramWord  stm32f4xx_flash.o
    0x08015268   0x00000024   Code   RO         1797    i.FLASH_Unlock      stm32f4xx_flash.o
    0x0801528c   0x00000022   Code   RO         1798    i.FLASH_WaitForLastOperation  stm32f4xx_flash.o
    0x080152ae   0x00000002   PAD
    0x080152b0   0x0000005c   Code   RO         3233    i.Flag_Clear        getgps.o
    0x0801530c   0x000006e4   Code   RO         4373    i.GIKFBatchSolution  gifilter.o
    0x080159f0   0x00000664   Code   RO         4374    i.GIKFCalcPHIMatrix  gifilter.o
    0x08016054   0x0000049c   Code   RO         4375    i.GIKFCheckGIResult  gifilter.o
    0x080164f0   0x000003d4   Code   RO         4376    i.GIKFCheckPMatrix  gifilter.o
    0x080168c4   0x0000066c   Code   RO         4377    i.GIKFINSErrorFix   gifilter.o
    0x08016f30   0x00000080   Code   RO         4378    i.GIKFInit          gifilter.o
    0x08016fb0   0x00000094   Code   RO         4379    i.GIKFInitPMatrix   gifilter.o
    0x08017044   0x00000058   Code   RO         4380    i.GIKFModularizePMatrix  gifilter.o
    0x0801709c   0x000007e8   Code   RO         4381    i.GIKFPredictPMatrix  gifilter.o
    0x08017884   0x0000062c   Code   RO         4382    i.GIKFUpdateByGNSS  gifilter.o
    0x08017eb0   0x000004a4   Code   RO         4196    i.GINavInit         ginavmain.o
    0x08018354   0x00000b54   Code   RO         4197    i.GINavProc         ginavmain.o
    0x08018ea8   0x000001ac   Code   RO         2795    i.GPIO_Configuration  hw_config.o
    0x08019054   0x00000090   Code   RO          134    i.GPIO_Init         stm32f4xx_gpio.o
    0x080190e4   0x00000046   Code   RO          135    i.GPIO_PinAFConfig  stm32f4xx_gpio.o
    0x0801912a   0x00000004   Code   RO          141    i.GPIO_ResetBits    stm32f4xx_gpio.o
    0x0801912e   0x00000004   Code   RO          142    i.GPIO_SetBits      stm32f4xx_gpio.o
    0x08019132   0x00000002   PAD
    0x08019134   0x00000024   Code   RO         3234    i.GPS_Rate_Config   getgps.o
    0x08019158   0x00000718   Code   RO         3871    i.GetAngle          sendgps.o
    0x08019870   0x00000680   Code   RO         3872    i.GetAngleDis       sendgps.o
    0x08019ef0   0x00000060   Code   RO         2377    i.GetCrcData        commdata.o
    0x08019f50   0x000000a4   Code   RO         3183    i.GetDiffAgeData    getnass.o
    0x08019ff4   0x0000008e   Code   RO         3235    i.GetField          getgps.o
    0x0801a082   0x00000002   PAD
    0x0801a084   0x0000001c   Code   RO         4164    i.GetGNSSData       dataproc.o
    0x0801a0a0   0x00000964   Code   RO         3873    i.GetGPRMC          sendgps.o
    0x0801aa04   0x00000690   Code   RO         3874    i.GetGPVTG          sendgps.o
    0x0801b094   0x000003b4   Code   RO         3875    i.GetGPZDA          sendgps.o
    0x0801b448   0x0000001c   Code   RO         4165    i.GetIMUData        dataproc.o
    0x0801b464   0x00000a78   Code   RO         3876    i.GetLGPGGA         sendgps.o
    0x0801bedc   0x0000014c   Code   RO         4255    i.GetLocalGravity   basicfunc.o
    0x0801c028   0x00000158   Code   RO         4256    i.GetNavFrameQuat   basicfunc.o
    0x0801c180   0x00000084   Code   RO         4387    i.GetQMatrix        gifilter.o
    0x0801c204   0x0000005c   Code   RO         3877    i.GetRMCData        sendgps.o
    0x0801c260   0x00000088   Code   RO         3749    i.GetUTCTime        getimu.o
    0x0801c2e8   0x0000013c   Code   RO         3450    i.Get_Acc_XYZ       getacc.o
    0x0801c424   0x000000b8   Code   RO         3451    i.Get_Angle_XYZ     getacc.o
    0x0801c4dc   0x00000094   Code   RO         3750    i.Get_BMI055_Data   getimu.o
    0x0801c570   0x00000078   Code   RO         3452    i.Get_BMI160A_Data  getacc.o
    0x0801c5e8   0x00000070   Code   RO         3582    i.Get_BMI160G_Data  getgyr.o
    0x0801c658   0x000003a0   Code   RO         3236    i.Get_GGA_RMC_GST   getgps.o
    0x0801c9f8   0x000000c4   Code   RO         3237    i.Get_GSA_GAV       getgps.o
    0x0801cabc   0x000000b8   Code   RO         3238    i.Get_RMC_Data      getgps.o
    0x0801cb74   0x000000fc   Code   RO         3583    i.Get_Rate_Data     getgyr.o
    0x0801cc70   0x000000ac   Code   RO         3584    i.Get_Yaw_Data      getgyr.o
    0x0801cd1c   0x000012cc   Code   RO         4497    i.GnssEvaluation    gnss.o
    0x0801dfe8   0x00000030   Code   RO         3240    i.GpsBautConfig     getgps.o
    0x0801e018   0x000006e0   Code   RO         3241    i.GpsConfig2        getgps.o
    0x0801e6f8   0x000000e8   Code   RO         3242    i.GpsGLOpen         getgps.o
    0x0801e7e0   0x00000150   Code   RO         3243    i.GpsGsvClose       getgps.o
    0x0801e930   0x00000150   Code   RO         3244    i.GpsGsvOpen        getgps.o
    0x0801ea80   0x000000b8   Code   RO         3245    i.Gps_Receive_Handle  getgps.o
    0x0801eb38   0x00000038   Code   RO         3585    i.Gyr_Ini           getgyr.o
    0x0801eb70   0x00000110   Code   RO         4549    i.HandleCompensate  insnav.o
    0x0801ec80   0x000002a0   Code   RO         3246    i.HandleGGAOn       getgps.o
    0x0801ef20   0x00000016   Code   RO         3247    i.HandleGpsData     getgps.o
    0x0801ef36   0x00000002   PAD
    0x0801ef38   0x00000030   Code   RO         3248    i.HandleGpsIni      getgps.o
    0x0801ef68   0x00000f58   Code   RO         2378    i.HandleKeyOn       commdata.o
    0x0801fec0   0x000000f0   Code   RO         2379    i.HandlePassOn      commdata.o
    0x0801ffb0   0x000000c0   Code   RO         2380    i.HandleUpdata      commdata.o
    0x08020070   0x00000068   Code   RO         2381    i.HandleUserData    commdata.o
    0x080200d8   0x00000088   Code   RO         2653    i.Handle_Ini        stm32f4xx_it.o
    0x08020160   0x00000008   Code   RO         2796    i.I2C_Configuration  hw_config.o
    0x08020168   0x00000054   Code   RO         3659    i.IIC_Ack           myiic.o
    0x080201bc   0x00000070   Code   RO         3660    i.IIC_Init          myiic.o
    0x0802022c   0x00000054   Code   RO         3661    i.IIC_NAck          myiic.o
    0x08020280   0x0000006c   Code   RO         3662    i.IIC_Read_Byte     myiic.o
    0x080202ec   0x00000068   Code   RO         3663    i.IIC_Send_Byte     myiic.o
    0x08020354   0x00000054   Code   RO         3664    i.IIC_Start         myiic.o
    0x080203a8   0x0000005c   Code   RO         3665    i.IIC_Stop          myiic.o
    0x08020404   0x00000064   Code   RO         3666    i.IIC_Wait_Ack      myiic.o
    0x08020468   0x000000b0   Code   RO         3751    i.IMDAT_Deal        getimu.o
    0x08020518   0x000001e8   Code   RO         4550    i.IMUCompensate     insnav.o
    0x08020700   0x0000035c   Code   RO         3752    i.IMUData_Deal      getimu.o
    0x08020a5c   0x0000011c   Code   RO         3754    i.IMU_ALL_DMA       getimu.o
    0x08020b78   0x00000e58   Code   RO         4517    i.INSAlign          insalign.o
    0x080219d0   0x000040bc   Code   RO         4551    i.INSUpdate         insnav.o
    0x08025a8c   0x00000010   Code   RO         2143    i.IWDG_ReloadCounter  stm32f4xx_iwdg.o
    0x08025a9c   0x00000290   Code   RO         4518    i.InitGyroBias      insalign.o
    0x08025d2c   0x00001540   Code   RO         4552    i.InitInstallMat    insnav.o
    0x0802726c   0x00000104   Code   RO         3453    i.Interrupt_Any_motion  getacc.o
    0x08027370   0x00000150   Code   RO         2654    i.Message_Ack_handle  stm32f4xx_it.o
    0x080274c0   0x00000244   Code   RO         3064    i.MisAngle_Flash_Decode  stmflash.o
    0x08027704   0x00000218   Code   RO         3065    i.MisAngle_Flash_INI  stmflash.o
    0x0802791c   0x00000094   Code   RO         3066    i.MisAngle_Flash_Save  stmflash.o
    0x080279b0   0x000000e4   Code   RO         2797    i.NVIC_Configuration  hw_config.o
    0x08027a94   0x000000a0   Code   RO         2798    i.NVIC_ConfigurationDis  hw_config.o
    0x08027b34   0x00000078   Code   RO            3    i.NVIC_Init         misc.o
    0x08027bac   0x00000014   Code   RO            4    i.NVIC_PriorityGroupConfig  misc.o
    0x08027bc0   0x00000014   Code   RO            5    i.NVIC_SetVectorTable  misc.o
    0x08027bd4   0x00000178   Code   RO         4258    i.NormQuat          basicfunc.o
    0x08027d4c   0x00000014   Code   RO         2255    i.PWR_ClearFlag     stm32f4xx_pwr.o
    0x08027d60   0x00000028   Code   RO         2257    i.PWR_EnterSTANDBYMode  stm32f4xx_pwr.o
    0x08027d88   0x00000044   Code   RO         2258    i.PWR_EnterSTOPMode  stm32f4xx_pwr.o
    0x08027dcc   0x0000000c   Code   RO         2270    i.PWR_WakeUpPinCmd  stm32f4xx_pwr.o
    0x08027dd8   0x00000068   Code   RO         3878    i.Pack_GnssData     sendgps.o
    0x08027e40   0x000002b0   Code   RO         3755    i.Pack_IMUData      getimu.o
    0x080280f0   0x000000dc   Code   RO         3879    i.Pack_Send_Debug   sendgps.o
    0x080281cc   0x000001b8   Code   RO         3067    i.Para_Data_Protection  stmflash.o
    0x08028384   0x000000e0   Code   RO         3068    i.Para_Flash_Decode  stmflash.o
    0x08028464   0x000000c8   Code   RO         3069    i.Para_Flash_INI    stmflash.o
    0x0802852c   0x000000e4   Code   RO         3881    i.ProcessAgeTOA     sendgps.o
    0x08028610   0x00000048   Code   RO         3756    i.ProcessCheckIMU   getimu.o
    0x08028658   0x00000048   Code   RO         3882    i.ProcessCheckResult  sendgps.o
    0x080286a0   0x00000074   Code   RO         3883    i.ProcessCheckToA   sendgps.o
    0x08028714   0x00000074   Code   RO         3757    i.ProcessCheckToAIMU  getimu.o
    0x08028788   0x0000036c   Code   RO         3249    i.ProcessCommand    getgps.o
    0x08028af4   0x0000044c   Code   RO         3250    i.ProcessGPGGA      getgps.o
    0x08028f40   0x00000128   Code   RO         3251    i.ProcessGPGSA      getgps.o
    0x08029068   0x000000e8   Code   RO         3252    i.ProcessGPGST      getgps.o
    0x08029150   0x00000160   Code   RO         3253    i.ProcessGPGSV      getgps.o
    0x080292b0   0x00000440   Code   RO         3254    i.ProcessGPRMC      getgps.o
    0x080296f0   0x000001a8   Code   RO         3255    i.ProcessGPVTG      getgps.o
    0x08029898   0x00000198   Code   RO         3256    i.ProcessGPZDA      getgps.o
    0x08029a30   0x000000ac   Code   RO         3884    i.ProcessIITOA      sendgps.o
    0x08029adc   0x00000050   Code   RO         3885    i.ProcessITOA       sendgps.o
    0x08029b2c   0x00000050   Code   RO         3758    i.ProcessITOAH      getimu.o
    0x08029b7c   0x00000074   Code   RO         3759    i.ProcessITOAM      getimu.o
    0x08029bf0   0x0000029c   Code   RO         3887    i.ProcessLatToA     sendgps.o
    0x08029e8c   0x000002b4   Code   RO         3888    i.ProcessLongToA    sendgps.o
    0x0802a140   0x00000188   Code   RO         3257    i.ProcessNMEA       getgps.o
    0x0802a2c8   0x0000093c   Code   RO         3890    i.ProcessSFTOA      sendgps.o
    0x0802ac04   0x0000098c   Code   RO         3891    i.ProcessSSFTOA     sendgps.o
    0x0802b590   0x000000ac   Code   RO         2382    i.ProcessVTOA       commdata.o
    0x0802b63c   0x00000400   Code   RO         3892    i.ProcessZLSFTOA    sendgps.o
    0x0802ba3c   0x00000354   Code   RO         4259    i.Quat2CM           basicfunc.o
    0x0802bd90   0x000003a8   Code   RO         4260    i.QuatMulti         basicfunc.o
    0x0802c138   0x00000020   Code   RO          231    i.RCC_AHB1PeriphClockCmd  stm32f4xx_rcc.o
    0x0802c158   0x00000020   Code   RO          240    i.RCC_APB1PeriphClockCmd  stm32f4xx_rcc.o
    0x0802c178   0x00000020   Code   RO          243    i.RCC_APB2PeriphClockCmd  stm32f4xx_rcc.o
    0x0802c198   0x00000030   Code   RO         2799    i.RCC_Configuration  hw_config.o
    0x0802c1c8   0x000000e8   Code   RO          252    i.RCC_GetClocksFreq  stm32f4xx_rcc.o
    0x0802c2b0   0x000003ec   Code   RO         4261    i.RotVec2Quat       basicfunc.o
    0x0802c69c   0x0000003c   Code   RO         3038    i.SPI_ADS_SendData  spi.o
    0x0802c6d8   0x00000018   Code   RO         1039    i.SPI_Cmd           stm32f4xx_spi.o
    0x0802c6f0   0x00000054   Code   RO         2800    i.SPI_Configuration  hw_config.o
    0x0802c744   0x00000012   Code   RO         1047    i.SPI_I2S_GetFlagStatus  stm32f4xx_spi.o
    0x0802c756   0x00000006   Code   RO         1050    i.SPI_I2S_ReceiveData  stm32f4xx_spi.o
    0x0802c75c   0x00000004   Code   RO         1051    i.SPI_I2S_SendData  stm32f4xx_spi.o
    0x0802c760   0x0000003c   Code   RO         1052    i.SPI_Init          stm32f4xx_spi.o
    0x0802c79c   0x000000a0   Code   RO         3070    i.STMFLASH_GetFlashSector  stmflash.o
    0x0802c83c   0x00000020   Code   RO         3071    i.STMFLASH_Read     stmflash.o
    0x0802c85c   0x00000006   Code   RO         3072    i.STMFLASH_ReadWord  stmflash.o
    0x0802c862   0x00000002   PAD
    0x0802c864   0x000000b0   Code   RO         3073    i.STMFLASH_Write    stmflash.o
    0x0802c914   0x00000040   Code   RO          568    i.SYSCFG_EXTILineConfig  stm32f4xx_syscfg.o
    0x0802c954   0x00000040   Code   RO         3258    i.SaveGpsData       getgps.o
    0x0802c994   0x000000f4   Code   RO         3760    i.Save_ALLIMUData   getimu.o
    0x0802ca88   0x000000b8   Code   RO         3761    i.Save_DATData      getimu.o
    0x0802cb40   0x000000dc   Code   RO         3762    i.Save_IMUData      getimu.o
    0x0802cc1c   0x000006e4   Code   RO         3259    i.SendConfigMessage  getgps.o
    0x0802d300   0x000004b8   Code   RO         2383    i.SendData          commdata.o
    0x0802d7b8   0x0000001c   Code   RO         2801    i.SendDriver        hw_config.o
    0x0802d7d4   0x000000a0   Code   RO         2384    i.SendText          commdata.o
    0x0802d874   0x000003b8   Code   RO         2385    i.SendVersion       commdata.o
    0x0802dc2c   0x00000050   Code   RO         3260    i.Send_GPSData      getgps.o
    0x0802dc7c   0x00000064   Code   RO         3893    i.Send_GSAData      sendgps.o
    0x0802dce0   0x000000d4   Code   RO         3894    i.Send_GnssData     sendgps.o
    0x0802ddb4   0x000001a0   Code   RO         3763    i.Send_IMUData      getimu.o
    0x0802df54   0x00000048   Code   RO         2386    i.SerialPutChar     commdata.o
    0x0802df9c   0x00000016   Code   RO         2387    i.Serial_PutString  commdata.o
    0x0802dfb2   0x00000002   PAD
    0x0802dfb4   0x000000e8   Code   RO         2757    i.SetSysClock       system_stm32f4xx.o
    0x0802e09c   0x0000002c   Code   RO         2802    i.Set_System        hw_config.o
    0x0802e0c8   0x00000078   Code   RO         4388    i.SigmaJudge        gifilter.o
    0x0802e140   0x00000034   Code   RO         3074    i.SoftReset         stmflash.o
    0x0802e174   0x00000028   Code   RO            7    i.SysTick_CLKSourceConfig  misc.o
    0x0802e19c   0x00000068   Code   RO         2759    i.SystemInit        system_stm32f4xx.o
    0x0802e204   0x00000034   Code   RO         2655    i.TIM2_IRQHandler   stm32f4xx_it.o
    0x0802e238   0x000000a0   Code   RO         2803    i.TIM3_Configuration  hw_config.o
    0x0802e2d8   0x000000b0   Code   RO         2656    i.TIM3_IRQHandler   stm32f4xx_it.o
    0x0802e388   0x00000006   Code   RO         1208    i.TIM_ClearITPendingBit  stm32f4xx_tim.o
    0x0802e38e   0x00000018   Code   RO         1213    i.TIM_Cmd           stm32f4xx_tim.o
    0x0802e3a6   0x00000012   Code   RO         1238    i.TIM_ITConfig      stm32f4xx_tim.o
    0x0802e3b8   0x00000084   Code   RO         1285    i.TIM_TimeBaseInit  stm32f4xx_tim.o
    0x0802e43c   0x00000184   Code   RO         4262    i.TriangleMatInv    basicfunc.o
    0x0802e5c0   0x00000034   Code   RO         2657    i.USART1_IRQHandler  stm32f4xx_it.o
    0x0802e5f4   0x0000003c   Code   RO         2658    i.USART2_IRQHandler  stm32f4xx_it.o
    0x0802e630   0x0000002c   Code   RO         2659    i.USART6_IRQHandler  stm32f4xx_it.o
    0x0802e65c   0x00000012   Code   RO          621    i.USART_ClearFlag   stm32f4xx_usart.o
    0x0802e66e   0x0000001e   Code   RO          622    i.USART_ClearITPendingBit  stm32f4xx_usart.o
    0x0802e68c   0x00000018   Code   RO          625    i.USART_Cmd         stm32f4xx_usart.o
    0x0802e6a4   0x00000130   Code   RO         2804    i.USART_Configuration  hw_config.o
    0x0802e7d4   0x00000012   Code   RO          626    i.USART_DMACmd      stm32f4xx_usart.o
    0x0802e7e6   0x00000002   PAD
    0x0802e7e8   0x00000084   Code   RO         2805    i.USART_DMA_TX_Configuration  hw_config.o
    0x0802e86c   0x0000001a   Code   RO          628    i.USART_GetFlagStatus  stm32f4xx_usart.o
    0x0802e886   0x00000054   Code   RO          629    i.USART_GetITStatus  stm32f4xx_usart.o
    0x0802e8da   0x0000004a   Code   RO          631    i.USART_ITConfig    stm32f4xx_usart.o
    0x0802e924   0x000000d4   Code   RO          632    i.USART_Init        stm32f4xx_usart.o
    0x0802e9f8   0x0000000a   Code   RO          639    i.USART_ReceiveData  stm32f4xx_usart.o
    0x0802ea02   0x00000008   Code   RO          642    i.USART_SendData    stm32f4xx_usart.o
    0x0802ea0a   0x00000002   PAD
    0x0802ea0c   0x0000001c   Code   RO         3075    i.Update_Flash_INI  stmflash.o
    0x0802ea28   0x00000064   Code   RO         3076    i.Update_Flash_Save  stmflash.o
    0x0802ea8c   0x00000030   Code   RO         4793    i.__ARM_fpclassify  m_wm.l(fpclassify.o)
    0x0802eabc   0x00000008   Code   RO         4831    i.__aeabi_errno_addr  mc_w.l(errno.o)
    0x0802eac4   0x00000004   PAD
    0x0802eac8   0x00000360   Code   RO         4616    i.__hardfp_asin     m_wm.l(asin.o)
    0x0802ee28   0x000002d8   Code   RO         4630    i.__hardfp_atan     m_wm.l(atan.o)
    0x0802f100   0x000001f0   Code   RO         4644    i.__hardfp_atan2    m_wm.l(atan2.o)
    0x0802f2f0   0x00000038   Code   RO         4656    i.__hardfp_atof     m_wm.l(atof.o)
    0x0802f328   0x000000c8   Code   RO         4662    i.__hardfp_cos      m_wm.l(cos.o)
    0x0802f3f0   0x00000014   Code   RO         4674    i.__hardfp_fabs     m_wm.l(fabs.o)
    0x0802f404   0x00000004   PAD
    0x0802f408   0x000000c8   Code   RO         4680    i.__hardfp_sin      m_wm.l(sin.o)
    0x0802f4d0   0x0000007a   Code   RO         4692    i.__hardfp_sqrt     m_wm.l(sqrt.o)
    0x0802f54a   0x00000006   PAD
    0x0802f550   0x00000438   Code   RO         4798    i.__ieee754_rem_pio2  m_wm.l(rred.o)
    0x0802f988   0x00000170   Code   RO         4776    i.__kernel_cos      m_wm.l(cos_i.o)
    0x0802faf8   0x000000f8   Code   RO         4795    i.__kernel_poly     m_wm.l(poly.o)
    0x0802fbf0   0x00000130   Code   RO         4803    i.__kernel_sin      m_wm.l(sin_i.o)
    0x0802fd20   0x00000014   Code   RO         4780    i.__mathlib_dbl_infnan  m_wm.l(dunder.o)
    0x0802fd34   0x00000014   Code   RO         4781    i.__mathlib_dbl_infnan2  m_wm.l(dunder.o)
    0x0802fd48   0x00000020   Code   RO         4782    i.__mathlib_dbl_invalid  m_wm.l(dunder.o)
    0x0802fd68   0x00000020   Code   RO         4785    i.__mathlib_dbl_underflow  m_wm.l(dunder.o)
    0x0802fd88   0x0000000c   Code   RO         4832    i.__read_errno      mc_w.l(errno.o)
    0x0802fd94   0x0000000e   Code   RO         4898    i.__scatterload_copy  mc_w.l(handlers.o)
    0x0802fda2   0x00000002   Code   RO         4899    i.__scatterload_null  mc_w.l(handlers.o)
    0x0802fda4   0x0000000e   Code   RO         4900    i.__scatterload_zeroinit  mc_w.l(handlers.o)
    0x0802fdb2   0x00000002   PAD
    0x0802fdb4   0x0000000c   Code   RO         4833    i.__set_errno       mc_w.l(errno.o)
    0x0802fdc0   0x0000000c   Code   RO         2900    i._alpu_delay_ms    24cxx.o
    0x0802fdcc   0x00000044   Code   RO         2901    i._alpu_rand        24cxx.o
    0x0802fe10   0x00000050   Code   RO         2902    i._i2c_read         24cxx.o
    0x0802fe60   0x0000004a   Code   RO         2903    i._i2c_write        24cxx.o
    0x0802feaa   0x0000000e   Code   RO         4883    i._is_digit         mc_w.l(scanf_fp.o)
    0x0802feb8   0x00000010   Code   RO         4632    i.atan              m_wm.l(atan.o)
    0x0802fec8   0x0000003c   Code   RO         2995    i.delay_init        delay.o
    0x0802ff04   0x00000038   Code   RO         2996    i.delay_ms          delay.o
    0x0802ff3c   0x0000004c   Code   RO         2997    i.delay_us          delay.o
    0x0802ff88   0x0000004c   Code   RO         2998    i.delay_xms         delay.o
    0x0802ffd4   0x00000018   Code   RO         4676    i.fabs              m_wm.l(fabs.o)
    0x0802ffec   0x00000050   Code   RO         4720    i.free              mc_w.l(malloc.o)
    0x0803003c   0x000001b8   Code   RO         2560    i.main              main.o
    0x080301f4   0x0000006c   Code   RO         4721    i.malloc            mc_w.l(malloc.o)
    0x08030260   0x0000006e   Code   RO         4694    i.sqrt              m_wm.l(sqrt.o)
    0x080302ce   0x0000000a   Data   RO         2562    .constdata          main.o
    0x080302d8   0x00000010   Data   RO         4263    .constdata          basicfunc.o
    0x080302e8   0x00000010   Data   RO         4390    .constdata          gifilter.o
    0x080302f8   0x00000030   Data   RO         4555    .constdata          insnav.o
    0x08030328   0x00000050   Data   RO         4619    .constdata          m_wm.l(asin.o)
    0x08030378   0x00000098   Data   RO         4633    .constdata          m_wm.l(atan.o)
    0x08030410   0x00000030   Data   RO         4777    .constdata          m_wm.l(cos_i.o)
    0x08030440   0x00000008   Data   RO         4797    .constdata          m_wm.l(qnan.o)
    0x08030448   0x000000c8   Data   RO         4800    .constdata          m_wm.l(rred.o)
    0x08030510   0x00000028   Data   RO         4804    .constdata          m_wm.l(sin_i.o)
    0x08030538   0x00000081   Data   RO         4854    .constdata          mc_w.l(ctype_o.o)
    0x080305b9   0x00000003   PAD
    0x080305bc   0x00000004   Data   RO         4855    .constdata          mc_w.l(ctype_o.o)
    0x080305c0   0x00000165   Data   RO         2388    .conststring        commdata.o
    0x08030725   0x00000003   PAD
    0x08030728   0x00000020   Data   RO         4896    Region$$Table       anon$$obj.o


    Execution Region RW_IRAM1 (Base: 0x20000000, Size: 0x0000e450, Max: 0x00200000, ABSOLUTE, COMPRESSED[0x00000058])

    Base Addr    Size         Type   Attr      Idx    E Section Name        Object

    0x20000000   0x00000010   Data   RW          284    .data               stm32f4xx_rcc.o
    0x20000010   0x00000014   Data   RW         2389    .data               commdata.o
    0x20000024   0x00000004   PAD
    0x20000028   0x000001de   Data   RW         2563    .data               main.o
    0x20000206   0x00000016   Data   RW         2661    .data               stm32f4xx_it.o
    0x2000021c   0x00000008   Data   RW         2904    .data               24cxx.o
    0x20000224   0x00000004   Data   RW         2999    .data               delay.o
    0x20000228   0x0000001a   Data   RW         3184    .data               getnass.o
    0x20000242   0x00000030   Data   RW         3262    .data               getgps.o
    0x20000272   0x00000002   PAD
    0x20000274   0x00000010   Data   RW         3456    .data               getacc.o
    0x20000284   0x00000018   Data   RW         3586    .data               getgyr.o
    0x2000029c   0x0000001f   Data   RW         3765    .data               getimu.o
    0x200002bb   0x00000005   PAD
    0x200002c0   0x00000084   Data   RW         3896    .data               sendgps.o
    0x20000344   0x0000001c   Data   RW         4199    .data               ginavmain.o
    0x20000360   0x00000034   Data   RW         4391    .data               gifilter.o
    0x20000394   0x00000024   Data   RW         4499    .data               gnss.o
    0x200003b8   0x00000008   Data   RW         4520    .data               insalign.o
    0x200003c0   0x00000010   Data   RW         4556    .data               insnav.o
    0x200003d0   0x0000003b   Data   RW         4602    .data               ALPU-C-0FF.lib(alpu-c-0ff.o)
    0x2000040b   0x00000001   PAD
    0x2000040c   0x00000004   Data   RW         4710    .data               mc_w.l(rand.o)
    0x20000410   0x00000004   Data   RW         4829    .data               mc_w.l(mvars.o)
    0x20000414   0x00000004   Data   RW         4830    .data               mc_w.l(mvars.o)
    0x20000418   0x00000004   Data   RW         4834    .data               mc_w.l(errno.o)
    0x2000041c   0x00000004   PAD
    0x20000420   0x00001804   Zero   RW         2561    .bss                main.o
    0x20001c24   0x0000000c   Zero   RW         2660    .bss                stm32f4xx_it.o
    0x20001c30   0x00000041   Zero   RW         3261    .bss                getgps.o
    0x20001c71   0x00000003   PAD
    0x20001c74   0x00000018   Zero   RW         3764    .bss                getimu.o
    0x20001c8c   0x00000018   Zero   RW         4143    .bss                encryptid.o
    0x20001ca4   0x00000004   PAD
    0x20001ca8   0x00000048   Zero   RW         4198    .bss                ginavmain.o
    0x20001cf0   0x000007ec   Zero   RW         4389    .bss                gifilter.o
    0x200024dc   0x00000004   PAD
    0x200024e0   0x00000678   Zero   RW         4488    .bss                globalvars.o
    0x20002b58   0x00000030   Zero   RW         4498    .bss                gnss.o
    0x20002b88   0x00000018   Zero   RW         4519    .bss                insalign.o
    0x20002ba0   0x00000090   Zero   RW         4554    .bss                insnav.o
    0x20002c30   0x00000020   Zero   RW         4601    .bss                ALPU-C-0FF.lib(alpu-c-0ff.o)
    0x20002c50   0x00003600   Zero   RW         4134    HEAP                startup_stm32f401xx.o
    0x20006250   0x00008200   Zero   RW         4133    STACK               startup_stm32f401xx.o


==============================================================================

Image component sizes


      Code (inc. data)   RO Data    RW Data    ZI Data      Debug   Object Name

       234         14          0          8          0       2743   24cxx.o
      8084        250         16          0          0      14062   basicfunc.o
      7982       1160        357         20          0     218054   commdata.o
       104         34          0          0          0       1596   dataproc.o
       268         16          0          4          0       2359   delay.o
       264          0          0          0          0       2813   eeprom.o
       168         22          0          0         24       1030   encryptid.o
      2896        270          0         16          0      11520   getacc.o
     12348       1890          0         48         65      23776   getgps.o
      1384        200          0         24          0       5418   getgyr.o
      4136        460          0         31         24      11055   getimu.o
      2280        216          0         26          0      10043   getnass.o
     11948        518         16         52       2028      13634   gifilter.o
      4088        280          0         28         72       5208   ginavmain.o
         0          0          0          0       1656        242   globalvars.o
      4812        264          0         36         48       3277   gnss.o
      1664         88          0          0          0       7569   hw_config.o
      5060        266          0          8         24       4219   insalign.o
     24148        504         48         16        144       9800   insnav.o
       916        234         10        478       6148      52629   main.o
       200         32          0          0          0     293207   misc.o
       768        128          0          0          0       4362   myiic.o
     19780       1110          0        132          0      24905   sendgps.o
        60          6          0          0          0        575   spi.o
        36          8        404          0      47104        840   startup_stm32f401xx.o
       652         54          0          0          0       5724   stm32f4xx_dma.o
       184         16          0          0          0       2108   stm32f4xx_exti.o
       426         40          0          0          0       4520   stm32f4xx_flash.o
       222          0          0          0          0       2895   stm32f4xx_gpio.o
      1126        244          0         22         12       7405   stm32f4xx_it.o
        16          6          0          0          0        501   stm32f4xx_iwdg.o
       140         30          0          0          0       2234   stm32f4xx_pwr.o
       328         36          0         16          0       4659   stm32f4xx_rcc.o
       112          0          0          0          0       3510   stm32f4xx_spi.o
        64          4          0          0          0        660   stm32f4xx_syscfg.o
       180         28          0          0          0       3008   stm32f4xx_tim.o
       504          8          0          0          0       7336   stm32f4xx_usart.o
      2906        548          0          0          0      10805   stmflash.o
       336         32          0          0          0       1497   system_stm32f4xx.o

    ----------------------------------------------------------------------
    120850       9016        886        976      57360     781798   Object Totals
         0          0         32          0          0          0   (incl. Generated)
        26          0          3         11         11          0   (incl. Padding)

    ----------------------------------------------------------------------

      Code (inc. data)   RO Data    RW Data    ZI Data      Debug   Library Member Name

      1716         44          0         59         32       5342   alpu-c-0ff.o
       864         94         80          0          0        280   asin.o
       744        106        152          0          0        352   atan.o
       496         64          0          0          0        192   atan2.o
        56         12          0          0          0        132   atof.o
       200         20          0          0          0        164   cos.o
       368         46         48          0          0        200   cos_i.o
       104         16          0          0          0        496   dunder.o
        44          0          0          0          0        248   fabs.o
        48          0          0          0          0        124   fpclassify.o
       248          0          0          0          0        152   poly.o
         0          0          8          0          0          0   qnan.o
      1080        142        200          0          0        188   rred.o
       200         20          0          0          0        164   sin.o
       304         24         40          0          0        208   sin_i.o
       232          0          0          0          0        296   sqrt.o
        86          0          0          0          0          0   __dczerorl2.o
        28          0          0          0          0         68   _chval.o
        64          0          0          0          0         84   _sgetc.o
       158          0          0          0          0         92   _strtoul.o
        26          0          0          0          0         80   atoi.o
         8          4        133          0          0         68   ctype_o.o
         0          0          0          0          0          0   entry.o
         0          0          0          0          0          0   entry10a.o
         0          0          0          0          0          0   entry11a.o
         8          4          0          0          0          0   entry2.o
         4          0          0          0          0          0   entry5.o
         0          0          0          0          0          0   entry7b.o
         0          0          0          0          0          0   entry8b.o
         8          4          0          0          0          0   entry9a.o
        32         16          0          4          0        204   errno.o
        30          0          0          0          0          0   handlers.o
        36          8          0          0          0         68   init.o
        18          0          0          0          0         76   isspace_o.o
         0          0          0          0          0          0   iusefp.o
        30          0          0          0          0         68   llshl.o
        36          0          0          0          0         68   llsshr.o
        32          0          0          0          0         68   llushr.o
       188         20          0          0          0        160   malloc.o
        36          0          0          0          0         68   memcpya.o
        36          0          0          0          0        108   memseta.o
         0          0          0          8          0          0   mvars.o
        36         10          0          4          0        136   rand.o
       838         12          0          0          0        216   scanf_fp.o
        28          0          0          0          0         76   strcmp.o
       156         14          0          0          0        120   strtod.o
       112          0          0          0          0         88   strtol.o
        98          0          0          0          0         92   uldiv.o
        48          0          0          0          0         68   cdcmple.o
        48          0          0          0          0         68   cdrcmple.o
        56          0          0          0          0         88   d2f.o
       334          0          0          0          0        148   dadd.o
       222          0          0          0          0        100   ddiv.o
       186          0          0          0          0        176   depilogue.o
        62          0          0          0          0         80   dfixi.o
        50          0          0          0          0         76   dfixui.o
        48          0          0          0          0         68   dfixul.o
        34          0          0          0          0         76   dflti.o
        26          0          0          0          0         76   dfltui.o
        24          0          0          0          0         76   dfltul.o
       228          0          0          0          0         96   dmul.o
       162          0          0          0          0        100   dsqrt.o
        38          0          0          0          0         68   f2d.o
       110          0          0          0          0        168   fepilogue.o

    ----------------------------------------------------------------------
     10536        684        664         76         36      12078   Library Totals
        24          4          3          1          4          0   (incl. Padding)

    ----------------------------------------------------------------------

      Code (inc. data)   RO Data    RW Data    ZI Data      Debug   Library Name

      1716         44          0         59         32       5342   ALPU-C-0FF.lib
      4988        544        528          0          0       3196   m_wm.l
      2132         92        133         16          0       2008   mc_w.l
      1676          0          0          0          0       1532   mf_w.l

    ----------------------------------------------------------------------
     10536        684        664         76         36      12078   Library Totals

    ----------------------------------------------------------------------

==============================================================================


      Code (inc. data)   RO Data    RW Data    ZI Data      Debug   

    131386       9700       1550       1052      57396     764384   Grand Totals
    131386       9700       1550         88      57396     764384   ELF Image Totals (compressed)
    131386       9700       1550         88          0          0   ROM Totals

==============================================================================

    Total RO  Size (Code + RO Data)               132936 ( 129.82kB)
    Total RW  Size (RW Data + ZI Data)             58448 (  57.08kB)
    Total ROM Size (Code + RO Data + RW Data)     133024 ( 129.91kB)

==============================================================================

