<!doctype html public "-//w3c//dtd html 4.0 transitional//en">
<html><head>
<title>Static Call Graph - [..\Obj\GPS.axf]</title></head>
<body><HR>
<H1>Static Call Graph for image ..\Obj\GPS.axf</H1><HR>
<BR><P>#&#060CALLGRAPH&#062# ARM Linker, 5050106: Last Updated: Mon Dec 17 09:53:31 2018
<BR><P>
<H3>Maximum Stack Usage =       4480 bytes + Unknown(Cycles, Untraceable Function Pointers)</H3><H3>
Call chain for Maximum Stack Depth:</H3>
main &rArr; GINavProc &rArr; GIKFUpdateByGNSS &rArr; GIKFBatchSolution &rArr; TriangleMatInv &rArr; __aeabi_dadd &rArr; _double_epilogue &rArr; _double_round
<P>
<H3>
Mutually Recursive functions
</H3> <LI><a href="#[2]">NMI_Handler</a>&nbsp;&nbsp;&nbsp;&rArr;&nbsp;&nbsp;&nbsp;<a href="#[2]">NMI_Handler</a><BR>
 <LI><a href="#[3]">HardFault_Handler</a>&nbsp;&nbsp;&nbsp;&rArr;&nbsp;&nbsp;&nbsp;<a href="#[3]">HardFault_Handler</a><BR>
 <LI><a href="#[4]">MemManage_Handler</a>&nbsp;&nbsp;&nbsp;&rArr;&nbsp;&nbsp;&nbsp;<a href="#[4]">MemManage_Handler</a><BR>
 <LI><a href="#[5]">BusFault_Handler</a>&nbsp;&nbsp;&nbsp;&rArr;&nbsp;&nbsp;&nbsp;<a href="#[5]">BusFault_Handler</a><BR>
 <LI><a href="#[6]">UsageFault_Handler</a>&nbsp;&nbsp;&nbsp;&rArr;&nbsp;&nbsp;&nbsp;<a href="#[6]">UsageFault_Handler</a><BR>
 <LI><a href="#[7]">SVC_Handler</a>&nbsp;&nbsp;&nbsp;&rArr;&nbsp;&nbsp;&nbsp;<a href="#[7]">SVC_Handler</a><BR>
 <LI><a href="#[8]">DebugMon_Handler</a>&nbsp;&nbsp;&nbsp;&rArr;&nbsp;&nbsp;&nbsp;<a href="#[8]">DebugMon_Handler</a><BR>
 <LI><a href="#[9]">PendSV_Handler</a>&nbsp;&nbsp;&nbsp;&rArr;&nbsp;&nbsp;&nbsp;<a href="#[9]">PendSV_Handler</a><BR>
 <LI><a href="#[a]">SysTick_Handler</a>&nbsp;&nbsp;&nbsp;&rArr;&nbsp;&nbsp;&nbsp;<a href="#[a]">SysTick_Handler</a><BR>
 <LI><a href="#[1d]">ADC_IRQHandler</a>&nbsp;&nbsp;&nbsp;&rArr;&nbsp;&nbsp;&nbsp;<a href="#[1d]">ADC_IRQHandler</a><BR>
</UL>
<P>
<H3>
Function Pointers
</H3><UL>
 <LI><a href="#[1d]">ADC_IRQHandler</a> from startup_stm32f401xx.o(.text) referenced from startup_stm32f401xx.o(RESET)
 <LI><a href="#[5]">BusFault_Handler</a> from startup_stm32f401xx.o(.text) referenced from startup_stm32f401xx.o(RESET)
 <LI><a href="#[16]">DMA1_Stream0_IRQHandler</a> from startup_stm32f401xx.o(.text) referenced from startup_stm32f401xx.o(RESET)
 <LI><a href="#[17]">DMA1_Stream1_IRQHandler</a> from startup_stm32f401xx.o(.text) referenced from startup_stm32f401xx.o(RESET)
 <LI><a href="#[18]">DMA1_Stream2_IRQHandler</a> from startup_stm32f401xx.o(.text) referenced from startup_stm32f401xx.o(RESET)
 <LI><a href="#[19]">DMA1_Stream3_IRQHandler</a> from startup_stm32f401xx.o(.text) referenced from startup_stm32f401xx.o(RESET)
 <LI><a href="#[1a]">DMA1_Stream4_IRQHandler</a> from startup_stm32f401xx.o(.text) referenced from startup_stm32f401xx.o(RESET)
 <LI><a href="#[1b]">DMA1_Stream5_IRQHandler</a> from startup_stm32f401xx.o(.text) referenced from startup_stm32f401xx.o(RESET)
 <LI><a href="#[1c]">DMA1_Stream6_IRQHandler</a> from startup_stm32f401xx.o(.text) referenced from startup_stm32f401xx.o(RESET)
 <LI><a href="#[31]">DMA1_Stream7_IRQHandler</a> from startup_stm32f401xx.o(.text) referenced from startup_stm32f401xx.o(RESET)
 <LI><a href="#[35]">DMA2_Stream0_IRQHandler</a> from startup_stm32f401xx.o(.text) referenced from startup_stm32f401xx.o(RESET)
 <LI><a href="#[36]">DMA2_Stream1_IRQHandler</a> from startup_stm32f401xx.o(.text) referenced from startup_stm32f401xx.o(RESET)
 <LI><a href="#[37]">DMA2_Stream2_IRQHandler</a> from startup_stm32f401xx.o(.text) referenced from startup_stm32f401xx.o(RESET)
 <LI><a href="#[38]">DMA2_Stream3_IRQHandler</a> from startup_stm32f401xx.o(.text) referenced from startup_stm32f401xx.o(RESET)
 <LI><a href="#[39]">DMA2_Stream4_IRQHandler</a> from startup_stm32f401xx.o(.text) referenced from startup_stm32f401xx.o(RESET)
 <LI><a href="#[3b]">DMA2_Stream5_IRQHandler</a> from startup_stm32f401xx.o(.text) referenced from startup_stm32f401xx.o(RESET)
 <LI><a href="#[3c]">DMA2_Stream6_IRQHandler</a> from startup_stm32f401xx.o(.text) referenced from startup_stm32f401xx.o(RESET)
 <LI><a href="#[3d]">DMA2_Stream7_IRQHandler</a> from stm32f4xx_it.o(i.DMA2_Stream7_IRQHandler) referenced from startup_stm32f401xx.o(RESET)
 <LI><a href="#[8]">DebugMon_Handler</a> from startup_stm32f401xx.o(.text) referenced from startup_stm32f401xx.o(RESET)
 <LI><a href="#[11]">EXTI0_IRQHandler</a> from stm32f4xx_it.o(i.EXTI0_IRQHandler) referenced from startup_stm32f401xx.o(RESET)
 <LI><a href="#[2e]">EXTI15_10_IRQHandler</a> from stm32f4xx_it.o(i.EXTI15_10_IRQHandler) referenced from startup_stm32f401xx.o(RESET)
 <LI><a href="#[12]">EXTI1_IRQHandler</a> from startup_stm32f401xx.o(.text) referenced from startup_stm32f401xx.o(RESET)
 <LI><a href="#[13]">EXTI2_IRQHandler</a> from startup_stm32f401xx.o(.text) referenced from startup_stm32f401xx.o(RESET)
 <LI><a href="#[14]">EXTI3_IRQHandler</a> from startup_stm32f401xx.o(.text) referenced from startup_stm32f401xx.o(RESET)
 <LI><a href="#[15]">EXTI4_IRQHandler</a> from startup_stm32f401xx.o(.text) referenced from startup_stm32f401xx.o(RESET)
 <LI><a href="#[1e]">EXTI9_5_IRQHandler</a> from startup_stm32f401xx.o(.text) referenced from startup_stm32f401xx.o(RESET)
 <LI><a href="#[f]">FLASH_IRQHandler</a> from startup_stm32f401xx.o(.text) referenced from startup_stm32f401xx.o(RESET)
 <LI><a href="#[41]">FPU_IRQHandler</a> from startup_stm32f401xx.o(.text) referenced from startup_stm32f401xx.o(RESET)
 <LI><a href="#[3]">HardFault_Handler</a> from startup_stm32f401xx.o(.text) referenced from startup_stm32f401xx.o(RESET)
 <LI><a href="#[27]">I2C1_ER_IRQHandler</a> from startup_stm32f401xx.o(.text) referenced from startup_stm32f401xx.o(RESET)
 <LI><a href="#[26]">I2C1_EV_IRQHandler</a> from startup_stm32f401xx.o(.text) referenced from startup_stm32f401xx.o(RESET)
 <LI><a href="#[29]">I2C2_ER_IRQHandler</a> from startup_stm32f401xx.o(.text) referenced from startup_stm32f401xx.o(RESET)
 <LI><a href="#[28]">I2C2_EV_IRQHandler</a> from startup_stm32f401xx.o(.text) referenced from startup_stm32f401xx.o(RESET)
 <LI><a href="#[40]">I2C3_ER_IRQHandler</a> from startup_stm32f401xx.o(.text) referenced from startup_stm32f401xx.o(RESET)
 <LI><a href="#[3f]">I2C3_EV_IRQHandler</a> from startup_stm32f401xx.o(.text) referenced from startup_stm32f401xx.o(RESET)
 <LI><a href="#[4]">MemManage_Handler</a> from startup_stm32f401xx.o(.text) referenced from startup_stm32f401xx.o(RESET)
 <LI><a href="#[2]">NMI_Handler</a> from startup_stm32f401xx.o(.text) referenced from startup_stm32f401xx.o(RESET)
 <LI><a href="#[3a]">OTG_FS_IRQHandler</a> from startup_stm32f401xx.o(.text) referenced from startup_stm32f401xx.o(RESET)
 <LI><a href="#[30]">OTG_FS_WKUP_IRQHandler</a> from startup_stm32f401xx.o(.text) referenced from startup_stm32f401xx.o(RESET)
 <LI><a href="#[c]">PVD_IRQHandler</a> from startup_stm32f401xx.o(.text) referenced from startup_stm32f401xx.o(RESET)
 <LI><a href="#[9]">PendSV_Handler</a> from startup_stm32f401xx.o(.text) referenced from startup_stm32f401xx.o(RESET)
 <LI><a href="#[10]">RCC_IRQHandler</a> from startup_stm32f401xx.o(.text) referenced from startup_stm32f401xx.o(RESET)
 <LI><a href="#[2f]">RTC_Alarm_IRQHandler</a> from startup_stm32f401xx.o(.text) referenced from startup_stm32f401xx.o(RESET)
 <LI><a href="#[e]">RTC_WKUP_IRQHandler</a> from startup_stm32f401xx.o(.text) referenced from startup_stm32f401xx.o(RESET)
 <LI><a href="#[1]">Reset_Handler</a> from startup_stm32f401xx.o(.text) referenced from startup_stm32f401xx.o(RESET)
 <LI><a href="#[32]">SDIO_IRQHandler</a> from startup_stm32f401xx.o(.text) referenced from startup_stm32f401xx.o(RESET)
 <LI><a href="#[2a]">SPI1_IRQHandler</a> from startup_stm32f401xx.o(.text) referenced from startup_stm32f401xx.o(RESET)
 <LI><a href="#[2b]">SPI2_IRQHandler</a> from startup_stm32f401xx.o(.text) referenced from startup_stm32f401xx.o(RESET)
 <LI><a href="#[34]">SPI3_IRQHandler</a> from startup_stm32f401xx.o(.text) referenced from startup_stm32f401xx.o(RESET)
 <LI><a href="#[42]">SPI4_IRQHandler</a> from startup_stm32f401xx.o(.text) referenced from startup_stm32f401xx.o(RESET)
 <LI><a href="#[7]">SVC_Handler</a> from startup_stm32f401xx.o(.text) referenced from startup_stm32f401xx.o(RESET)
 <LI><a href="#[a]">SysTick_Handler</a> from startup_stm32f401xx.o(.text) referenced from startup_stm32f401xx.o(RESET)
 <LI><a href="#[44]">SystemInit</a> from system_stm32f4xx.o(i.SystemInit) referenced from startup_stm32f401xx.o(.text)
 <LI><a href="#[d]">TAMP_STAMP_IRQHandler</a> from startup_stm32f401xx.o(.text) referenced from startup_stm32f401xx.o(RESET)
 <LI><a href="#[1f]">TIM1_BRK_TIM9_IRQHandler</a> from startup_stm32f401xx.o(.text) referenced from startup_stm32f401xx.o(RESET)
 <LI><a href="#[22]">TIM1_CC_IRQHandler</a> from startup_stm32f401xx.o(.text) referenced from startup_stm32f401xx.o(RESET)
 <LI><a href="#[21]">TIM1_TRG_COM_TIM11_IRQHandler</a> from startup_stm32f401xx.o(.text) referenced from startup_stm32f401xx.o(RESET)
 <LI><a href="#[20]">TIM1_UP_TIM10_IRQHandler</a> from startup_stm32f401xx.o(.text) referenced from startup_stm32f401xx.o(RESET)
 <LI><a href="#[23]">TIM2_IRQHandler</a> from stm32f4xx_it.o(i.TIM2_IRQHandler) referenced from startup_stm32f401xx.o(RESET)
 <LI><a href="#[24]">TIM3_IRQHandler</a> from stm32f4xx_it.o(i.TIM3_IRQHandler) referenced from startup_stm32f401xx.o(RESET)
 <LI><a href="#[25]">TIM4_IRQHandler</a> from startup_stm32f401xx.o(.text) referenced from startup_stm32f401xx.o(RESET)
 <LI><a href="#[33]">TIM5_IRQHandler</a> from startup_stm32f401xx.o(.text) referenced from startup_stm32f401xx.o(RESET)
 <LI><a href="#[2c]">USART1_IRQHandler</a> from stm32f4xx_it.o(i.USART1_IRQHandler) referenced from startup_stm32f401xx.o(RESET)
 <LI><a href="#[2d]">USART2_IRQHandler</a> from stm32f4xx_it.o(i.USART2_IRQHandler) referenced from startup_stm32f401xx.o(RESET)
 <LI><a href="#[3e]">USART6_IRQHandler</a> from stm32f4xx_it.o(i.USART6_IRQHandler) referenced from startup_stm32f401xx.o(RESET)
 <LI><a href="#[6]">UsageFault_Handler</a> from startup_stm32f401xx.o(.text) referenced from startup_stm32f401xx.o(RESET)
 <LI><a href="#[b]">WWDG_IRQHandler</a> from startup_stm32f401xx.o(.text) referenced from startup_stm32f401xx.o(RESET)
 <LI><a href="#[45]">__main</a> from entry.o(.ARM.Collect$$$$00000000) referenced from startup_stm32f401xx.o(.text)
 <LI><a href="#[47]">_sbackspace</a> from _sgetc.o(.text) referenced from strtod.o(.text)
 <LI><a href="#[46]">_sgetc</a> from _sgetc.o(.text) referenced from strtod.o(.text)
 <LI><a href="#[48]">isspace</a> from isspace_o.o(.text) referenced from strtod.o(.text)
 <LI><a href="#[43]">main</a> from main.o(i.main) referenced from entry9a.o(.ARM.Collect$$$$0000000B)
</UL>
<P>
<H3>
Global Symbols
</H3>
<P><STRONG><a name="[45]"></a>__main</STRONG> (Thumb, 0 bytes, Stack size unknown bytes, entry.o(.ARM.Collect$$$$00000000))
<BR>[Address Reference Count : 1]<UL><LI> startup_stm32f401xx.o(.text)
</UL>
<P><STRONG><a name="[19d]"></a>_main_stk</STRONG> (Thumb, 0 bytes, Stack size unknown bytes, entry2.o(.ARM.Collect$$$$00000001))

<P><STRONG><a name="[49]"></a>_main_scatterload</STRONG> (Thumb, 0 bytes, Stack size unknown bytes, entry5.o(.ARM.Collect$$$$00000004))
<BR><BR>[Calls]<UL><LI><a href="#[4a]">&gt;&gt;</a>&nbsp;&nbsp;&nbsp;__scatterload
</UL>

<P><STRONG><a name="[76]"></a>__main_after_scatterload</STRONG> (Thumb, 0 bytes, Stack size unknown bytes, entry5.o(.ARM.Collect$$$$00000004))
<BR><BR>[Called By]<UL><LI><a href="#[4a]">&gt;&gt;</a>&nbsp;&nbsp;&nbsp;__scatterload
</UL>

<P><STRONG><a name="[19e]"></a>_main_clock</STRONG> (Thumb, 0 bytes, Stack size unknown bytes, entry7b.o(.ARM.Collect$$$$00000008))

<P><STRONG><a name="[19f]"></a>_main_cpp_init</STRONG> (Thumb, 0 bytes, Stack size unknown bytes, entry8b.o(.ARM.Collect$$$$0000000A))

<P><STRONG><a name="[1a0]"></a>_main_init</STRONG> (Thumb, 0 bytes, Stack size unknown bytes, entry9a.o(.ARM.Collect$$$$0000000B))

<P><STRONG><a name="[1a1]"></a>__rt_final_cpp</STRONG> (Thumb, 0 bytes, Stack size unknown bytes, entry10a.o(.ARM.Collect$$$$0000000D))

<P><STRONG><a name="[1a2]"></a>__rt_final_exit</STRONG> (Thumb, 0 bytes, Stack size unknown bytes, entry11a.o(.ARM.Collect$$$$0000000F))

<P><STRONG><a name="[1]"></a>Reset_Handler</STRONG> (Thumb, 8 bytes, Stack size 0 bytes, startup_stm32f401xx.o(.text))
<BR>[Address Reference Count : 1]<UL><LI> startup_stm32f401xx.o(RESET)
</UL>
<P><STRONG><a name="[2]"></a>NMI_Handler</STRONG> (Thumb, 2 bytes, Stack size 0 bytes, startup_stm32f401xx.o(.text))
<BR><BR>[Calls]<UL><LI><a href="#[2]">&gt;&gt;</a>&nbsp;&nbsp;&nbsp;NMI_Handler
</UL>
<BR>[Called By]<UL><LI><a href="#[2]">&gt;&gt;</a>&nbsp;&nbsp;&nbsp;NMI_Handler
</UL>
<BR>[Address Reference Count : 1]<UL><LI> startup_stm32f401xx.o(RESET)
</UL>
<P><STRONG><a name="[3]"></a>HardFault_Handler</STRONG> (Thumb, 2 bytes, Stack size 0 bytes, startup_stm32f401xx.o(.text))
<BR><BR>[Calls]<UL><LI><a href="#[3]">&gt;&gt;</a>&nbsp;&nbsp;&nbsp;HardFault_Handler
</UL>
<BR>[Called By]<UL><LI><a href="#[3]">&gt;&gt;</a>&nbsp;&nbsp;&nbsp;HardFault_Handler
</UL>
<BR>[Address Reference Count : 1]<UL><LI> startup_stm32f401xx.o(RESET)
</UL>
<P><STRONG><a name="[4]"></a>MemManage_Handler</STRONG> (Thumb, 2 bytes, Stack size 0 bytes, startup_stm32f401xx.o(.text))
<BR><BR>[Calls]<UL><LI><a href="#[4]">&gt;&gt;</a>&nbsp;&nbsp;&nbsp;MemManage_Handler
</UL>
<BR>[Called By]<UL><LI><a href="#[4]">&gt;&gt;</a>&nbsp;&nbsp;&nbsp;MemManage_Handler
</UL>
<BR>[Address Reference Count : 1]<UL><LI> startup_stm32f401xx.o(RESET)
</UL>
<P><STRONG><a name="[5]"></a>BusFault_Handler</STRONG> (Thumb, 2 bytes, Stack size 0 bytes, startup_stm32f401xx.o(.text))
<BR><BR>[Calls]<UL><LI><a href="#[5]">&gt;&gt;</a>&nbsp;&nbsp;&nbsp;BusFault_Handler
</UL>
<BR>[Called By]<UL><LI><a href="#[5]">&gt;&gt;</a>&nbsp;&nbsp;&nbsp;BusFault_Handler
</UL>
<BR>[Address Reference Count : 1]<UL><LI> startup_stm32f401xx.o(RESET)
</UL>
<P><STRONG><a name="[6]"></a>UsageFault_Handler</STRONG> (Thumb, 2 bytes, Stack size 0 bytes, startup_stm32f401xx.o(.text))
<BR><BR>[Calls]<UL><LI><a href="#[6]">&gt;&gt;</a>&nbsp;&nbsp;&nbsp;UsageFault_Handler
</UL>
<BR>[Called By]<UL><LI><a href="#[6]">&gt;&gt;</a>&nbsp;&nbsp;&nbsp;UsageFault_Handler
</UL>
<BR>[Address Reference Count : 1]<UL><LI> startup_stm32f401xx.o(RESET)
</UL>
<P><STRONG><a name="[7]"></a>SVC_Handler</STRONG> (Thumb, 2 bytes, Stack size 0 bytes, startup_stm32f401xx.o(.text))
<BR><BR>[Calls]<UL><LI><a href="#[7]">&gt;&gt;</a>&nbsp;&nbsp;&nbsp;SVC_Handler
</UL>
<BR>[Called By]<UL><LI><a href="#[7]">&gt;&gt;</a>&nbsp;&nbsp;&nbsp;SVC_Handler
</UL>
<BR>[Address Reference Count : 1]<UL><LI> startup_stm32f401xx.o(RESET)
</UL>
<P><STRONG><a name="[8]"></a>DebugMon_Handler</STRONG> (Thumb, 2 bytes, Stack size 0 bytes, startup_stm32f401xx.o(.text))
<BR><BR>[Calls]<UL><LI><a href="#[8]">&gt;&gt;</a>&nbsp;&nbsp;&nbsp;DebugMon_Handler
</UL>
<BR>[Called By]<UL><LI><a href="#[8]">&gt;&gt;</a>&nbsp;&nbsp;&nbsp;DebugMon_Handler
</UL>
<BR>[Address Reference Count : 1]<UL><LI> startup_stm32f401xx.o(RESET)
</UL>
<P><STRONG><a name="[9]"></a>PendSV_Handler</STRONG> (Thumb, 2 bytes, Stack size 0 bytes, startup_stm32f401xx.o(.text))
<BR><BR>[Calls]<UL><LI><a href="#[9]">&gt;&gt;</a>&nbsp;&nbsp;&nbsp;PendSV_Handler
</UL>
<BR>[Called By]<UL><LI><a href="#[9]">&gt;&gt;</a>&nbsp;&nbsp;&nbsp;PendSV_Handler
</UL>
<BR>[Address Reference Count : 1]<UL><LI> startup_stm32f401xx.o(RESET)
</UL>
<P><STRONG><a name="[a]"></a>SysTick_Handler</STRONG> (Thumb, 2 bytes, Stack size 0 bytes, startup_stm32f401xx.o(.text))
<BR><BR>[Calls]<UL><LI><a href="#[a]">&gt;&gt;</a>&nbsp;&nbsp;&nbsp;SysTick_Handler
</UL>
<BR>[Called By]<UL><LI><a href="#[a]">&gt;&gt;</a>&nbsp;&nbsp;&nbsp;SysTick_Handler
</UL>
<BR>[Address Reference Count : 1]<UL><LI> startup_stm32f401xx.o(RESET)
</UL>
<P><STRONG><a name="[1d]"></a>ADC_IRQHandler</STRONG> (Thumb, 0 bytes, Stack size 0 bytes, startup_stm32f401xx.o(.text))
<BR><BR>[Calls]<UL><LI><a href="#[1d]">&gt;&gt;</a>&nbsp;&nbsp;&nbsp;ADC_IRQHandler
</UL>
<BR>[Called By]<UL><LI><a href="#[1d]">&gt;&gt;</a>&nbsp;&nbsp;&nbsp;ADC_IRQHandler
</UL>
<BR>[Address Reference Count : 1]<UL><LI> startup_stm32f401xx.o(RESET)
</UL>
<P><STRONG><a name="[16]"></a>DMA1_Stream0_IRQHandler</STRONG> (Thumb, 0 bytes, Stack size 0 bytes, startup_stm32f401xx.o(.text))
<BR>[Address Reference Count : 1]<UL><LI> startup_stm32f401xx.o(RESET)
</UL>
<P><STRONG><a name="[17]"></a>DMA1_Stream1_IRQHandler</STRONG> (Thumb, 0 bytes, Stack size 0 bytes, startup_stm32f401xx.o(.text))
<BR>[Address Reference Count : 1]<UL><LI> startup_stm32f401xx.o(RESET)
</UL>
<P><STRONG><a name="[18]"></a>DMA1_Stream2_IRQHandler</STRONG> (Thumb, 0 bytes, Stack size 0 bytes, startup_stm32f401xx.o(.text))
<BR>[Address Reference Count : 1]<UL><LI> startup_stm32f401xx.o(RESET)
</UL>
<P><STRONG><a name="[19]"></a>DMA1_Stream3_IRQHandler</STRONG> (Thumb, 0 bytes, Stack size 0 bytes, startup_stm32f401xx.o(.text))
<BR>[Address Reference Count : 1]<UL><LI> startup_stm32f401xx.o(RESET)
</UL>
<P><STRONG><a name="[1a]"></a>DMA1_Stream4_IRQHandler</STRONG> (Thumb, 0 bytes, Stack size 0 bytes, startup_stm32f401xx.o(.text))
<BR>[Address Reference Count : 1]<UL><LI> startup_stm32f401xx.o(RESET)
</UL>
<P><STRONG><a name="[1b]"></a>DMA1_Stream5_IRQHandler</STRONG> (Thumb, 0 bytes, Stack size 0 bytes, startup_stm32f401xx.o(.text))
<BR>[Address Reference Count : 1]<UL><LI> startup_stm32f401xx.o(RESET)
</UL>
<P><STRONG><a name="[1c]"></a>DMA1_Stream6_IRQHandler</STRONG> (Thumb, 0 bytes, Stack size 0 bytes, startup_stm32f401xx.o(.text))
<BR>[Address Reference Count : 1]<UL><LI> startup_stm32f401xx.o(RESET)
</UL>
<P><STRONG><a name="[31]"></a>DMA1_Stream7_IRQHandler</STRONG> (Thumb, 0 bytes, Stack size 0 bytes, startup_stm32f401xx.o(.text))
<BR>[Address Reference Count : 1]<UL><LI> startup_stm32f401xx.o(RESET)
</UL>
<P><STRONG><a name="[35]"></a>DMA2_Stream0_IRQHandler</STRONG> (Thumb, 0 bytes, Stack size 0 bytes, startup_stm32f401xx.o(.text))
<BR>[Address Reference Count : 1]<UL><LI> startup_stm32f401xx.o(RESET)
</UL>
<P><STRONG><a name="[36]"></a>DMA2_Stream1_IRQHandler</STRONG> (Thumb, 0 bytes, Stack size 0 bytes, startup_stm32f401xx.o(.text))
<BR>[Address Reference Count : 1]<UL><LI> startup_stm32f401xx.o(RESET)
</UL>
<P><STRONG><a name="[37]"></a>DMA2_Stream2_IRQHandler</STRONG> (Thumb, 0 bytes, Stack size 0 bytes, startup_stm32f401xx.o(.text))
<BR>[Address Reference Count : 1]<UL><LI> startup_stm32f401xx.o(RESET)
</UL>
<P><STRONG><a name="[38]"></a>DMA2_Stream3_IRQHandler</STRONG> (Thumb, 0 bytes, Stack size 0 bytes, startup_stm32f401xx.o(.text))
<BR>[Address Reference Count : 1]<UL><LI> startup_stm32f401xx.o(RESET)
</UL>
<P><STRONG><a name="[39]"></a>DMA2_Stream4_IRQHandler</STRONG> (Thumb, 0 bytes, Stack size 0 bytes, startup_stm32f401xx.o(.text))
<BR>[Address Reference Count : 1]<UL><LI> startup_stm32f401xx.o(RESET)
</UL>
<P><STRONG><a name="[3b]"></a>DMA2_Stream5_IRQHandler</STRONG> (Thumb, 0 bytes, Stack size 0 bytes, startup_stm32f401xx.o(.text))
<BR>[Address Reference Count : 1]<UL><LI> startup_stm32f401xx.o(RESET)
</UL>
<P><STRONG><a name="[3c]"></a>DMA2_Stream6_IRQHandler</STRONG> (Thumb, 0 bytes, Stack size 0 bytes, startup_stm32f401xx.o(.text))
<BR>[Address Reference Count : 1]<UL><LI> startup_stm32f401xx.o(RESET)
</UL>
<P><STRONG><a name="[12]"></a>EXTI1_IRQHandler</STRONG> (Thumb, 0 bytes, Stack size 0 bytes, startup_stm32f401xx.o(.text))
<BR>[Address Reference Count : 1]<UL><LI> startup_stm32f401xx.o(RESET)
</UL>
<P><STRONG><a name="[13]"></a>EXTI2_IRQHandler</STRONG> (Thumb, 0 bytes, Stack size 0 bytes, startup_stm32f401xx.o(.text))
<BR>[Address Reference Count : 1]<UL><LI> startup_stm32f401xx.o(RESET)
</UL>
<P><STRONG><a name="[14]"></a>EXTI3_IRQHandler</STRONG> (Thumb, 0 bytes, Stack size 0 bytes, startup_stm32f401xx.o(.text))
<BR>[Address Reference Count : 1]<UL><LI> startup_stm32f401xx.o(RESET)
</UL>
<P><STRONG><a name="[15]"></a>EXTI4_IRQHandler</STRONG> (Thumb, 0 bytes, Stack size 0 bytes, startup_stm32f401xx.o(.text))
<BR>[Address Reference Count : 1]<UL><LI> startup_stm32f401xx.o(RESET)
</UL>
<P><STRONG><a name="[1e]"></a>EXTI9_5_IRQHandler</STRONG> (Thumb, 0 bytes, Stack size 0 bytes, startup_stm32f401xx.o(.text))
<BR>[Address Reference Count : 1]<UL><LI> startup_stm32f401xx.o(RESET)
</UL>
<P><STRONG><a name="[f]"></a>FLASH_IRQHandler</STRONG> (Thumb, 0 bytes, Stack size 0 bytes, startup_stm32f401xx.o(.text))
<BR>[Address Reference Count : 1]<UL><LI> startup_stm32f401xx.o(RESET)
</UL>
<P><STRONG><a name="[41]"></a>FPU_IRQHandler</STRONG> (Thumb, 0 bytes, Stack size 0 bytes, startup_stm32f401xx.o(.text))
<BR>[Address Reference Count : 1]<UL><LI> startup_stm32f401xx.o(RESET)
</UL>
<P><STRONG><a name="[27]"></a>I2C1_ER_IRQHandler</STRONG> (Thumb, 0 bytes, Stack size 0 bytes, startup_stm32f401xx.o(.text))
<BR>[Address Reference Count : 1]<UL><LI> startup_stm32f401xx.o(RESET)
</UL>
<P><STRONG><a name="[26]"></a>I2C1_EV_IRQHandler</STRONG> (Thumb, 0 bytes, Stack size 0 bytes, startup_stm32f401xx.o(.text))
<BR>[Address Reference Count : 1]<UL><LI> startup_stm32f401xx.o(RESET)
</UL>
<P><STRONG><a name="[29]"></a>I2C2_ER_IRQHandler</STRONG> (Thumb, 0 bytes, Stack size 0 bytes, startup_stm32f401xx.o(.text))
<BR>[Address Reference Count : 1]<UL><LI> startup_stm32f401xx.o(RESET)
</UL>
<P><STRONG><a name="[28]"></a>I2C2_EV_IRQHandler</STRONG> (Thumb, 0 bytes, Stack size 0 bytes, startup_stm32f401xx.o(.text))
<BR>[Address Reference Count : 1]<UL><LI> startup_stm32f401xx.o(RESET)
</UL>
<P><STRONG><a name="[40]"></a>I2C3_ER_IRQHandler</STRONG> (Thumb, 0 bytes, Stack size 0 bytes, startup_stm32f401xx.o(.text))
<BR>[Address Reference Count : 1]<UL><LI> startup_stm32f401xx.o(RESET)
</UL>
<P><STRONG><a name="[3f]"></a>I2C3_EV_IRQHandler</STRONG> (Thumb, 0 bytes, Stack size 0 bytes, startup_stm32f401xx.o(.text))
<BR>[Address Reference Count : 1]<UL><LI> startup_stm32f401xx.o(RESET)
</UL>
<P><STRONG><a name="[3a]"></a>OTG_FS_IRQHandler</STRONG> (Thumb, 0 bytes, Stack size 0 bytes, startup_stm32f401xx.o(.text))
<BR>[Address Reference Count : 1]<UL><LI> startup_stm32f401xx.o(RESET)
</UL>
<P><STRONG><a name="[30]"></a>OTG_FS_WKUP_IRQHandler</STRONG> (Thumb, 0 bytes, Stack size 0 bytes, startup_stm32f401xx.o(.text))
<BR>[Address Reference Count : 1]<UL><LI> startup_stm32f401xx.o(RESET)
</UL>
<P><STRONG><a name="[c]"></a>PVD_IRQHandler</STRONG> (Thumb, 0 bytes, Stack size 0 bytes, startup_stm32f401xx.o(.text))
<BR>[Address Reference Count : 1]<UL><LI> startup_stm32f401xx.o(RESET)
</UL>
<P><STRONG><a name="[10]"></a>RCC_IRQHandler</STRONG> (Thumb, 0 bytes, Stack size 0 bytes, startup_stm32f401xx.o(.text))
<BR>[Address Reference Count : 1]<UL><LI> startup_stm32f401xx.o(RESET)
</UL>
<P><STRONG><a name="[2f]"></a>RTC_Alarm_IRQHandler</STRONG> (Thumb, 0 bytes, Stack size 0 bytes, startup_stm32f401xx.o(.text))
<BR>[Address Reference Count : 1]<UL><LI> startup_stm32f401xx.o(RESET)
</UL>
<P><STRONG><a name="[e]"></a>RTC_WKUP_IRQHandler</STRONG> (Thumb, 0 bytes, Stack size 0 bytes, startup_stm32f401xx.o(.text))
<BR>[Address Reference Count : 1]<UL><LI> startup_stm32f401xx.o(RESET)
</UL>
<P><STRONG><a name="[32]"></a>SDIO_IRQHandler</STRONG> (Thumb, 0 bytes, Stack size 0 bytes, startup_stm32f401xx.o(.text))
<BR>[Address Reference Count : 1]<UL><LI> startup_stm32f401xx.o(RESET)
</UL>
<P><STRONG><a name="[2a]"></a>SPI1_IRQHandler</STRONG> (Thumb, 0 bytes, Stack size 0 bytes, startup_stm32f401xx.o(.text))
<BR>[Address Reference Count : 1]<UL><LI> startup_stm32f401xx.o(RESET)
</UL>
<P><STRONG><a name="[2b]"></a>SPI2_IRQHandler</STRONG> (Thumb, 0 bytes, Stack size 0 bytes, startup_stm32f401xx.o(.text))
<BR>[Address Reference Count : 1]<UL><LI> startup_stm32f401xx.o(RESET)
</UL>
<P><STRONG><a name="[34]"></a>SPI3_IRQHandler</STRONG> (Thumb, 0 bytes, Stack size 0 bytes, startup_stm32f401xx.o(.text))
<BR>[Address Reference Count : 1]<UL><LI> startup_stm32f401xx.o(RESET)
</UL>
<P><STRONG><a name="[42]"></a>SPI4_IRQHandler</STRONG> (Thumb, 0 bytes, Stack size 0 bytes, startup_stm32f401xx.o(.text))
<BR>[Address Reference Count : 1]<UL><LI> startup_stm32f401xx.o(RESET)
</UL>
<P><STRONG><a name="[d]"></a>TAMP_STAMP_IRQHandler</STRONG> (Thumb, 0 bytes, Stack size 0 bytes, startup_stm32f401xx.o(.text))
<BR>[Address Reference Count : 1]<UL><LI> startup_stm32f401xx.o(RESET)
</UL>
<P><STRONG><a name="[1f]"></a>TIM1_BRK_TIM9_IRQHandler</STRONG> (Thumb, 0 bytes, Stack size 0 bytes, startup_stm32f401xx.o(.text))
<BR>[Address Reference Count : 1]<UL><LI> startup_stm32f401xx.o(RESET)
</UL>
<P><STRONG><a name="[22]"></a>TIM1_CC_IRQHandler</STRONG> (Thumb, 0 bytes, Stack size 0 bytes, startup_stm32f401xx.o(.text))
<BR>[Address Reference Count : 1]<UL><LI> startup_stm32f401xx.o(RESET)
</UL>
<P><STRONG><a name="[21]"></a>TIM1_TRG_COM_TIM11_IRQHandler</STRONG> (Thumb, 0 bytes, Stack size 0 bytes, startup_stm32f401xx.o(.text))
<BR>[Address Reference Count : 1]<UL><LI> startup_stm32f401xx.o(RESET)
</UL>
<P><STRONG><a name="[20]"></a>TIM1_UP_TIM10_IRQHandler</STRONG> (Thumb, 0 bytes, Stack size 0 bytes, startup_stm32f401xx.o(.text))
<BR>[Address Reference Count : 1]<UL><LI> startup_stm32f401xx.o(RESET)
</UL>
<P><STRONG><a name="[25]"></a>TIM4_IRQHandler</STRONG> (Thumb, 0 bytes, Stack size 0 bytes, startup_stm32f401xx.o(.text))
<BR>[Address Reference Count : 1]<UL><LI> startup_stm32f401xx.o(RESET)
</UL>
<P><STRONG><a name="[33]"></a>TIM5_IRQHandler</STRONG> (Thumb, 0 bytes, Stack size 0 bytes, startup_stm32f401xx.o(.text))
<BR>[Address Reference Count : 1]<UL><LI> startup_stm32f401xx.o(RESET)
</UL>
<P><STRONG><a name="[b]"></a>WWDG_IRQHandler</STRONG> (Thumb, 0 bytes, Stack size 0 bytes, startup_stm32f401xx.o(.text))
<BR>[Address Reference Count : 1]<UL><LI> startup_stm32f401xx.o(RESET)
</UL>
<P><STRONG><a name="[4b]"></a>Read_US</STRONG> (Thumb, 162 bytes, Stack size 24 bytes, alpu-c-0ff.o(.text))
<BR><BR>[Stack]<UL><LI>Max Depth = 72<LI>Call Chain = Read_US &rArr; _i2c_read &rArr; IIC_Read_Byte &rArr; IIC_NAck
</UL>
<BR>[Calls]<UL><LI><a href="#[4c]">&gt;&gt;</a>&nbsp;&nbsp;&nbsp;_i2c_read
</UL>
<BR>[Called By]<UL><LI><a href="#[57]">&gt;&gt;</a>&nbsp;&nbsp;&nbsp;alpuc_process
</UL>

<P><STRONG><a name="[4e]"></a>dec_not</STRONG> (Thumb, 52 bytes, Stack size 16 bytes, alpu-c-0ff.o(.text))
<BR><BR>[Stack]<UL><LI>Max Depth = 16<LI>Call Chain = dec_not
</UL>
<BR>[Called By]<UL><LI><a href="#[4d]">&gt;&gt;</a>&nbsp;&nbsp;&nbsp;alpu_dec
</UL>

<P><STRONG><a name="[4f]"></a>dec_xor</STRONG> (Thumb, 56 bytes, Stack size 20 bytes, alpu-c-0ff.o(.text))
<BR><BR>[Stack]<UL><LI>Max Depth = 20<LI>Call Chain = dec_xor
</UL>
<BR>[Called By]<UL><LI><a href="#[4d]">&gt;&gt;</a>&nbsp;&nbsp;&nbsp;alpu_dec
</UL>

<P><STRONG><a name="[50]"></a>dec_sft_L</STRONG> (Thumb, 46 bytes, Stack size 12 bytes, alpu-c-0ff.o(.text))
<BR><BR>[Stack]<UL><LI>Max Depth = 12<LI>Call Chain = dec_sft_L
</UL>
<BR>[Called By]<UL><LI><a href="#[4d]">&gt;&gt;</a>&nbsp;&nbsp;&nbsp;alpu_dec
</UL>

<P><STRONG><a name="[51]"></a>dec_sft_R</STRONG> (Thumb, 46 bytes, Stack size 12 bytes, alpu-c-0ff.o(.text))
<BR><BR>[Stack]<UL><LI>Max Depth = 12<LI>Call Chain = dec_sft_R
</UL>
<BR>[Called By]<UL><LI><a href="#[4d]">&gt;&gt;</a>&nbsp;&nbsp;&nbsp;alpu_dec
</UL>

<P><STRONG><a name="[4d]"></a>alpu_dec</STRONG> (Thumb, 398 bytes, Stack size 64 bytes, alpu-c-0ff.o(.text))
<BR><BR>[Stack]<UL><LI>Max Depth = 84<LI>Call Chain = alpu_dec &rArr; dec_xor
</UL>
<BR>[Calls]<UL><LI><a href="#[51]">&gt;&gt;</a>&nbsp;&nbsp;&nbsp;dec_sft_R
<LI><a href="#[50]">&gt;&gt;</a>&nbsp;&nbsp;&nbsp;dec_sft_L
<LI><a href="#[4f]">&gt;&gt;</a>&nbsp;&nbsp;&nbsp;dec_xor
<LI><a href="#[4e]">&gt;&gt;</a>&nbsp;&nbsp;&nbsp;dec_not
</UL>
<BR>[Called By]<UL><LI><a href="#[57]">&gt;&gt;</a>&nbsp;&nbsp;&nbsp;alpuc_process
<LI><a href="#[52]">&gt;&gt;</a>&nbsp;&nbsp;&nbsp;alpu_EDR
</UL>

<P><STRONG><a name="[52]"></a>alpu_EDR</STRONG> (Thumb, 202 bytes, Stack size 40 bytes, alpu-c-0ff.o(.text))
<BR><BR>[Stack]<UL><LI>Max Depth = 124<LI>Call Chain = alpu_EDR &rArr; alpu_dec &rArr; dec_xor
</UL>
<BR>[Calls]<UL><LI><a href="#[53]">&gt;&gt;</a>&nbsp;&nbsp;&nbsp;_i2c_write
<LI><a href="#[4c]">&gt;&gt;</a>&nbsp;&nbsp;&nbsp;_i2c_read
<LI><a href="#[54]">&gt;&gt;</a>&nbsp;&nbsp;&nbsp;_alpu_delay_ms
<LI><a href="#[4d]">&gt;&gt;</a>&nbsp;&nbsp;&nbsp;alpu_dec
</UL>
<BR>[Called By]<UL><LI><a href="#[57]">&gt;&gt;</a>&nbsp;&nbsp;&nbsp;alpuc_process
</UL>

<P><STRONG><a name="[55]"></a>alpu_CERTI</STRONG> (Thumb, 202 bytes, Stack size 24 bytes, alpu-c-0ff.o(.text))
<BR><BR>[Stack]<UL><LI>Max Depth = 64<LI>Call Chain = alpu_CERTI &rArr; _i2c_write &rArr; IIC_Wait_Ack &rArr; IIC_Stop
</UL>
<BR>[Calls]<UL><LI><a href="#[53]">&gt;&gt;</a>&nbsp;&nbsp;&nbsp;_i2c_write
<LI><a href="#[56]">&gt;&gt;</a>&nbsp;&nbsp;&nbsp;_alpu_rand
</UL>
<BR>[Called By]<UL><LI><a href="#[57]">&gt;&gt;</a>&nbsp;&nbsp;&nbsp;alpuc_process
</UL>

<P><STRONG><a name="[57]"></a>alpuc_process</STRONG> (Thumb, 536 bytes, Stack size 64 bytes, alpu-c-0ff.o(.text))
<BR><BR>[Stack]<UL><LI>Max Depth = 188<LI>Call Chain = alpuc_process &rArr; alpu_EDR &rArr; alpu_dec &rArr; dec_xor
</UL>
<BR>[Calls]<UL><LI><a href="#[53]">&gt;&gt;</a>&nbsp;&nbsp;&nbsp;_i2c_write
<LI><a href="#[4c]">&gt;&gt;</a>&nbsp;&nbsp;&nbsp;_i2c_read
<LI><a href="#[54]">&gt;&gt;</a>&nbsp;&nbsp;&nbsp;_alpu_delay_ms
<LI><a href="#[56]">&gt;&gt;</a>&nbsp;&nbsp;&nbsp;_alpu_rand
<LI><a href="#[55]">&gt;&gt;</a>&nbsp;&nbsp;&nbsp;alpu_CERTI
<LI><a href="#[52]">&gt;&gt;</a>&nbsp;&nbsp;&nbsp;alpu_EDR
<LI><a href="#[4d]">&gt;&gt;</a>&nbsp;&nbsp;&nbsp;alpu_dec
<LI><a href="#[4b]">&gt;&gt;</a>&nbsp;&nbsp;&nbsp;Read_US
</UL>
<BR>[Called By]<UL><LI><a href="#[8b]">&gt;&gt;</a>&nbsp;&nbsp;&nbsp;ApluCode
</UL>

<P><STRONG><a name="[58]"></a>__aeabi_uldivmod</STRONG> (Thumb, 98 bytes, Stack size 40 bytes, uldiv.o(.text))
<BR><BR>[Stack]<UL><LI>Max Depth = 40<LI>Call Chain = __aeabi_uldivmod
</UL>
<BR>[Calls]<UL><LI><a href="#[59]">&gt;&gt;</a>&nbsp;&nbsp;&nbsp;__aeabi_llsr
<LI><a href="#[5a]">&gt;&gt;</a>&nbsp;&nbsp;&nbsp;__aeabi_llsl
</UL>
<BR>[Called By]<UL><LI><a href="#[14f]">&gt;&gt;</a>&nbsp;&nbsp;&nbsp;ProcessSSFTOA
<LI><a href="#[f0]">&gt;&gt;</a>&nbsp;&nbsp;&nbsp;ProcessLongToA
<LI><a href="#[ef]">&gt;&gt;</a>&nbsp;&nbsp;&nbsp;ProcessLatToA
</UL>

<P><STRONG><a name="[192]"></a>rand</STRONG> (Thumb, 20 bytes, Stack size 0 bytes, rand.o(.text))
<BR><BR>[Called By]<UL><LI><a href="#[56]">&gt;&gt;</a>&nbsp;&nbsp;&nbsp;_alpu_rand
</UL>

<P><STRONG><a name="[191]"></a>srand</STRONG> (Thumb, 6 bytes, Stack size 0 bytes, rand.o(.text))
<BR><BR>[Called By]<UL><LI><a href="#[56]">&gt;&gt;</a>&nbsp;&nbsp;&nbsp;_alpu_rand
</UL>

<P><STRONG><a name="[1a3]"></a>__aeabi_memcpy</STRONG> (Thumb, 36 bytes, Stack size 0 bytes, memcpya.o(.text), UNUSED)

<P><STRONG><a name="[cc]"></a>__aeabi_memcpy4</STRONG> (Thumb, 0 bytes, Stack size 0 bytes, memcpya.o(.text))
<BR><BR>[Called By]<UL><LI><a href="#[d7]">&gt;&gt;</a>&nbsp;&nbsp;&nbsp;GINavProc
<LI><a href="#[dd]">&gt;&gt;</a>&nbsp;&nbsp;&nbsp;InitGyroBias
<LI><a href="#[de]">&gt;&gt;</a>&nbsp;&nbsp;&nbsp;INSAlign
<LI><a href="#[d1]">&gt;&gt;</a>&nbsp;&nbsp;&nbsp;GIKFPredictPMatrix
<LI><a href="#[ca]">&gt;&gt;</a>&nbsp;&nbsp;&nbsp;GIKFINSErrorFix
</UL>

<P><STRONG><a name="[1a4]"></a>__aeabi_memcpy8</STRONG> (Thumb, 0 bytes, Stack size 0 bytes, memcpya.o(.text), UNUSED)

<P><STRONG><a name="[5c]"></a>__aeabi_memset</STRONG> (Thumb, 14 bytes, Stack size 0 bytes, memseta.o(.text), UNUSED)
<BR><BR>[Called By]<UL><LI><a href="#[5d]">&gt;&gt;</a>&nbsp;&nbsp;&nbsp;_memset$wrapper
<LI><a href="#[5b]">&gt;&gt;</a>&nbsp;&nbsp;&nbsp;__aeabi_memclr
</UL>

<P><STRONG><a name="[1a5]"></a>__aeabi_memset4</STRONG> (Thumb, 0 bytes, Stack size 0 bytes, memseta.o(.text), UNUSED)

<P><STRONG><a name="[1a6]"></a>__aeabi_memset8</STRONG> (Thumb, 0 bytes, Stack size 0 bytes, memseta.o(.text), UNUSED)

<P><STRONG><a name="[5b]"></a>__aeabi_memclr</STRONG> (Thumb, 4 bytes, Stack size 0 bytes, memseta.o(.text), UNUSED)
<BR><BR>[Calls]<UL><LI><a href="#[5c]">&gt;&gt;</a>&nbsp;&nbsp;&nbsp;__aeabi_memset
</UL>

<P><STRONG><a name="[a9]"></a>__aeabi_memclr4</STRONG> (Thumb, 0 bytes, Stack size 0 bytes, memseta.o(.text))
<BR><BR>[Called By]<UL><LI><a href="#[d7]">&gt;&gt;</a>&nbsp;&nbsp;&nbsp;GINavProc
<LI><a href="#[d6]">&gt;&gt;</a>&nbsp;&nbsp;&nbsp;GINavInit
<LI><a href="#[dc]">&gt;&gt;</a>&nbsp;&nbsp;&nbsp;InitInstallMat
<LI><a href="#[dd]">&gt;&gt;</a>&nbsp;&nbsp;&nbsp;InitGyroBias
<LI><a href="#[e0]">&gt;&gt;</a>&nbsp;&nbsp;&nbsp;INSUpdate
<LI><a href="#[de]">&gt;&gt;</a>&nbsp;&nbsp;&nbsp;INSAlign
<LI><a href="#[d3]">&gt;&gt;</a>&nbsp;&nbsp;&nbsp;GIKFUpdateByGNSS
<LI><a href="#[d1]">&gt;&gt;</a>&nbsp;&nbsp;&nbsp;GIKFPredictPMatrix
<LI><a href="#[cf]">&gt;&gt;</a>&nbsp;&nbsp;&nbsp;GIKFInit
<LI><a href="#[a8]">&gt;&gt;</a>&nbsp;&nbsp;&nbsp;DataProcerInit
<LI><a href="#[c5]">&gt;&gt;</a>&nbsp;&nbsp;&nbsp;GIKFBatchSolution
</UL>

<P><STRONG><a name="[1a7]"></a>__aeabi_memclr8</STRONG> (Thumb, 0 bytes, Stack size 0 bytes, memseta.o(.text), UNUSED)

<P><STRONG><a name="[5d]"></a>_memset$wrapper</STRONG> (Thumb, 18 bytes, Stack size 8 bytes, memseta.o(.text), UNUSED)
<BR><BR>[Calls]<UL><LI><a href="#[5c]">&gt;&gt;</a>&nbsp;&nbsp;&nbsp;__aeabi_memset
</UL>

<P><STRONG><a name="[144]"></a>strcmp</STRONG> (Thumb, 28 bytes, Stack size 8 bytes, strcmp.o(.text))
<BR><BR>[Stack]<UL><LI>Max Depth = 8<LI>Call Chain = strcmp
</UL>
<BR>[Called By]<UL><LI><a href="#[143]">&gt;&gt;</a>&nbsp;&nbsp;&nbsp;ProcessCommand
</UL>

<P><STRONG><a name="[5e]"></a>atoi</STRONG> (Thumb, 26 bytes, Stack size 16 bytes, atoi.o(.text))
<BR><BR>[Stack]<UL><LI>Max Depth = 88<LI>Call Chain = atoi &rArr; strtol &rArr; _strtoul
</UL>
<BR>[Calls]<UL><LI><a href="#[60]">&gt;&gt;</a>&nbsp;&nbsp;&nbsp;strtol
<LI><a href="#[5f]">&gt;&gt;</a>&nbsp;&nbsp;&nbsp;__aeabi_errno_addr
</UL>
<BR>[Called By]<UL><LI><a href="#[148]">&gt;&gt;</a>&nbsp;&nbsp;&nbsp;ProcessGPZDA
<LI><a href="#[146]">&gt;&gt;</a>&nbsp;&nbsp;&nbsp;ProcessGPRMC
<LI><a href="#[14b]">&gt;&gt;</a>&nbsp;&nbsp;&nbsp;ProcessGPGSV
<LI><a href="#[14a]">&gt;&gt;</a>&nbsp;&nbsp;&nbsp;ProcessGPGSA
<LI><a href="#[145]">&gt;&gt;</a>&nbsp;&nbsp;&nbsp;ProcessGPGGA
</UL>

<P><STRONG><a name="[61]"></a>__aeabi_dadd</STRONG> (Thumb, 322 bytes, Stack size 48 bytes, dadd.o(.text))
<BR><BR>[Stack]<UL><LI>Max Depth = 88<LI>Call Chain = __aeabi_dadd &rArr; _double_epilogue &rArr; _double_round
</UL>
<BR>[Calls]<UL><LI><a href="#[62]">&gt;&gt;</a>&nbsp;&nbsp;&nbsp;__aeabi_lasr
<LI><a href="#[5a]">&gt;&gt;</a>&nbsp;&nbsp;&nbsp;__aeabi_llsl
<LI><a href="#[64]">&gt;&gt;</a>&nbsp;&nbsp;&nbsp;_double_round
<LI><a href="#[63]">&gt;&gt;</a>&nbsp;&nbsp;&nbsp;_double_epilogue
</UL>
<BR>[Called By]<UL><LI><a href="#[d7]">&gt;&gt;</a>&nbsp;&nbsp;&nbsp;GINavProc
<LI><a href="#[d6]">&gt;&gt;</a>&nbsp;&nbsp;&nbsp;GINavInit
<LI><a href="#[146]">&gt;&gt;</a>&nbsp;&nbsp;&nbsp;ProcessGPRMC
<LI><a href="#[145]">&gt;&gt;</a>&nbsp;&nbsp;&nbsp;ProcessGPGGA
<LI><a href="#[c6]">&gt;&gt;</a>&nbsp;&nbsp;&nbsp;TriangleMatInv
<LI><a href="#[cb]">&gt;&gt;</a>&nbsp;&nbsp;&nbsp;RotVec2Quat
<LI><a href="#[cd]">&gt;&gt;</a>&nbsp;&nbsp;&nbsp;QuatMulti
<LI><a href="#[ce]">&gt;&gt;</a>&nbsp;&nbsp;&nbsp;NormQuat
<LI><a href="#[f7]">&gt;&gt;</a>&nbsp;&nbsp;&nbsp;GetLocalGravity
<LI><a href="#[95]">&gt;&gt;</a>&nbsp;&nbsp;&nbsp;CMRotation
<LI><a href="#[91]">&gt;&gt;</a>&nbsp;&nbsp;&nbsp;CM2Euler
<LI><a href="#[82]">&gt;&gt;</a>&nbsp;&nbsp;&nbsp;Addequal
<LI><a href="#[81]">&gt;&gt;</a>&nbsp;&nbsp;&nbsp;AddMxMxMt
<LI><a href="#[7e]">&gt;&gt;</a>&nbsp;&nbsp;&nbsp;AddMxMtxMt
<LI><a href="#[7d]">&gt;&gt;</a>&nbsp;&nbsp;&nbsp;AddMxMt
<LI><a href="#[7c]">&gt;&gt;</a>&nbsp;&nbsp;&nbsp;AddMtxMt
<LI><a href="#[9e]">&gt;&gt;</a>&nbsp;&nbsp;&nbsp;Quat2CM
<LI><a href="#[dc]">&gt;&gt;</a>&nbsp;&nbsp;&nbsp;InitInstallMat
<LI><a href="#[dd]">&gt;&gt;</a>&nbsp;&nbsp;&nbsp;InitGyroBias
<LI><a href="#[e0]">&gt;&gt;</a>&nbsp;&nbsp;&nbsp;INSUpdate
<LI><a href="#[de]">&gt;&gt;</a>&nbsp;&nbsp;&nbsp;INSAlign
<LI><a href="#[db]">&gt;&gt;</a>&nbsp;&nbsp;&nbsp;IMUCompensate
<LI><a href="#[d3]">&gt;&gt;</a>&nbsp;&nbsp;&nbsp;GIKFUpdateByGNSS
<LI><a href="#[d1]">&gt;&gt;</a>&nbsp;&nbsp;&nbsp;GIKFPredictPMatrix
<LI><a href="#[c7]">&gt;&gt;</a>&nbsp;&nbsp;&nbsp;GIKFCalcPHIMatrix
<LI><a href="#[9d]">&gt;&gt;</a>&nbsp;&nbsp;&nbsp;Euler2Quat
<LI><a href="#[b0]">&gt;&gt;</a>&nbsp;&nbsp;&nbsp;DynamicModeIdentify
<LI><a href="#[9c]">&gt;&gt;</a>&nbsp;&nbsp;&nbsp;ConfirmHeading
<LI><a href="#[65]">&gt;&gt;</a>&nbsp;&nbsp;&nbsp;__aeabi_dsub
<LI><a href="#[66]">&gt;&gt;</a>&nbsp;&nbsp;&nbsp;__aeabi_drsub
<LI><a href="#[f2]">&gt;&gt;</a>&nbsp;&nbsp;&nbsp;GetGPVTG
<LI><a href="#[f1]">&gt;&gt;</a>&nbsp;&nbsp;&nbsp;GetGPRMC
<LI><a href="#[18f]">&gt;&gt;</a>&nbsp;&nbsp;&nbsp;__kernel_sin
<LI><a href="#[18e]">&gt;&gt;</a>&nbsp;&nbsp;&nbsp;__ieee754_rem_pio2
<LI><a href="#[188]">&gt;&gt;</a>&nbsp;&nbsp;&nbsp;__kernel_poly
<LI><a href="#[18b]">&gt;&gt;</a>&nbsp;&nbsp;&nbsp;__mathlib_dbl_infnan2
<LI><a href="#[183]">&gt;&gt;</a>&nbsp;&nbsp;&nbsp;__mathlib_dbl_infnan
<LI><a href="#[93]">&gt;&gt;</a>&nbsp;&nbsp;&nbsp;__hardfp_atan
<LI><a href="#[a0]">&gt;&gt;</a>&nbsp;&nbsp;&nbsp;__hardfp_asin
<LI><a href="#[d4]">&gt;&gt;</a>&nbsp;&nbsp;&nbsp;GnssEvaluation
<LI><a href="#[ca]">&gt;&gt;</a>&nbsp;&nbsp;&nbsp;GIKFINSErrorFix
<LI><a href="#[c9]">&gt;&gt;</a>&nbsp;&nbsp;&nbsp;GIKFCheckPMatrix
<LI><a href="#[c8]">&gt;&gt;</a>&nbsp;&nbsp;&nbsp;GIKFCheckGIResult
<LI><a href="#[c5]">&gt;&gt;</a>&nbsp;&nbsp;&nbsp;GIKFBatchSolution
</UL>

<P><STRONG><a name="[65]"></a>__aeabi_dsub</STRONG> (Thumb, 6 bytes, Stack size 0 bytes, dadd.o(.text))
<BR><BR>[Stack]<UL><LI>Max Depth = 88<LI>Call Chain = __aeabi_dsub &rArr; __aeabi_dadd &rArr; _double_epilogue &rArr; _double_round
</UL>
<BR>[Calls]<UL><LI><a href="#[61]">&gt;&gt;</a>&nbsp;&nbsp;&nbsp;__aeabi_dadd
</UL>
<BR>[Called By]<UL><LI><a href="#[d7]">&gt;&gt;</a>&nbsp;&nbsp;&nbsp;GINavProc
<LI><a href="#[d6]">&gt;&gt;</a>&nbsp;&nbsp;&nbsp;GINavInit
<LI><a href="#[cd]">&gt;&gt;</a>&nbsp;&nbsp;&nbsp;QuatMulti
<LI><a href="#[9e]">&gt;&gt;</a>&nbsp;&nbsp;&nbsp;Quat2CM
<LI><a href="#[dc]">&gt;&gt;</a>&nbsp;&nbsp;&nbsp;InitInstallMat
<LI><a href="#[e0]">&gt;&gt;</a>&nbsp;&nbsp;&nbsp;INSUpdate
<LI><a href="#[de]">&gt;&gt;</a>&nbsp;&nbsp;&nbsp;INSAlign
<LI><a href="#[d3]">&gt;&gt;</a>&nbsp;&nbsp;&nbsp;GIKFUpdateByGNSS
<LI><a href="#[9d]">&gt;&gt;</a>&nbsp;&nbsp;&nbsp;Euler2Quat
<LI><a href="#[b0]">&gt;&gt;</a>&nbsp;&nbsp;&nbsp;DynamicModeIdentify
<LI><a href="#[9c]">&gt;&gt;</a>&nbsp;&nbsp;&nbsp;ConfirmHeading
<LI><a href="#[14f]">&gt;&gt;</a>&nbsp;&nbsp;&nbsp;ProcessSSFTOA
<LI><a href="#[18f]">&gt;&gt;</a>&nbsp;&nbsp;&nbsp;__kernel_sin
<LI><a href="#[18e]">&gt;&gt;</a>&nbsp;&nbsp;&nbsp;__ieee754_rem_pio2
<LI><a href="#[190]">&gt;&gt;</a>&nbsp;&nbsp;&nbsp;__kernel_cos
<LI><a href="#[92]">&gt;&gt;</a>&nbsp;&nbsp;&nbsp;__hardfp_atan2
<LI><a href="#[93]">&gt;&gt;</a>&nbsp;&nbsp;&nbsp;__hardfp_atan
<LI><a href="#[a0]">&gt;&gt;</a>&nbsp;&nbsp;&nbsp;__hardfp_asin
<LI><a href="#[d4]">&gt;&gt;</a>&nbsp;&nbsp;&nbsp;GnssEvaluation
<LI><a href="#[ca]">&gt;&gt;</a>&nbsp;&nbsp;&nbsp;GIKFINSErrorFix
<LI><a href="#[c9]">&gt;&gt;</a>&nbsp;&nbsp;&nbsp;GIKFCheckPMatrix
</UL>

<P><STRONG><a name="[66]"></a>__aeabi_drsub</STRONG> (Thumb, 6 bytes, Stack size 0 bytes, dadd.o(.text))
<BR><BR>[Stack]<UL><LI>Max Depth = 88<LI>Call Chain = __aeabi_drsub &rArr; __aeabi_dadd &rArr; _double_epilogue &rArr; _double_round
</UL>
<BR>[Calls]<UL><LI><a href="#[61]">&gt;&gt;</a>&nbsp;&nbsp;&nbsp;__aeabi_dadd
</UL>
<BR>[Called By]<UL><LI><a href="#[cb]">&gt;&gt;</a>&nbsp;&nbsp;&nbsp;RotVec2Quat
<LI><a href="#[ce]">&gt;&gt;</a>&nbsp;&nbsp;&nbsp;NormQuat
<LI><a href="#[f8]">&gt;&gt;</a>&nbsp;&nbsp;&nbsp;GetNavFrameQuat
<LI><a href="#[dc]">&gt;&gt;</a>&nbsp;&nbsp;&nbsp;InitInstallMat
<LI><a href="#[dd]">&gt;&gt;</a>&nbsp;&nbsp;&nbsp;InitGyroBias
<LI><a href="#[e0]">&gt;&gt;</a>&nbsp;&nbsp;&nbsp;INSUpdate
<LI><a href="#[de]">&gt;&gt;</a>&nbsp;&nbsp;&nbsp;INSAlign
<LI><a href="#[db]">&gt;&gt;</a>&nbsp;&nbsp;&nbsp;IMUCompensate
<LI><a href="#[b0]">&gt;&gt;</a>&nbsp;&nbsp;&nbsp;DynamicModeIdentify
<LI><a href="#[f0]">&gt;&gt;</a>&nbsp;&nbsp;&nbsp;ProcessLongToA
<LI><a href="#[ef]">&gt;&gt;</a>&nbsp;&nbsp;&nbsp;ProcessLatToA
<LI><a href="#[18f]">&gt;&gt;</a>&nbsp;&nbsp;&nbsp;__kernel_sin
<LI><a href="#[18e]">&gt;&gt;</a>&nbsp;&nbsp;&nbsp;__ieee754_rem_pio2
<LI><a href="#[190]">&gt;&gt;</a>&nbsp;&nbsp;&nbsp;__kernel_cos
<LI><a href="#[92]">&gt;&gt;</a>&nbsp;&nbsp;&nbsp;__hardfp_atan2
<LI><a href="#[93]">&gt;&gt;</a>&nbsp;&nbsp;&nbsp;__hardfp_atan
<LI><a href="#[a0]">&gt;&gt;</a>&nbsp;&nbsp;&nbsp;__hardfp_asin
<LI><a href="#[c5]">&gt;&gt;</a>&nbsp;&nbsp;&nbsp;GIKFBatchSolution
</UL>

<P><STRONG><a name="[67]"></a>__aeabi_dmul</STRONG> (Thumb, 228 bytes, Stack size 48 bytes, dmul.o(.text))
<BR><BR>[Stack]<UL><LI>Max Depth = 88<LI>Call Chain = __aeabi_dmul &rArr; _double_epilogue &rArr; _double_round
</UL>
<BR>[Calls]<UL><LI><a href="#[63]">&gt;&gt;</a>&nbsp;&nbsp;&nbsp;_double_epilogue
</UL>
<BR>[Called By]<UL><LI><a href="#[13f]">&gt;&gt;</a>&nbsp;&nbsp;&nbsp;Pack_IMUData
<LI><a href="#[83]">&gt;&gt;</a>&nbsp;&nbsp;&nbsp;Analyse_GpsData
<LI><a href="#[d7]">&gt;&gt;</a>&nbsp;&nbsp;&nbsp;GINavProc
<LI><a href="#[d6]">&gt;&gt;</a>&nbsp;&nbsp;&nbsp;GINavInit
<LI><a href="#[138]">&gt;&gt;</a>&nbsp;&nbsp;&nbsp;MisAngle_Flash_INI
<LI><a href="#[c6]">&gt;&gt;</a>&nbsp;&nbsp;&nbsp;TriangleMatInv
<LI><a href="#[cb]">&gt;&gt;</a>&nbsp;&nbsp;&nbsp;RotVec2Quat
<LI><a href="#[cd]">&gt;&gt;</a>&nbsp;&nbsp;&nbsp;QuatMulti
<LI><a href="#[ce]">&gt;&gt;</a>&nbsp;&nbsp;&nbsp;NormQuat
<LI><a href="#[f8]">&gt;&gt;</a>&nbsp;&nbsp;&nbsp;GetNavFrameQuat
<LI><a href="#[f7]">&gt;&gt;</a>&nbsp;&nbsp;&nbsp;GetLocalGravity
<LI><a href="#[95]">&gt;&gt;</a>&nbsp;&nbsp;&nbsp;CMRotation
<LI><a href="#[91]">&gt;&gt;</a>&nbsp;&nbsp;&nbsp;CM2Euler
<LI><a href="#[81]">&gt;&gt;</a>&nbsp;&nbsp;&nbsp;AddMxMxMt
<LI><a href="#[7e]">&gt;&gt;</a>&nbsp;&nbsp;&nbsp;AddMxMtxMt
<LI><a href="#[7d]">&gt;&gt;</a>&nbsp;&nbsp;&nbsp;AddMxMt
<LI><a href="#[7c]">&gt;&gt;</a>&nbsp;&nbsp;&nbsp;AddMtxMt
<LI><a href="#[9e]">&gt;&gt;</a>&nbsp;&nbsp;&nbsp;Quat2CM
<LI><a href="#[dc]">&gt;&gt;</a>&nbsp;&nbsp;&nbsp;InitInstallMat
<LI><a href="#[dd]">&gt;&gt;</a>&nbsp;&nbsp;&nbsp;InitGyroBias
<LI><a href="#[e0]">&gt;&gt;</a>&nbsp;&nbsp;&nbsp;INSUpdate
<LI><a href="#[de]">&gt;&gt;</a>&nbsp;&nbsp;&nbsp;INSAlign
<LI><a href="#[db]">&gt;&gt;</a>&nbsp;&nbsp;&nbsp;IMUCompensate
<LI><a href="#[d3]">&gt;&gt;</a>&nbsp;&nbsp;&nbsp;GIKFUpdateByGNSS
<LI><a href="#[d1]">&gt;&gt;</a>&nbsp;&nbsp;&nbsp;GIKFPredictPMatrix
<LI><a href="#[c7]">&gt;&gt;</a>&nbsp;&nbsp;&nbsp;GIKFCalcPHIMatrix
<LI><a href="#[9d]">&gt;&gt;</a>&nbsp;&nbsp;&nbsp;Euler2Quat
<LI><a href="#[9c]">&gt;&gt;</a>&nbsp;&nbsp;&nbsp;ConfirmHeading
<LI><a href="#[14f]">&gt;&gt;</a>&nbsp;&nbsp;&nbsp;ProcessSSFTOA
<LI><a href="#[f0]">&gt;&gt;</a>&nbsp;&nbsp;&nbsp;ProcessLongToA
<LI><a href="#[ef]">&gt;&gt;</a>&nbsp;&nbsp;&nbsp;ProcessLatToA
<LI><a href="#[f5]">&gt;&gt;</a>&nbsp;&nbsp;&nbsp;GetLGPGGA
<LI><a href="#[f2]">&gt;&gt;</a>&nbsp;&nbsp;&nbsp;GetGPVTG
<LI><a href="#[f1]">&gt;&gt;</a>&nbsp;&nbsp;&nbsp;GetGPRMC
<LI><a href="#[ee]">&gt;&gt;</a>&nbsp;&nbsp;&nbsp;GetAngleDis
<LI><a href="#[e7]">&gt;&gt;</a>&nbsp;&nbsp;&nbsp;GetAngle
<LI><a href="#[77]">&gt;&gt;</a>&nbsp;&nbsp;&nbsp;_fp_value
<LI><a href="#[18f]">&gt;&gt;</a>&nbsp;&nbsp;&nbsp;__kernel_sin
<LI><a href="#[18e]">&gt;&gt;</a>&nbsp;&nbsp;&nbsp;__ieee754_rem_pio2
<LI><a href="#[188]">&gt;&gt;</a>&nbsp;&nbsp;&nbsp;__kernel_poly
<LI><a href="#[187]">&gt;&gt;</a>&nbsp;&nbsp;&nbsp;__mathlib_dbl_underflow
<LI><a href="#[190]">&gt;&gt;</a>&nbsp;&nbsp;&nbsp;__kernel_cos
<LI><a href="#[93]">&gt;&gt;</a>&nbsp;&nbsp;&nbsp;__hardfp_atan
<LI><a href="#[a0]">&gt;&gt;</a>&nbsp;&nbsp;&nbsp;__hardfp_asin
<LI><a href="#[d4]">&gt;&gt;</a>&nbsp;&nbsp;&nbsp;GnssEvaluation
<LI><a href="#[d5]">&gt;&gt;</a>&nbsp;&nbsp;&nbsp;SigmaJudge
<LI><a href="#[ca]">&gt;&gt;</a>&nbsp;&nbsp;&nbsp;GIKFINSErrorFix
<LI><a href="#[c9]">&gt;&gt;</a>&nbsp;&nbsp;&nbsp;GIKFCheckPMatrix
<LI><a href="#[c8]">&gt;&gt;</a>&nbsp;&nbsp;&nbsp;GIKFCheckGIResult
<LI><a href="#[c5]">&gt;&gt;</a>&nbsp;&nbsp;&nbsp;GIKFBatchSolution
</UL>

<P><STRONG><a name="[68]"></a>__aeabi_ddiv</STRONG> (Thumb, 222 bytes, Stack size 32 bytes, ddiv.o(.text))
<BR><BR>[Stack]<UL><LI>Max Depth = 40<LI>Call Chain = __aeabi_ddiv &rArr; _double_round
</UL>
<BR>[Calls]<UL><LI><a href="#[64]">&gt;&gt;</a>&nbsp;&nbsp;&nbsp;_double_round
</UL>
<BR>[Called By]<UL><LI><a href="#[d7]">&gt;&gt;</a>&nbsp;&nbsp;&nbsp;GINavProc
<LI><a href="#[146]">&gt;&gt;</a>&nbsp;&nbsp;&nbsp;ProcessGPRMC
<LI><a href="#[145]">&gt;&gt;</a>&nbsp;&nbsp;&nbsp;ProcessGPGGA
<LI><a href="#[c6]">&gt;&gt;</a>&nbsp;&nbsp;&nbsp;TriangleMatInv
<LI><a href="#[cb]">&gt;&gt;</a>&nbsp;&nbsp;&nbsp;RotVec2Quat
<LI><a href="#[ce]">&gt;&gt;</a>&nbsp;&nbsp;&nbsp;NormQuat
<LI><a href="#[f8]">&gt;&gt;</a>&nbsp;&nbsp;&nbsp;GetNavFrameQuat
<LI><a href="#[91]">&gt;&gt;</a>&nbsp;&nbsp;&nbsp;CM2Euler
<LI><a href="#[dc]">&gt;&gt;</a>&nbsp;&nbsp;&nbsp;InitInstallMat
<LI><a href="#[dd]">&gt;&gt;</a>&nbsp;&nbsp;&nbsp;InitGyroBias
<LI><a href="#[e0]">&gt;&gt;</a>&nbsp;&nbsp;&nbsp;INSUpdate
<LI><a href="#[de]">&gt;&gt;</a>&nbsp;&nbsp;&nbsp;INSAlign
<LI><a href="#[db]">&gt;&gt;</a>&nbsp;&nbsp;&nbsp;IMUCompensate
<LI><a href="#[da]">&gt;&gt;</a>&nbsp;&nbsp;&nbsp;HandleCompensate
<LI><a href="#[d1]">&gt;&gt;</a>&nbsp;&nbsp;&nbsp;GIKFPredictPMatrix
<LI><a href="#[c7]">&gt;&gt;</a>&nbsp;&nbsp;&nbsp;GIKFCalcPHIMatrix
<LI><a href="#[9d]">&gt;&gt;</a>&nbsp;&nbsp;&nbsp;Euler2Quat
<LI><a href="#[b0]">&gt;&gt;</a>&nbsp;&nbsp;&nbsp;DynamicModeIdentify
<LI><a href="#[14f]">&gt;&gt;</a>&nbsp;&nbsp;&nbsp;ProcessSSFTOA
<LI><a href="#[f2]">&gt;&gt;</a>&nbsp;&nbsp;&nbsp;GetGPVTG
<LI><a href="#[f1]">&gt;&gt;</a>&nbsp;&nbsp;&nbsp;GetGPRMC
<LI><a href="#[e7]">&gt;&gt;</a>&nbsp;&nbsp;&nbsp;GetAngle
<LI><a href="#[77]">&gt;&gt;</a>&nbsp;&nbsp;&nbsp;_fp_value
<LI><a href="#[185]">&gt;&gt;</a>&nbsp;&nbsp;&nbsp;__mathlib_dbl_invalid
<LI><a href="#[92]">&gt;&gt;</a>&nbsp;&nbsp;&nbsp;__hardfp_atan2
<LI><a href="#[93]">&gt;&gt;</a>&nbsp;&nbsp;&nbsp;__hardfp_atan
<LI><a href="#[a0]">&gt;&gt;</a>&nbsp;&nbsp;&nbsp;__hardfp_asin
<LI><a href="#[d4]">&gt;&gt;</a>&nbsp;&nbsp;&nbsp;GnssEvaluation
<LI><a href="#[ca]">&gt;&gt;</a>&nbsp;&nbsp;&nbsp;GIKFINSErrorFix
</UL>

<P><STRONG><a name="[69]"></a>__aeabi_i2d</STRONG> (Thumb, 34 bytes, Stack size 16 bytes, dflti.o(.text))
<BR><BR>[Stack]<UL><LI>Max Depth = 56<LI>Call Chain = __aeabi_i2d &rArr; _double_epilogue &rArr; _double_round
</UL>
<BR>[Calls]<UL><LI><a href="#[63]">&gt;&gt;</a>&nbsp;&nbsp;&nbsp;_double_epilogue
</UL>
<BR>[Called By]<UL><LI><a href="#[13f]">&gt;&gt;</a>&nbsp;&nbsp;&nbsp;Pack_IMUData
<LI><a href="#[dc]">&gt;&gt;</a>&nbsp;&nbsp;&nbsp;InitInstallMat
<LI><a href="#[de]">&gt;&gt;</a>&nbsp;&nbsp;&nbsp;INSAlign
<LI><a href="#[b0]">&gt;&gt;</a>&nbsp;&nbsp;&nbsp;DynamicModeIdentify
<LI><a href="#[14f]">&gt;&gt;</a>&nbsp;&nbsp;&nbsp;ProcessSSFTOA
<LI><a href="#[18e]">&gt;&gt;</a>&nbsp;&nbsp;&nbsp;__ieee754_rem_pio2
</UL>

<P><STRONG><a name="[6a]"></a>__aeabi_ui2d</STRONG> (Thumb, 26 bytes, Stack size 16 bytes, dfltui.o(.text))
<BR><BR>[Stack]<UL><LI>Max Depth = 56<LI>Call Chain = __aeabi_ui2d &rArr; _double_epilogue &rArr; _double_round
</UL>
<BR>[Calls]<UL><LI><a href="#[63]">&gt;&gt;</a>&nbsp;&nbsp;&nbsp;_double_epilogue
</UL>
<BR>[Called By]<UL><LI><a href="#[d7]">&gt;&gt;</a>&nbsp;&nbsp;&nbsp;GINavProc
<LI><a href="#[dd]">&gt;&gt;</a>&nbsp;&nbsp;&nbsp;InitGyroBias
<LI><a href="#[e0]">&gt;&gt;</a>&nbsp;&nbsp;&nbsp;INSUpdate
<LI><a href="#[db]">&gt;&gt;</a>&nbsp;&nbsp;&nbsp;IMUCompensate
<LI><a href="#[da]">&gt;&gt;</a>&nbsp;&nbsp;&nbsp;HandleCompensate
<LI><a href="#[d1]">&gt;&gt;</a>&nbsp;&nbsp;&nbsp;GIKFPredictPMatrix
<LI><a href="#[c7]">&gt;&gt;</a>&nbsp;&nbsp;&nbsp;GIKFCalcPHIMatrix
<LI><a href="#[f0]">&gt;&gt;</a>&nbsp;&nbsp;&nbsp;ProcessLongToA
<LI><a href="#[ef]">&gt;&gt;</a>&nbsp;&nbsp;&nbsp;ProcessLatToA
<LI><a href="#[18e]">&gt;&gt;</a>&nbsp;&nbsp;&nbsp;__ieee754_rem_pio2
</UL>

<P><STRONG><a name="[6b]"></a>__aeabi_d2iz</STRONG> (Thumb, 62 bytes, Stack size 16 bytes, dfixi.o(.text))
<BR><BR>[Stack]<UL><LI>Max Depth = 16<LI>Call Chain = __aeabi_d2iz
</UL>
<BR>[Calls]<UL><LI><a href="#[59]">&gt;&gt;</a>&nbsp;&nbsp;&nbsp;__aeabi_llsr
</UL>
<BR>[Called By]<UL><LI><a href="#[138]">&gt;&gt;</a>&nbsp;&nbsp;&nbsp;MisAngle_Flash_INI
<LI><a href="#[dc]">&gt;&gt;</a>&nbsp;&nbsp;&nbsp;InitInstallMat
<LI><a href="#[18e]">&gt;&gt;</a>&nbsp;&nbsp;&nbsp;__ieee754_rem_pio2
<LI><a href="#[190]">&gt;&gt;</a>&nbsp;&nbsp;&nbsp;__kernel_cos
</UL>

<P><STRONG><a name="[6c]"></a>__aeabi_d2uiz</STRONG> (Thumb, 50 bytes, Stack size 8 bytes, dfixui.o(.text))
<BR><BR>[Stack]<UL><LI>Max Depth = 8<LI>Call Chain = __aeabi_d2uiz
</UL>
<BR>[Calls]<UL><LI><a href="#[59]">&gt;&gt;</a>&nbsp;&nbsp;&nbsp;__aeabi_llsr
</UL>
<BR>[Called By]<UL><LI><a href="#[14f]">&gt;&gt;</a>&nbsp;&nbsp;&nbsp;ProcessSSFTOA
<LI><a href="#[f0]">&gt;&gt;</a>&nbsp;&nbsp;&nbsp;ProcessLongToA
<LI><a href="#[ef]">&gt;&gt;</a>&nbsp;&nbsp;&nbsp;ProcessLatToA
</UL>

<P><STRONG><a name="[6d]"></a>__aeabi_d2ulz</STRONG> (Thumb, 48 bytes, Stack size 0 bytes, dfixul.o(.text))
<BR><BR>[Calls]<UL><LI><a href="#[59]">&gt;&gt;</a>&nbsp;&nbsp;&nbsp;__aeabi_llsr
<LI><a href="#[5a]">&gt;&gt;</a>&nbsp;&nbsp;&nbsp;__aeabi_llsl
</UL>
<BR>[Called By]<UL><LI><a href="#[14f]">&gt;&gt;</a>&nbsp;&nbsp;&nbsp;ProcessSSFTOA
<LI><a href="#[f0]">&gt;&gt;</a>&nbsp;&nbsp;&nbsp;ProcessLongToA
<LI><a href="#[ef]">&gt;&gt;</a>&nbsp;&nbsp;&nbsp;ProcessLatToA
</UL>

<P><STRONG><a name="[89]"></a>__aeabi_f2d</STRONG> (Thumb, 38 bytes, Stack size 0 bytes, f2d.o(.text))
<BR><BR>[Called By]<UL><LI><a href="#[83]">&gt;&gt;</a>&nbsp;&nbsp;&nbsp;Analyse_GpsData
<LI><a href="#[d7]">&gt;&gt;</a>&nbsp;&nbsp;&nbsp;GINavProc
<LI><a href="#[a1]">&gt;&gt;</a>&nbsp;&nbsp;&nbsp;ConvertorRAngle
<LI><a href="#[9f]">&gt;&gt;</a>&nbsp;&nbsp;&nbsp;ConvertorPAngle
<LI><a href="#[db]">&gt;&gt;</a>&nbsp;&nbsp;&nbsp;IMUCompensate
<LI><a href="#[eb]">&gt;&gt;</a>&nbsp;&nbsp;&nbsp;ProcessZLSFTOA
<LI><a href="#[e7]">&gt;&gt;</a>&nbsp;&nbsp;&nbsp;GetAngle
<LI><a href="#[d4]">&gt;&gt;</a>&nbsp;&nbsp;&nbsp;GnssEvaluation
<LI><a href="#[96]">&gt;&gt;</a>&nbsp;&nbsp;&nbsp;ChangeGstDeta
</UL>

<P><STRONG><a name="[137]"></a>__aeabi_cdcmpeq</STRONG> (Thumb, 0 bytes, Stack size 0 bytes, cdcmple.o(.text))
<BR><BR>[Called By]<UL><LI><a href="#[135]">&gt;&gt;</a>&nbsp;&nbsp;&nbsp;MisAngle_Flash_Decode
<LI><a href="#[c6]">&gt;&gt;</a>&nbsp;&nbsp;&nbsp;TriangleMatInv
</UL>

<P><STRONG><a name="[94]"></a>__aeabi_cdcmple</STRONG> (Thumb, 48 bytes, Stack size 0 bytes, cdcmple.o(.text))
<BR><BR>[Called By]<UL><LI><a href="#[cb]">&gt;&gt;</a>&nbsp;&nbsp;&nbsp;RotVec2Quat
<LI><a href="#[cd]">&gt;&gt;</a>&nbsp;&nbsp;&nbsp;QuatMulti
<LI><a href="#[91]">&gt;&gt;</a>&nbsp;&nbsp;&nbsp;CM2Euler
<LI><a href="#[dc]">&gt;&gt;</a>&nbsp;&nbsp;&nbsp;InitInstallMat
<LI><a href="#[de]">&gt;&gt;</a>&nbsp;&nbsp;&nbsp;INSAlign
<LI><a href="#[d3]">&gt;&gt;</a>&nbsp;&nbsp;&nbsp;GIKFUpdateByGNSS
<LI><a href="#[9c]">&gt;&gt;</a>&nbsp;&nbsp;&nbsp;ConfirmHeading
<LI><a href="#[f5]">&gt;&gt;</a>&nbsp;&nbsp;&nbsp;GetLGPGGA
<LI><a href="#[d4]">&gt;&gt;</a>&nbsp;&nbsp;&nbsp;GnssEvaluation
<LI><a href="#[d5]">&gt;&gt;</a>&nbsp;&nbsp;&nbsp;SigmaJudge
<LI><a href="#[ca]">&gt;&gt;</a>&nbsp;&nbsp;&nbsp;GIKFINSErrorFix
<LI><a href="#[c9]">&gt;&gt;</a>&nbsp;&nbsp;&nbsp;GIKFCheckPMatrix
<LI><a href="#[c8]">&gt;&gt;</a>&nbsp;&nbsp;&nbsp;GIKFCheckGIResult
<LI><a href="#[96]">&gt;&gt;</a>&nbsp;&nbsp;&nbsp;ChangeGstDeta
</UL>

<P><STRONG><a name="[85]"></a>__aeabi_cdrcmple</STRONG> (Thumb, 48 bytes, Stack size 0 bytes, cdrcmple.o(.text))
<BR><BR>[Called By]<UL><LI><a href="#[83]">&gt;&gt;</a>&nbsp;&nbsp;&nbsp;Analyse_GpsData
<LI><a href="#[91]">&gt;&gt;</a>&nbsp;&nbsp;&nbsp;CM2Euler
<LI><a href="#[dc]">&gt;&gt;</a>&nbsp;&nbsp;&nbsp;InitInstallMat
<LI><a href="#[de]">&gt;&gt;</a>&nbsp;&nbsp;&nbsp;INSAlign
<LI><a href="#[b0]">&gt;&gt;</a>&nbsp;&nbsp;&nbsp;DynamicModeIdentify
<LI><a href="#[9c]">&gt;&gt;</a>&nbsp;&nbsp;&nbsp;ConfirmHeading
<LI><a href="#[d4]">&gt;&gt;</a>&nbsp;&nbsp;&nbsp;GnssEvaluation
<LI><a href="#[c8]">&gt;&gt;</a>&nbsp;&nbsp;&nbsp;GIKFCheckGIResult
</UL>

<P><STRONG><a name="[6e]"></a>__aeabi_d2f</STRONG> (Thumb, 56 bytes, Stack size 8 bytes, d2f.o(.text))
<BR><BR>[Stack]<UL><LI>Max Depth = 8<LI>Call Chain = __aeabi_d2f
</UL>
<BR>[Calls]<UL><LI><a href="#[6f]">&gt;&gt;</a>&nbsp;&nbsp;&nbsp;_float_round
</UL>
<BR>[Called By]<UL><LI><a href="#[83]">&gt;&gt;</a>&nbsp;&nbsp;&nbsp;Analyse_GpsData
<LI><a href="#[d7]">&gt;&gt;</a>&nbsp;&nbsp;&nbsp;GINavProc
<LI><a href="#[a1]">&gt;&gt;</a>&nbsp;&nbsp;&nbsp;ConvertorRAngle
<LI><a href="#[9f]">&gt;&gt;</a>&nbsp;&nbsp;&nbsp;ConvertorPAngle
<LI><a href="#[149]">&gt;&gt;</a>&nbsp;&nbsp;&nbsp;ProcessGPGST
<LI><a href="#[da]">&gt;&gt;</a>&nbsp;&nbsp;&nbsp;HandleCompensate
<LI><a href="#[f5]">&gt;&gt;</a>&nbsp;&nbsp;&nbsp;GetLGPGGA
<LI><a href="#[f2]">&gt;&gt;</a>&nbsp;&nbsp;&nbsp;GetGPVTG
<LI><a href="#[f1]">&gt;&gt;</a>&nbsp;&nbsp;&nbsp;GetGPRMC
<LI><a href="#[ee]">&gt;&gt;</a>&nbsp;&nbsp;&nbsp;GetAngleDis
<LI><a href="#[e7]">&gt;&gt;</a>&nbsp;&nbsp;&nbsp;GetAngle
<LI><a href="#[79]">&gt;&gt;</a>&nbsp;&nbsp;&nbsp;_scanf_really_real
<LI><a href="#[d4]">&gt;&gt;</a>&nbsp;&nbsp;&nbsp;GnssEvaluation
<LI><a href="#[c8]">&gt;&gt;</a>&nbsp;&nbsp;&nbsp;GIKFCheckGIResult
</UL>

<P><STRONG><a name="[5a]"></a>__aeabi_llsl</STRONG> (Thumb, 30 bytes, Stack size 0 bytes, llshl.o(.text))
<BR><BR>[Called By]<UL><LI><a href="#[61]">&gt;&gt;</a>&nbsp;&nbsp;&nbsp;__aeabi_dadd
<LI><a href="#[6d]">&gt;&gt;</a>&nbsp;&nbsp;&nbsp;__aeabi_d2ulz
<LI><a href="#[63]">&gt;&gt;</a>&nbsp;&nbsp;&nbsp;_double_epilogue
<LI><a href="#[58]">&gt;&gt;</a>&nbsp;&nbsp;&nbsp;__aeabi_uldivmod
</UL>

<P><STRONG><a name="[1a8]"></a>_ll_shift_l</STRONG> (Thumb, 0 bytes, Stack size 0 bytes, llshl.o(.text), UNUSED)

<P><STRONG><a name="[59]"></a>__aeabi_llsr</STRONG> (Thumb, 32 bytes, Stack size 0 bytes, llushr.o(.text))
<BR><BR>[Called By]<UL><LI><a href="#[6b]">&gt;&gt;</a>&nbsp;&nbsp;&nbsp;__aeabi_d2iz
<LI><a href="#[6d]">&gt;&gt;</a>&nbsp;&nbsp;&nbsp;__aeabi_d2ulz
<LI><a href="#[6c]">&gt;&gt;</a>&nbsp;&nbsp;&nbsp;__aeabi_d2uiz
<LI><a href="#[63]">&gt;&gt;</a>&nbsp;&nbsp;&nbsp;_double_epilogue
<LI><a href="#[58]">&gt;&gt;</a>&nbsp;&nbsp;&nbsp;__aeabi_uldivmod
<LI><a href="#[75]">&gt;&gt;</a>&nbsp;&nbsp;&nbsp;_dsqrt
</UL>

<P><STRONG><a name="[1a9]"></a>_ll_ushift_r</STRONG> (Thumb, 0 bytes, Stack size 0 bytes, llushr.o(.text), UNUSED)

<P><STRONG><a name="[62]"></a>__aeabi_lasr</STRONG> (Thumb, 36 bytes, Stack size 0 bytes, llsshr.o(.text))
<BR><BR>[Called By]<UL><LI><a href="#[61]">&gt;&gt;</a>&nbsp;&nbsp;&nbsp;__aeabi_dadd
</UL>

<P><STRONG><a name="[1aa]"></a>_ll_sshift_r</STRONG> (Thumb, 0 bytes, Stack size 0 bytes, llsshr.o(.text), UNUSED)

<P><STRONG><a name="[72]"></a>__strtod_int</STRONG> (Thumb, 88 bytes, Stack size 40 bytes, strtod.o(.text))
<BR><BR>[Stack]<UL><LI>Max Depth = 200<LI>Call Chain = __strtod_int &rArr; _local_sscanf &rArr; _scanf_real
</UL>
<BR>[Calls]<UL><LI><a href="#[70]">&gt;&gt;</a>&nbsp;&nbsp;&nbsp;_local_sscanf
</UL>
<BR>[Called By]<UL><LI><a href="#[14e]">&gt;&gt;</a>&nbsp;&nbsp;&nbsp;__hardfp_atof
</UL>

<P><STRONG><a name="[60]"></a>strtol</STRONG> (Thumb, 112 bytes, Stack size 32 bytes, strtol.o(.text))
<BR><BR>[Stack]<UL><LI>Max Depth = 72<LI>Call Chain = strtol &rArr; _strtoul
</UL>
<BR>[Calls]<UL><LI><a href="#[74]">&gt;&gt;</a>&nbsp;&nbsp;&nbsp;_strtoul
<LI><a href="#[73]">&gt;&gt;</a>&nbsp;&nbsp;&nbsp;__rt_ctype_table
<LI><a href="#[5f]">&gt;&gt;</a>&nbsp;&nbsp;&nbsp;__aeabi_errno_addr
</UL>
<BR>[Called By]<UL><LI><a href="#[5e]">&gt;&gt;</a>&nbsp;&nbsp;&nbsp;atoi
</UL>

<P><STRONG><a name="[1ab]"></a>__I$use$fp</STRONG> (Thumb, 0 bytes, Stack size 0 bytes, iusefp.o(.text), UNUSED)

<P><STRONG><a name="[6f]"></a>_float_round</STRONG> (Thumb, 18 bytes, Stack size 0 bytes, fepilogue.o(.text))
<BR><BR>[Called By]<UL><LI><a href="#[6e]">&gt;&gt;</a>&nbsp;&nbsp;&nbsp;__aeabi_d2f
</UL>

<P><STRONG><a name="[1ac]"></a>_float_epilogue</STRONG> (Thumb, 92 bytes, Stack size 4 bytes, fepilogue.o(.text), UNUSED)

<P><STRONG><a name="[64]"></a>_double_round</STRONG> (Thumb, 30 bytes, Stack size 8 bytes, depilogue.o(.text))
<BR><BR>[Stack]<UL><LI>Max Depth = 8<LI>Call Chain = _double_round
</UL>
<BR>[Called By]<UL><LI><a href="#[68]">&gt;&gt;</a>&nbsp;&nbsp;&nbsp;__aeabi_ddiv
<LI><a href="#[61]">&gt;&gt;</a>&nbsp;&nbsp;&nbsp;__aeabi_dadd
<LI><a href="#[63]">&gt;&gt;</a>&nbsp;&nbsp;&nbsp;_double_epilogue
<LI><a href="#[75]">&gt;&gt;</a>&nbsp;&nbsp;&nbsp;_dsqrt
</UL>

<P><STRONG><a name="[63]"></a>_double_epilogue</STRONG> (Thumb, 156 bytes, Stack size 32 bytes, depilogue.o(.text))
<BR><BR>[Stack]<UL><LI>Max Depth = 40<LI>Call Chain = _double_epilogue &rArr; _double_round
</UL>
<BR>[Calls]<UL><LI><a href="#[59]">&gt;&gt;</a>&nbsp;&nbsp;&nbsp;__aeabi_llsr
<LI><a href="#[5a]">&gt;&gt;</a>&nbsp;&nbsp;&nbsp;__aeabi_llsl
<LI><a href="#[64]">&gt;&gt;</a>&nbsp;&nbsp;&nbsp;_double_round
</UL>
<BR>[Called By]<UL><LI><a href="#[61]">&gt;&gt;</a>&nbsp;&nbsp;&nbsp;__aeabi_dadd
<LI><a href="#[67]">&gt;&gt;</a>&nbsp;&nbsp;&nbsp;__aeabi_dmul
<LI><a href="#[6a]">&gt;&gt;</a>&nbsp;&nbsp;&nbsp;__aeabi_ui2d
<LI><a href="#[69]">&gt;&gt;</a>&nbsp;&nbsp;&nbsp;__aeabi_i2d
<LI><a href="#[78]">&gt;&gt;</a>&nbsp;&nbsp;&nbsp;__aeabi_ul2d
</UL>

<P><STRONG><a name="[75]"></a>_dsqrt</STRONG> (Thumb, 162 bytes, Stack size 32 bytes, dsqrt.o(.text))
<BR><BR>[Stack]<UL><LI>Max Depth = 40<LI>Call Chain = _dsqrt &rArr; _double_round
</UL>
<BR>[Calls]<UL><LI><a href="#[59]">&gt;&gt;</a>&nbsp;&nbsp;&nbsp;__aeabi_llsr
<LI><a href="#[64]">&gt;&gt;</a>&nbsp;&nbsp;&nbsp;_double_round
</UL>
<BR>[Called By]<UL><LI><a href="#[18a]">&gt;&gt;</a>&nbsp;&nbsp;&nbsp;sqrt
<LI><a href="#[8a]">&gt;&gt;</a>&nbsp;&nbsp;&nbsp;__hardfp_sqrt
</UL>

<P><STRONG><a name="[4a]"></a>__scatterload</STRONG> (Thumb, 28 bytes, Stack size 0 bytes, init.o(.text))
<BR><BR>[Calls]<UL><LI><a href="#[76]">&gt;&gt;</a>&nbsp;&nbsp;&nbsp;__main_after_scatterload
</UL>
<BR>[Called By]<UL><LI><a href="#[49]">&gt;&gt;</a>&nbsp;&nbsp;&nbsp;_main_scatterload
</UL>

<P><STRONG><a name="[1ad]"></a>__scatterload_rt2</STRONG> (Thumb, 0 bytes, Stack size 0 bytes, init.o(.text), UNUSED)

<P><STRONG><a name="[73]"></a>__rt_ctype_table</STRONG> (Thumb, 4 bytes, Stack size 0 bytes, ctype_o.o(.text))
<BR><BR>[Called By]<UL><LI><a href="#[48]">&gt;&gt;</a>&nbsp;&nbsp;&nbsp;isspace
<LI><a href="#[60]">&gt;&gt;</a>&nbsp;&nbsp;&nbsp;strtol
</UL>

<P><STRONG><a name="[48]"></a>isspace</STRONG> (Thumb, 18 bytes, Stack size 8 bytes, isspace_o.o(.text))
<BR><BR>[Stack]<UL><LI>Max Depth = 8<LI>Call Chain = isspace
</UL>
<BR>[Calls]<UL><LI><a href="#[73]">&gt;&gt;</a>&nbsp;&nbsp;&nbsp;__rt_ctype_table
</UL>
<BR>[Address Reference Count : 1]<UL><LI> strtod.o(.text)
</UL>
<P><STRONG><a name="[71]"></a>_scanf_real</STRONG> (Thumb, 0 bytes, Stack size 104 bytes, scanf_fp.o(.text))
<BR><BR>[Stack]<UL><LI>Max Depth = 104<LI>Call Chain = _scanf_real
</UL>
<BR>[Called By]<UL><LI><a href="#[70]">&gt;&gt;</a>&nbsp;&nbsp;&nbsp;_local_sscanf
</UL>

<P><STRONG><a name="[79]"></a>_scanf_really_real</STRONG> (Thumb, 556 bytes, Stack size 104 bytes, scanf_fp.o(.text), UNUSED)
<BR><BR>[Calls]<UL><LI><a href="#[6e]">&gt;&gt;</a>&nbsp;&nbsp;&nbsp;__aeabi_d2f
<LI><a href="#[7a]">&gt;&gt;</a>&nbsp;&nbsp;&nbsp;_is_digit
<LI><a href="#[77]">&gt;&gt;</a>&nbsp;&nbsp;&nbsp;_fp_value
</UL>

<P><STRONG><a name="[46]"></a>_sgetc</STRONG> (Thumb, 30 bytes, Stack size 0 bytes, _sgetc.o(.text))
<BR>[Address Reference Count : 1]<UL><LI> strtod.o(.text)
</UL>
<P><STRONG><a name="[47]"></a>_sbackspace</STRONG> (Thumb, 34 bytes, Stack size 0 bytes, _sgetc.o(.text))
<BR>[Address Reference Count : 1]<UL><LI> strtod.o(.text)
</UL>
<P><STRONG><a name="[74]"></a>_strtoul</STRONG> (Thumb, 158 bytes, Stack size 40 bytes, _strtoul.o(.text))
<BR><BR>[Stack]<UL><LI>Max Depth = 40<LI>Call Chain = _strtoul
</UL>
<BR>[Calls]<UL><LI><a href="#[7b]">&gt;&gt;</a>&nbsp;&nbsp;&nbsp;_chval
<LI><a href="#[5f]">&gt;&gt;</a>&nbsp;&nbsp;&nbsp;__aeabi_errno_addr
</UL>
<BR>[Called By]<UL><LI><a href="#[60]">&gt;&gt;</a>&nbsp;&nbsp;&nbsp;strtol
</UL>

<P><STRONG><a name="[7b]"></a>_chval</STRONG> (Thumb, 28 bytes, Stack size 0 bytes, _chval.o(.text))
<BR><BR>[Called By]<UL><LI><a href="#[74]">&gt;&gt;</a>&nbsp;&nbsp;&nbsp;_strtoul
</UL>

<P><STRONG><a name="[78]"></a>__aeabi_ul2d</STRONG> (Thumb, 24 bytes, Stack size 16 bytes, dfltul.o(.text), UNUSED)
<BR><BR>[Calls]<UL><LI><a href="#[63]">&gt;&gt;</a>&nbsp;&nbsp;&nbsp;_double_epilogue
</UL>
<BR>[Called By]<UL><LI><a href="#[77]">&gt;&gt;</a>&nbsp;&nbsp;&nbsp;_fp_value
</UL>

<P><STRONG><a name="[1ae]"></a>__decompress</STRONG> (Thumb, 0 bytes, Stack size unknown bytes, __dczerorl2.o(.text), UNUSED)

<P><STRONG><a name="[1af]"></a>__decompress1</STRONG> (Thumb, 86 bytes, Stack size unknown bytes, __dczerorl2.o(.text), UNUSED)

<P><STRONG><a name="[197]"></a>Acc_Ini</STRONG> (Thumb, 120 bytes, Stack size 0 bytes, getacc.o(i.Acc_Ini))
<BR><BR>[Called By]<UL><LI><a href="#[43]">&gt;&gt;</a>&nbsp;&nbsp;&nbsp;main
</UL>

<P><STRONG><a name="[7c]"></a>AddMtxMt</STRONG> (Thumb, 432 bytes, Stack size 64 bytes, basicfunc.o(i.AddMtxMt))
<BR><BR>[Stack]<UL><LI>Max Depth = 152<LI>Call Chain = AddMtxMt &rArr; __aeabi_dadd &rArr; _double_epilogue &rArr; _double_round
</UL>
<BR>[Calls]<UL><LI><a href="#[61]">&gt;&gt;</a>&nbsp;&nbsp;&nbsp;__aeabi_dadd
<LI><a href="#[67]">&gt;&gt;</a>&nbsp;&nbsp;&nbsp;__aeabi_dmul
</UL>
<BR>[Called By]<UL><LI><a href="#[d1]">&gt;&gt;</a>&nbsp;&nbsp;&nbsp;GIKFPredictPMatrix
</UL>

<P><STRONG><a name="[7d]"></a>AddMxMt</STRONG> (Thumb, 432 bytes, Stack size 64 bytes, basicfunc.o(i.AddMxMt))
<BR><BR>[Stack]<UL><LI>Max Depth = 152<LI>Call Chain = AddMxMt &rArr; __aeabi_dadd &rArr; _double_epilogue &rArr; _double_round
</UL>
<BR>[Calls]<UL><LI><a href="#[61]">&gt;&gt;</a>&nbsp;&nbsp;&nbsp;__aeabi_dadd
<LI><a href="#[67]">&gt;&gt;</a>&nbsp;&nbsp;&nbsp;__aeabi_dmul
</UL>
<BR>[Called By]<UL><LI><a href="#[d1]">&gt;&gt;</a>&nbsp;&nbsp;&nbsp;GIKFPredictPMatrix
</UL>

<P><STRONG><a name="[7e]"></a>AddMxMtxMt</STRONG> (Thumb, 604 bytes, Stack size 64 bytes, basicfunc.o(i.AddMxMtxMt))
<BR><BR>[Stack]<UL><LI>Max Depth = 152<LI>Call Chain = AddMxMtxMt &rArr; __aeabi_dadd &rArr; _double_epilogue &rArr; _double_round
</UL>
<BR>[Calls]<UL><LI><a href="#[61]">&gt;&gt;</a>&nbsp;&nbsp;&nbsp;__aeabi_dadd
<LI><a href="#[67]">&gt;&gt;</a>&nbsp;&nbsp;&nbsp;__aeabi_dmul
<LI><a href="#[7f]">&gt;&gt;</a>&nbsp;&nbsp;&nbsp;malloc
<LI><a href="#[80]">&gt;&gt;</a>&nbsp;&nbsp;&nbsp;free
</UL>
<BR>[Called By]<UL><LI><a href="#[d1]">&gt;&gt;</a>&nbsp;&nbsp;&nbsp;GIKFPredictPMatrix
</UL>

<P><STRONG><a name="[81]"></a>AddMxMxMt</STRONG> (Thumb, 604 bytes, Stack size 64 bytes, basicfunc.o(i.AddMxMxMt))
<BR><BR>[Stack]<UL><LI>Max Depth = 152<LI>Call Chain = AddMxMxMt &rArr; __aeabi_dadd &rArr; _double_epilogue &rArr; _double_round
</UL>
<BR>[Calls]<UL><LI><a href="#[61]">&gt;&gt;</a>&nbsp;&nbsp;&nbsp;__aeabi_dadd
<LI><a href="#[67]">&gt;&gt;</a>&nbsp;&nbsp;&nbsp;__aeabi_dmul
<LI><a href="#[7f]">&gt;&gt;</a>&nbsp;&nbsp;&nbsp;malloc
<LI><a href="#[80]">&gt;&gt;</a>&nbsp;&nbsp;&nbsp;free
</UL>
<BR>[Called By]<UL><LI><a href="#[d1]">&gt;&gt;</a>&nbsp;&nbsp;&nbsp;GIKFPredictPMatrix
</UL>

<P><STRONG><a name="[82]"></a>Addequal</STRONG> (Thumb, 290 bytes, Stack size 32 bytes, basicfunc.o(i.Addequal))
<BR><BR>[Stack]<UL><LI>Max Depth = 120<LI>Call Chain = Addequal &rArr; __aeabi_dadd &rArr; _double_epilogue &rArr; _double_round
</UL>
<BR>[Calls]<UL><LI><a href="#[61]">&gt;&gt;</a>&nbsp;&nbsp;&nbsp;__aeabi_dadd
</UL>
<BR>[Called By]<UL><LI><a href="#[d1]">&gt;&gt;</a>&nbsp;&nbsp;&nbsp;GIKFPredictPMatrix
</UL>

<P><STRONG><a name="[83]"></a>Analyse_GpsData</STRONG> (Thumb, 2028 bytes, Stack size 64 bytes, getnass.o(i.Analyse_GpsData))
<BR><BR>[Stack]<UL><LI>Max Depth = 304<LI>Call Chain = Analyse_GpsData &rArr; __hardfp_sin &rArr; __ieee754_rem_pio2 &rArr; __aeabi_dadd &rArr; _double_epilogue &rArr; _double_round
</UL>
<BR>[Calls]<UL><LI><a href="#[84]">&gt;&gt;</a>&nbsp;&nbsp;&nbsp;IWDG_ReloadCounter
<LI><a href="#[89]">&gt;&gt;</a>&nbsp;&nbsp;&nbsp;__aeabi_f2d
<LI><a href="#[6e]">&gt;&gt;</a>&nbsp;&nbsp;&nbsp;__aeabi_d2f
<LI><a href="#[85]">&gt;&gt;</a>&nbsp;&nbsp;&nbsp;__aeabi_cdrcmple
<LI><a href="#[86]">&gt;&gt;</a>&nbsp;&nbsp;&nbsp;GetDiffAgeData
<LI><a href="#[67]">&gt;&gt;</a>&nbsp;&nbsp;&nbsp;__aeabi_dmul
<LI><a href="#[8a]">&gt;&gt;</a>&nbsp;&nbsp;&nbsp;__hardfp_sqrt
<LI><a href="#[87]">&gt;&gt;</a>&nbsp;&nbsp;&nbsp;__hardfp_sin
<LI><a href="#[88]">&gt;&gt;</a>&nbsp;&nbsp;&nbsp;__hardfp_cos
</UL>
<BR>[Called By]<UL><LI><a href="#[23]">&gt;&gt;</a>&nbsp;&nbsp;&nbsp;TIM2_IRQHandler
</UL>

<P><STRONG><a name="[8b]"></a>ApluCode</STRONG> (Thumb, 98 bytes, Stack size 8 bytes, main.o(i.ApluCode))
<BR><BR>[Stack]<UL><LI>Max Depth = 196<LI>Call Chain = ApluCode &rArr; alpuc_process &rArr; alpu_EDR &rArr; alpu_dec &rArr; dec_xor
</UL>
<BR>[Calls]<UL><LI><a href="#[57]">&gt;&gt;</a>&nbsp;&nbsp;&nbsp;alpuc_process
<LI><a href="#[56]">&gt;&gt;</a>&nbsp;&nbsp;&nbsp;_alpu_rand
</UL>
<BR>[Called By]<UL><LI><a href="#[43]">&gt;&gt;</a>&nbsp;&nbsp;&nbsp;main
</UL>

<P><STRONG><a name="[8c]"></a>BMI160_Ini</STRONG> (Thumb, 300 bytes, Stack size 8 bytes, getacc.o(i.BMI160_Ini))
<BR><BR>[Stack]<UL><LI>Max Depth = 24<LI>Call Chain = BMI160_Ini &rArr; SPI_ADS_SendData
</UL>
<BR>[Calls]<UL><LI><a href="#[8d]">&gt;&gt;</a>&nbsp;&nbsp;&nbsp;GPIO_SetBits
<LI><a href="#[8f]">&gt;&gt;</a>&nbsp;&nbsp;&nbsp;GPIO_ResetBits
<LI><a href="#[90]">&gt;&gt;</a>&nbsp;&nbsp;&nbsp;SPI_ADS_SendData
<LI><a href="#[8e]">&gt;&gt;</a>&nbsp;&nbsp;&nbsp;delay_us
</UL>
<BR>[Called By]<UL><LI><a href="#[43]">&gt;&gt;</a>&nbsp;&nbsp;&nbsp;main
</UL>

<P><STRONG><a name="[136]"></a>Buftodouble</STRONG> (Thumb, 42 bytes, Stack size 16 bytes, stmflash.o(i.Buftodouble))
<BR><BR>[Stack]<UL><LI>Max Depth = 16<LI>Call Chain = Buftodouble
</UL>
<BR>[Called By]<UL><LI><a href="#[135]">&gt;&gt;</a>&nbsp;&nbsp;&nbsp;MisAngle_Flash_Decode
</UL>

<P><STRONG><a name="[91]"></a>CM2Euler</STRONG> (Thumb, 354 bytes, Stack size 48 bytes, basicfunc.o(i.CM2Euler))
<BR><BR>[Stack]<UL><LI>Max Depth = 264<LI>Call Chain = CM2Euler &rArr; __hardfp_atan2 &rArr; atan &rArr; __hardfp_atan &rArr; __kernel_poly &rArr; __aeabi_dadd &rArr; _double_epilogue &rArr; _double_round
</UL>
<BR>[Calls]<UL><LI><a href="#[68]">&gt;&gt;</a>&nbsp;&nbsp;&nbsp;__aeabi_ddiv
<LI><a href="#[61]">&gt;&gt;</a>&nbsp;&nbsp;&nbsp;__aeabi_dadd
<LI><a href="#[85]">&gt;&gt;</a>&nbsp;&nbsp;&nbsp;__aeabi_cdrcmple
<LI><a href="#[67]">&gt;&gt;</a>&nbsp;&nbsp;&nbsp;__aeabi_dmul
<LI><a href="#[94]">&gt;&gt;</a>&nbsp;&nbsp;&nbsp;__aeabi_cdcmple
<LI><a href="#[8a]">&gt;&gt;</a>&nbsp;&nbsp;&nbsp;__hardfp_sqrt
<LI><a href="#[92]">&gt;&gt;</a>&nbsp;&nbsp;&nbsp;__hardfp_atan2
<LI><a href="#[93]">&gt;&gt;</a>&nbsp;&nbsp;&nbsp;__hardfp_atan
</UL>
<BR>[Called By]<UL><LI><a href="#[e0]">&gt;&gt;</a>&nbsp;&nbsp;&nbsp;INSUpdate
<LI><a href="#[ca]">&gt;&gt;</a>&nbsp;&nbsp;&nbsp;GIKFINSErrorFix
</UL>

<P><STRONG><a name="[95]"></a>CMRotation</STRONG> (Thumb, 450 bytes, Stack size 48 bytes, basicfunc.o(i.CMRotation))
<BR><BR>[Stack]<UL><LI>Max Depth = 136<LI>Call Chain = CMRotation &rArr; __aeabi_dadd &rArr; _double_epilogue &rArr; _double_round
</UL>
<BR>[Calls]<UL><LI><a href="#[61]">&gt;&gt;</a>&nbsp;&nbsp;&nbsp;__aeabi_dadd
<LI><a href="#[67]">&gt;&gt;</a>&nbsp;&nbsp;&nbsp;__aeabi_dmul
</UL>
<BR>[Called By]<UL><LI><a href="#[dc]">&gt;&gt;</a>&nbsp;&nbsp;&nbsp;InitInstallMat
<LI><a href="#[dd]">&gt;&gt;</a>&nbsp;&nbsp;&nbsp;InitGyroBias
<LI><a href="#[e0]">&gt;&gt;</a>&nbsp;&nbsp;&nbsp;INSUpdate
<LI><a href="#[db]">&gt;&gt;</a>&nbsp;&nbsp;&nbsp;IMUCompensate
<LI><a href="#[da]">&gt;&gt;</a>&nbsp;&nbsp;&nbsp;HandleCompensate
</UL>

<P><STRONG><a name="[96]"></a>ChangeGstDeta</STRONG> (Thumb, 492 bytes, Stack size 16 bytes, gifilter.o(i.ChangeGstDeta))
<BR><BR>[Stack]<UL><LI>Max Depth = 16<LI>Call Chain = ChangeGstDeta
</UL>
<BR>[Calls]<UL><LI><a href="#[89]">&gt;&gt;</a>&nbsp;&nbsp;&nbsp;__aeabi_f2d
<LI><a href="#[94]">&gt;&gt;</a>&nbsp;&nbsp;&nbsp;__aeabi_cdcmple
</UL>
<BR>[Called By]<UL><LI><a href="#[d3]">&gt;&gt;</a>&nbsp;&nbsp;&nbsp;GIKFUpdateByGNSS
</UL>

<P><STRONG><a name="[98]"></a>Change_SensorData</STRONG> (Thumb, 200 bytes, Stack size 12 bytes, getimu.o(i.Change_SensorData))
<BR><BR>[Stack]<UL><LI>Max Depth = 12<LI>Call Chain = Change_SensorData
</UL>
<BR>[Called By]<UL><LI><a href="#[97]">&gt;&gt;</a>&nbsp;&nbsp;&nbsp;Check_Lock_Code
<LI><a href="#[130]">&gt;&gt;</a>&nbsp;&nbsp;&nbsp;IMUData_Deal
</UL>

<P><STRONG><a name="[131]"></a>Change_Time</STRONG> (Thumb, 108 bytes, Stack size 0 bytes, getimu.o(i.Change_Time))
<BR><BR>[Called By]<UL><LI><a href="#[130]">&gt;&gt;</a>&nbsp;&nbsp;&nbsp;IMUData_Deal
</UL>

<P><STRONG><a name="[97]"></a>Check_Lock_Code</STRONG> (Thumb, 146 bytes, Stack size 8 bytes, encryptid.o(i.Check_Lock_Code))
<BR><BR>[Stack]<UL><LI>Max Depth = 20<LI>Call Chain = Check_Lock_Code &rArr; Change_SensorData
</UL>
<BR>[Calls]<UL><LI><a href="#[98]">&gt;&gt;</a>&nbsp;&nbsp;&nbsp;Change_SensorData
</UL>
<BR>[Called By]<UL><LI><a href="#[43]">&gt;&gt;</a>&nbsp;&nbsp;&nbsp;main
</UL>

<P><STRONG><a name="[102]"></a>Checkout_2Pi</STRONG> (Thumb, 92 bytes, Stack size 0 bytes, getacc.o(i.Checkout_2Pi))
<BR><BR>[Called By]<UL><LI><a href="#[100]">&gt;&gt;</a>&nbsp;&nbsp;&nbsp;Get_Angle_XYZ
</UL>

<P><STRONG><a name="[10e]"></a>Checkout_PGyr</STRONG> (Thumb, 48 bytes, Stack size 0 bytes, getgyr.o(i.Checkout_PGyr))
<BR><BR>[Called By]<UL><LI><a href="#[105]">&gt;&gt;</a>&nbsp;&nbsp;&nbsp;Get_Rate_Data
</UL>

<P><STRONG><a name="[101]"></a>Checkout_Pi</STRONG> (Thumb, 60 bytes, Stack size 0 bytes, getacc.o(i.Checkout_Pi))
<BR><BR>[Called By]<UL><LI><a href="#[100]">&gt;&gt;</a>&nbsp;&nbsp;&nbsp;Get_Angle_XYZ
</UL>

<P><STRONG><a name="[10f]"></a>Checkout_RGyr</STRONG> (Thumb, 48 bytes, Stack size 0 bytes, getgyr.o(i.Checkout_RGyr))
<BR><BR>[Called By]<UL><LI><a href="#[105]">&gt;&gt;</a>&nbsp;&nbsp;&nbsp;Get_Rate_Data
</UL>

<P><STRONG><a name="[110]"></a>Checkout_YGyr</STRONG> (Thumb, 48 bytes, Stack size 0 bytes, getgyr.o(i.Checkout_YGyr))
<BR><BR>[Called By]<UL><LI><a href="#[105]">&gt;&gt;</a>&nbsp;&nbsp;&nbsp;Get_Rate_Data
</UL>

<P><STRONG><a name="[ff]"></a>Checkout_a2g</STRONG> (Thumb, 46 bytes, Stack size 0 bytes, getacc.o(i.Checkout_a2g))
<BR><BR>[Called By]<UL><LI><a href="#[f9]">&gt;&gt;</a>&nbsp;&nbsp;&nbsp;Get_Acc_XYZ
</UL>

<P><STRONG><a name="[fd]"></a>Checkout_p2g</STRONG> (Thumb, 46 bytes, Stack size 0 bytes, getacc.o(i.Checkout_p2g))
<BR><BR>[Called By]<UL><LI><a href="#[f9]">&gt;&gt;</a>&nbsp;&nbsp;&nbsp;Get_Acc_XYZ
</UL>

<P><STRONG><a name="[fe]"></a>Checkout_r2g</STRONG> (Thumb, 46 bytes, Stack size 0 bytes, getacc.o(i.Checkout_r2g))
<BR><BR>[Called By]<UL><LI><a href="#[f9]">&gt;&gt;</a>&nbsp;&nbsp;&nbsp;Get_Acc_XYZ
</UL>

<P><STRONG><a name="[99]"></a>Com2SendData</STRONG> (Thumb, 50 bytes, Stack size 8 bytes, commdata.o(i.Com2SendData))
<BR><BR>[Stack]<UL><LI>Max Depth = 88<LI>Call Chain = Com2SendData &rArr; USART_DMA_TX_Configuration &rArr; DMA_Init
</UL>
<BR>[Calls]<UL><LI><a href="#[9a]">&gt;&gt;</a>&nbsp;&nbsp;&nbsp;USART_DMA_TX_Configuration
<LI><a href="#[9b]">&gt;&gt;</a>&nbsp;&nbsp;&nbsp;SendDriver
</UL>
<BR>[Called By]<UL><LI><a href="#[43]">&gt;&gt;</a>&nbsp;&nbsp;&nbsp;main
</UL>

<P><STRONG><a name="[125]"></a>Command_Handle</STRONG> (Thumb, 630 bytes, Stack size 0 bytes, commdata.o(i.Command_Handle))
<BR><BR>[Called By]<UL><LI><a href="#[124]">&gt;&gt;</a>&nbsp;&nbsp;&nbsp;HandleUserData
</UL>

<P><STRONG><a name="[9c]"></a>ConfirmHeading</STRONG> (Thumb, 658 bytes, Stack size 64 bytes, insalign.o(i.ConfirmHeading))
<BR><BR>[Stack]<UL><LI>Max Depth = 392<LI>Call Chain = ConfirmHeading &rArr; Euler2Quat &rArr; __hardfp_sin &rArr; __ieee754_rem_pio2 &rArr; __aeabi_dadd &rArr; _double_epilogue &rArr; _double_round
</UL>
<BR>[Calls]<UL><LI><a href="#[61]">&gt;&gt;</a>&nbsp;&nbsp;&nbsp;__aeabi_dadd
<LI><a href="#[85]">&gt;&gt;</a>&nbsp;&nbsp;&nbsp;__aeabi_cdrcmple
<LI><a href="#[67]">&gt;&gt;</a>&nbsp;&nbsp;&nbsp;__aeabi_dmul
<LI><a href="#[9e]">&gt;&gt;</a>&nbsp;&nbsp;&nbsp;Quat2CM
<LI><a href="#[9d]">&gt;&gt;</a>&nbsp;&nbsp;&nbsp;Euler2Quat
<LI><a href="#[65]">&gt;&gt;</a>&nbsp;&nbsp;&nbsp;__aeabi_dsub
<LI><a href="#[94]">&gt;&gt;</a>&nbsp;&nbsp;&nbsp;__aeabi_cdcmple
<LI><a href="#[8a]">&gt;&gt;</a>&nbsp;&nbsp;&nbsp;__hardfp_sqrt
<LI><a href="#[92]">&gt;&gt;</a>&nbsp;&nbsp;&nbsp;__hardfp_atan2
</UL>
<BR>[Called By]<UL><LI><a href="#[d7]">&gt;&gt;</a>&nbsp;&nbsp;&nbsp;GINavProc
</UL>

<P><STRONG><a name="[a3]"></a>Convert_Acc_Data</STRONG> (Thumb, 36 bytes, Stack size 0 bytes, getacc.o(i.Convert_Acc_Data))
<BR><BR>[Called By]<UL><LI><a href="#[a2]">&gt;&gt;</a>&nbsp;&nbsp;&nbsp;CoordChangeA
</UL>

<P><STRONG><a name="[10d]"></a>ConvertorGyrData</STRONG> (Thumb, 86 bytes, Stack size 8 bytes, getgyr.o(i.ConvertorGyrData))
<BR><BR>[Stack]<UL><LI>Max Depth = 8<LI>Call Chain = ConvertorGyrData
</UL>
<BR>[Called By]<UL><LI><a href="#[105]">&gt;&gt;</a>&nbsp;&nbsp;&nbsp;Get_Rate_Data
</UL>

<P><STRONG><a name="[fa]"></a>ConvertorPAcc</STRONG> (Thumb, 96 bytes, Stack size 0 bytes, getacc.o(i.ConvertorPAcc))
<BR><BR>[Called By]<UL><LI><a href="#[f9]">&gt;&gt;</a>&nbsp;&nbsp;&nbsp;Get_Acc_XYZ
</UL>

<P><STRONG><a name="[9f]"></a>ConvertorPAngle</STRONG> (Thumb, 112 bytes, Stack size 40 bytes, getacc.o(i.ConvertorPAngle))
<BR><BR>[Stack]<UL><LI>Max Depth = 240<LI>Call Chain = ConvertorPAngle &rArr; __hardfp_asin &rArr; __kernel_poly &rArr; __aeabi_dadd &rArr; _double_epilogue &rArr; _double_round
</UL>
<BR>[Calls]<UL><LI><a href="#[89]">&gt;&gt;</a>&nbsp;&nbsp;&nbsp;__aeabi_f2d
<LI><a href="#[6e]">&gt;&gt;</a>&nbsp;&nbsp;&nbsp;__aeabi_d2f
<LI><a href="#[a0]">&gt;&gt;</a>&nbsp;&nbsp;&nbsp;__hardfp_asin
</UL>
<BR>[Called By]<UL><LI><a href="#[100]">&gt;&gt;</a>&nbsp;&nbsp;&nbsp;Get_Angle_XYZ
</UL>

<P><STRONG><a name="[fb]"></a>ConvertorRAcc</STRONG> (Thumb, 106 bytes, Stack size 0 bytes, getacc.o(i.ConvertorRAcc))
<BR><BR>[Called By]<UL><LI><a href="#[f9]">&gt;&gt;</a>&nbsp;&nbsp;&nbsp;Get_Acc_XYZ
</UL>

<P><STRONG><a name="[a1]"></a>ConvertorRAngle</STRONG> (Thumb, 184 bytes, Stack size 48 bytes, getacc.o(i.ConvertorRAngle))
<BR><BR>[Stack]<UL><LI>Max Depth = 264<LI>Call Chain = ConvertorRAngle &rArr; __hardfp_atan2 &rArr; atan &rArr; __hardfp_atan &rArr; __kernel_poly &rArr; __aeabi_dadd &rArr; _double_epilogue &rArr; _double_round
</UL>
<BR>[Calls]<UL><LI><a href="#[89]">&gt;&gt;</a>&nbsp;&nbsp;&nbsp;__aeabi_f2d
<LI><a href="#[6e]">&gt;&gt;</a>&nbsp;&nbsp;&nbsp;__aeabi_d2f
<LI><a href="#[92]">&gt;&gt;</a>&nbsp;&nbsp;&nbsp;__hardfp_atan2
</UL>
<BR>[Called By]<UL><LI><a href="#[100]">&gt;&gt;</a>&nbsp;&nbsp;&nbsp;Get_Angle_XYZ
</UL>

<P><STRONG><a name="[fc]"></a>ConvertorZAcc</STRONG> (Thumb, 106 bytes, Stack size 0 bytes, getacc.o(i.ConvertorZAcc))
<BR><BR>[Called By]<UL><LI><a href="#[f9]">&gt;&gt;</a>&nbsp;&nbsp;&nbsp;Get_Acc_XYZ
</UL>

<P><STRONG><a name="[a2]"></a>CoordChangeA</STRONG> (Thumb, 492 bytes, Stack size 16 bytes, getacc.o(i.CoordChangeA))
<BR><BR>[Stack]<UL><LI>Max Depth = 16<LI>Call Chain = CoordChangeA
</UL>
<BR>[Calls]<UL><LI><a href="#[a3]">&gt;&gt;</a>&nbsp;&nbsp;&nbsp;Convert_Acc_Data
</UL>
<BR>[Called By]<UL><LI><a href="#[107]">&gt;&gt;</a>&nbsp;&nbsp;&nbsp;Get_BMI160A_Data
</UL>

<P><STRONG><a name="[10c]"></a>CoordChangeG</STRONG> (Thumb, 492 bytes, Stack size 8 bytes, getgyr.o(i.CoordChangeG))
<BR><BR>[Stack]<UL><LI>Max Depth = 8<LI>Call Chain = CoordChangeG
</UL>
<BR>[Called By]<UL><LI><a href="#[104]">&gt;&gt;</a>&nbsp;&nbsp;&nbsp;Get_BMI160G_Data
</UL>

<P><STRONG><a name="[3d]"></a>DMA2_Stream7_IRQHandler</STRONG> (Thumb, 38 bytes, Stack size 8 bytes, stm32f4xx_it.o(i.DMA2_Stream7_IRQHandler))
<BR><BR>[Stack]<UL><LI>Max Depth = 20<LI>Call Chain = DMA2_Stream7_IRQHandler &rArr; DMA_GetFlagStatus
</UL>
<BR>[Calls]<UL><LI><a href="#[a4]">&gt;&gt;</a>&nbsp;&nbsp;&nbsp;DMA_GetFlagStatus
<LI><a href="#[a6]">&gt;&gt;</a>&nbsp;&nbsp;&nbsp;DMA_Cmd
<LI><a href="#[a5]">&gt;&gt;</a>&nbsp;&nbsp;&nbsp;DMA_ClearFlag
<LI><a href="#[a7]">&gt;&gt;</a>&nbsp;&nbsp;&nbsp;DMA_Finish
</UL>
<BR>[Address Reference Count : 1]<UL><LI> startup_stm32f401xx.o(RESET)
</UL>
<P><STRONG><a name="[a5]"></a>DMA_ClearFlag</STRONG> (Thumb, 38 bytes, Stack size 0 bytes, stm32f4xx_dma.o(i.DMA_ClearFlag))
<BR><BR>[Called By]<UL><LI><a href="#[3d]">&gt;&gt;</a>&nbsp;&nbsp;&nbsp;DMA2_Stream7_IRQHandler
</UL>

<P><STRONG><a name="[a6]"></a>DMA_Cmd</STRONG> (Thumb, 22 bytes, Stack size 0 bytes, stm32f4xx_dma.o(i.DMA_Cmd))
<BR><BR>[Called By]<UL><LI><a href="#[3d]">&gt;&gt;</a>&nbsp;&nbsp;&nbsp;DMA2_Stream7_IRQHandler
<LI><a href="#[9b]">&gt;&gt;</a>&nbsp;&nbsp;&nbsp;SendDriver
</UL>

<P><STRONG><a name="[17b]"></a>DMA_DeInit</STRONG> (Thumb, 324 bytes, Stack size 0 bytes, stm32f4xx_dma.o(i.DMA_DeInit))
<BR><BR>[Called By]<UL><LI><a href="#[9a]">&gt;&gt;</a>&nbsp;&nbsp;&nbsp;USART_DMA_TX_Configuration
</UL>

<P><STRONG><a name="[a7]"></a>DMA_Finish</STRONG> (Thumb, 88 bytes, Stack size 0 bytes, stm32f4xx_it.o(i.DMA_Finish))
<BR><BR>[Called By]<UL><LI><a href="#[3d]">&gt;&gt;</a>&nbsp;&nbsp;&nbsp;DMA2_Stream7_IRQHandler
</UL>

<P><STRONG><a name="[17c]"></a>DMA_GetCmdStatus</STRONG> (Thumb, 20 bytes, Stack size 0 bytes, stm32f4xx_dma.o(i.DMA_GetCmdStatus))
<BR><BR>[Called By]<UL><LI><a href="#[9a]">&gt;&gt;</a>&nbsp;&nbsp;&nbsp;USART_DMA_TX_Configuration
</UL>

<P><STRONG><a name="[a4]"></a>DMA_GetFlagStatus</STRONG> (Thumb, 54 bytes, Stack size 12 bytes, stm32f4xx_dma.o(i.DMA_GetFlagStatus))
<BR><BR>[Stack]<UL><LI>Max Depth = 12<LI>Call Chain = DMA_GetFlagStatus
</UL>
<BR>[Called By]<UL><LI><a href="#[3d]">&gt;&gt;</a>&nbsp;&nbsp;&nbsp;DMA2_Stream7_IRQHandler
</UL>

<P><STRONG><a name="[17e]"></a>DMA_ITConfig</STRONG> (Thumb, 58 bytes, Stack size 8 bytes, stm32f4xx_dma.o(i.DMA_ITConfig))
<BR><BR>[Stack]<UL><LI>Max Depth = 8<LI>Call Chain = DMA_ITConfig
</UL>
<BR>[Called By]<UL><LI><a href="#[9a]">&gt;&gt;</a>&nbsp;&nbsp;&nbsp;USART_DMA_TX_Configuration
</UL>

<P><STRONG><a name="[17d]"></a>DMA_Init</STRONG> (Thumb, 82 bytes, Stack size 8 bytes, stm32f4xx_dma.o(i.DMA_Init))
<BR><BR>[Stack]<UL><LI>Max Depth = 8<LI>Call Chain = DMA_Init
</UL>
<BR>[Called By]<UL><LI><a href="#[9a]">&gt;&gt;</a>&nbsp;&nbsp;&nbsp;USART_DMA_TX_Configuration
</UL>

<P><STRONG><a name="[14d]"></a>DataJudge</STRONG> (Thumb, 56 bytes, Stack size 8 bytes, getgps.o(i.DataJudge))
<BR><BR>[Stack]<UL><LI>Max Depth = 8<LI>Call Chain = DataJudge
</UL>
<BR>[Called By]<UL><LI><a href="#[147]">&gt;&gt;</a>&nbsp;&nbsp;&nbsp;ProcessGPVTG
<LI><a href="#[146]">&gt;&gt;</a>&nbsp;&nbsp;&nbsp;ProcessGPRMC
<LI><a href="#[145]">&gt;&gt;</a>&nbsp;&nbsp;&nbsp;ProcessGPGGA
</UL>

<P><STRONG><a name="[a8]"></a>DataProcerInit</STRONG> (Thumb, 30 bytes, Stack size 8 bytes, dataproc.o(i.DataProcerInit))
<BR><BR>[Stack]<UL><LI>Max Depth = 8<LI>Call Chain = DataProcerInit
</UL>
<BR>[Calls]<UL><LI><a href="#[a9]">&gt;&gt;</a>&nbsp;&nbsp;&nbsp;__aeabi_memclr4
</UL>
<BR>[Called By]<UL><LI><a href="#[d6]">&gt;&gt;</a>&nbsp;&nbsp;&nbsp;GINavInit
</UL>

<P><STRONG><a name="[aa]"></a>Data_Flash_Decode</STRONG> (Thumb, 18 bytes, Stack size 4 bytes, stmflash.o(i.Data_Flash_Decode))
<BR><BR>[Stack]<UL><LI>Max Depth = 16<LI>Call Chain = Data_Flash_Decode &rArr; STMFLASH_Read
</UL>
<BR>[Calls]<UL><LI><a href="#[ab]">&gt;&gt;</a>&nbsp;&nbsp;&nbsp;STMFLASH_Read
<LI><a href="#[ac]">&gt;&gt;</a>&nbsp;&nbsp;&nbsp;Para_Flash_Decode
</UL>
<BR>[Called By]<UL><LI><a href="#[43]">&gt;&gt;</a>&nbsp;&nbsp;&nbsp;main
</UL>

<P><STRONG><a name="[ad]"></a>Data_Flash_Save</STRONG> (Thumb, 114 bytes, Stack size 16 bytes, stmflash.o(i.Data_Flash_Save))
<BR><BR>[Stack]<UL><LI>Max Depth = 72<LI>Call Chain = Data_Flash_Save &rArr; STMFLASH_Write &rArr; FLASH_EraseSector &rArr; FLASH_WaitForLastOperation
</UL>
<BR>[Calls]<UL><LI><a href="#[af]">&gt;&gt;</a>&nbsp;&nbsp;&nbsp;STMFLASH_Write
[...]
</UL>
<BR>[Calls]<UL><LI><a href="#[184]">&gt;&gt;</a>&nbsp;&nbsp;&nbsp;__set_errno
<LI><a href="#[18f]">&gt;&gt;</a>&nbsp;&nbsp;&nbsp;__kernel_sin
<LI><a href="#[18e]">&gt;&gt;</a>&nbsp;&nbsp;&nbsp;__ieee754_rem_pio2
<LI><a href="#[185]">&gt;&gt;</a>&nbsp;&nbsp;&nbsp;__mathlib_dbl_invalid
<LI><a href="#[183]">&gt;&gt;</a>&nbsp;&nbsp;&nbsp;__mathlib_dbl_infnan
<LI><a href="#[190]">&gt;&gt;</a>&nbsp;&nbsp;&nbsp;__kernel_cos
</UL>
<BR>[Called By]<UL><LI><a href="#[83]">&gt;&gt;</a>&nbsp;&nbsp;&nbsp;Analyse_GpsData
<LI><a href="#[d7]">&gt;&gt;</a>&nbsp;&nbsp;&nbsp;GINavProc
<LI><a href="#[d6]">&gt;&gt;</a>&nbsp;&nbsp;&nbsp;GINavInit
<LI><a href="#[cb]">&gt;&gt;</a>&nbsp;&nbsp;&nbsp;RotVec2Quat
<LI><a href="#[f8]">&gt;&gt;</a>&nbsp;&nbsp;&nbsp;GetNavFrameQuat
<LI><a href="#[dc]">&gt;&gt;</a>&nbsp;&nbsp;&nbsp;InitInstallMat
<LI><a href="#[9d]">&gt;&gt;</a>&nbsp;&nbsp;&nbsp;Euler2Quat
</UL>

<P><STRONG><a name="[8a]"></a>__hardfp_sqrt</STRONG> (Thumb, 122 bytes, Stack size 32 bytes, sqrt.o(i.__hardfp_sqrt))
<BR><BR>[Stack]<UL><LI>Max Depth = 72<LI>Call Chain = __hardfp_sqrt &rArr; _dsqrt &rArr; _double_round
</UL>
<BR>[Calls]<UL><LI><a href="#[184]">&gt;&gt;</a>&nbsp;&nbsp;&nbsp;__set_errno
<LI><a href="#[75]">&gt;&gt;</a>&nbsp;&nbsp;&nbsp;_dsqrt
</UL>
<BR>[Called By]<UL><LI><a href="#[83]">&gt;&gt;</a>&nbsp;&nbsp;&nbsp;Analyse_GpsData
<LI><a href="#[d7]">&gt;&gt;</a>&nbsp;&nbsp;&nbsp;GINavProc
<LI><a href="#[cb]">&gt;&gt;</a>&nbsp;&nbsp;&nbsp;RotVec2Quat
<LI><a href="#[91]">&gt;&gt;</a>&nbsp;&nbsp;&nbsp;CM2Euler
<LI><a href="#[dc]">&gt;&gt;</a>&nbsp;&nbsp;&nbsp;InitInstallMat
<LI><a href="#[e0]">&gt;&gt;</a>&nbsp;&nbsp;&nbsp;INSUpdate
<LI><a href="#[de]">&gt;&gt;</a>&nbsp;&nbsp;&nbsp;INSAlign
<LI><a href="#[c7]">&gt;&gt;</a>&nbsp;&nbsp;&nbsp;GIKFCalcPHIMatrix
<LI><a href="#[9c]">&gt;&gt;</a>&nbsp;&nbsp;&nbsp;ConfirmHeading
<LI><a href="#[f2]">&gt;&gt;</a>&nbsp;&nbsp;&nbsp;GetGPVTG
<LI><a href="#[f1]">&gt;&gt;</a>&nbsp;&nbsp;&nbsp;GetGPRMC
<LI><a href="#[d4]">&gt;&gt;</a>&nbsp;&nbsp;&nbsp;GnssEvaluation
<LI><a href="#[ca]">&gt;&gt;</a>&nbsp;&nbsp;&nbsp;GIKFINSErrorFix
<LI><a href="#[c8]">&gt;&gt;</a>&nbsp;&nbsp;&nbsp;GIKFCheckGIResult
</UL>

<P><STRONG><a name="[18e]"></a>__ieee754_rem_pio2</STRONG> (Thumb, 938 bytes, Stack size 120 bytes, rred.o(i.__ieee754_rem_pio2))
<BR><BR>[Stack]<UL><LI>Max Depth = 208<LI>Call Chain = __ieee754_rem_pio2 &rArr; __aeabi_dadd &rArr; _double_epilogue &rArr; _double_round
</UL>
<BR>[Calls]<UL><LI><a href="#[61]">&gt;&gt;</a>&nbsp;&nbsp;&nbsp;__aeabi_dadd
<LI><a href="#[67]">&gt;&gt;</a>&nbsp;&nbsp;&nbsp;__aeabi_dmul
<LI><a href="#[6b]">&gt;&gt;</a>&nbsp;&nbsp;&nbsp;__aeabi_d2iz
<LI><a href="#[6a]">&gt;&gt;</a>&nbsp;&nbsp;&nbsp;__aeabi_ui2d
<LI><a href="#[65]">&gt;&gt;</a>&nbsp;&nbsp;&nbsp;__aeabi_dsub
<LI><a href="#[66]">&gt;&gt;</a>&nbsp;&nbsp;&nbsp;__aeabi_drsub
<LI><a href="#[69]">&gt;&gt;</a>&nbsp;&nbsp;&nbsp;__aeabi_i2d
<LI><a href="#[189]">&gt;&gt;</a>&nbsp;&nbsp;&nbsp;fabs
</UL>
<BR>[Called By]<UL><LI><a href="#[87]">&gt;&gt;</a>&nbsp;&nbsp;&nbsp;__hardfp_sin
<LI><a href="#[88]">&gt;&gt;</a>&nbsp;&nbsp;&nbsp;__hardfp_cos
</UL>

<P><STRONG><a name="[190]"></a>__kernel_cos</STRONG> (Thumb, 322 bytes, Stack size 64 bytes, cos_i.o(i.__kernel_cos))
<BR><BR>[Stack]<UL><LI>Max Depth = 176<LI>Call Chain = __kernel_cos &rArr; __kernel_poly &rArr; __aeabi_dadd &rArr; _double_epilogue &rArr; _double_round
</UL>
<BR>[Calls]<UL><LI><a href="#[67]">&gt;&gt;</a>&nbsp;&nbsp;&nbsp;__aeabi_dmul
<LI><a href="#[6b]">&gt;&gt;</a>&nbsp;&nbsp;&nbsp;__aeabi_d2iz
<LI><a href="#[65]">&gt;&gt;</a>&nbsp;&nbsp;&nbsp;__aeabi_dsub
<LI><a href="#[66]">&gt;&gt;</a>&nbsp;&nbsp;&nbsp;__aeabi_drsub
<LI><a href="#[188]">&gt;&gt;</a>&nbsp;&nbsp;&nbsp;__kernel_poly
</UL>
<BR>[Called By]<UL><LI><a href="#[87]">&gt;&gt;</a>&nbsp;&nbsp;&nbsp;__hardfp_sin
<LI><a href="#[88]">&gt;&gt;</a>&nbsp;&nbsp;&nbsp;__hardfp_cos
</UL>

<P><STRONG><a name="[188]"></a>__kernel_poly</STRONG> (Thumb, 248 bytes, Stack size 24 bytes, poly.o(i.__kernel_poly))
<BR><BR>[Stack]<UL><LI>Max Depth = 112<LI>Call Chain = __kernel_poly &rArr; __aeabi_dadd &rArr; _double_epilogue &rArr; _double_round
</UL>
<BR>[Calls]<UL><LI><a href="#[61]">&gt;&gt;</a>&nbsp;&nbsp;&nbsp;__aeabi_dadd
<LI><a href="#[67]">&gt;&gt;</a>&nbsp;&nbsp;&nbsp;__aeabi_dmul
</UL>
<BR>[Called By]<UL><LI><a href="#[18f]">&gt;&gt;</a>&nbsp;&nbsp;&nbsp;__kernel_sin
<LI><a href="#[190]">&gt;&gt;</a>&nbsp;&nbsp;&nbsp;__kernel_cos
<LI><a href="#[93]">&gt;&gt;</a>&nbsp;&nbsp;&nbsp;__hardfp_atan
<LI><a href="#[a0]">&gt;&gt;</a>&nbsp;&nbsp;&nbsp;__hardfp_asin
</UL>

<P><STRONG><a name="[18f]"></a>__kernel_sin</STRONG> (Thumb, 280 bytes, Stack size 72 bytes, sin_i.o(i.__kernel_sin))
<BR><BR>[Stack]<UL><LI>Max Depth = 184<LI>Call Chain = __kernel_sin &rArr; __kernel_poly &rArr; __aeabi_dadd &rArr; _double_epilogue &rArr; _double_round
</UL>
<BR>[Calls]<UL><LI><a href="#[61]">&gt;&gt;</a>&nbsp;&nbsp;&nbsp;__aeabi_dadd
<LI><a href="#[67]">&gt;&gt;</a>&nbsp;&nbsp;&nbsp;__aeabi_dmul
<LI><a href="#[65]">&gt;&gt;</a>&nbsp;&nbsp;&nbsp;__aeabi_dsub
<LI><a href="#[66]">&gt;&gt;</a>&nbsp;&nbsp;&nbsp;__aeabi_drsub
<LI><a href="#[188]">&gt;&gt;</a>&nbsp;&nbsp;&nbsp;__kernel_poly
<LI><a href="#[186]">&gt;&gt;</a>&nbsp;&nbsp;&nbsp;__ARM_fpclassify
<LI><a href="#[187]">&gt;&gt;</a>&nbsp;&nbsp;&nbsp;__mathlib_dbl_underflow
</UL>
<BR>[Called By]<UL><LI><a href="#[87]">&gt;&gt;</a>&nbsp;&nbsp;&nbsp;__hardfp_sin
<LI><a href="#[88]">&gt;&gt;</a>&nbsp;&nbsp;&nbsp;__hardfp_cos
</UL>

<P><STRONG><a name="[183]"></a>__mathlib_dbl_infnan</STRONG> (Thumb, 20 bytes, Stack size 8 bytes, dunder.o(i.__mathlib_dbl_infnan))
<BR><BR>[Stack]<UL><LI>Max Depth = 96<LI>Call Chain = __mathlib_dbl_infnan &rArr; __aeabi_dadd &rArr; _double_epilogue &rArr; _double_round
</UL>
<BR>[Calls]<UL><LI><a href="#[61]">&gt;&gt;</a>&nbsp;&nbsp;&nbsp;__aeabi_dadd
</UL>
<BR>[Called By]<UL><LI><a href="#[87]">&gt;&gt;</a>&nbsp;&nbsp;&nbsp;__hardfp_sin
<LI><a href="#[88]">&gt;&gt;</a>&nbsp;&nbsp;&nbsp;__hardfp_cos
<LI><a href="#[93]">&gt;&gt;</a>&nbsp;&nbsp;&nbsp;__hardfp_atan
<LI><a href="#[a0]">&gt;&gt;</a>&nbsp;&nbsp;&nbsp;__hardfp_asin
</UL>

<P><STRONG><a name="[18b]"></a>__mathlib_dbl_infnan2</STRONG> (Thumb, 20 bytes, Stack size 8 bytes, dunder.o(i.__mathlib_dbl_infnan2))
<BR><BR>[Stack]<UL><LI>Max Depth = 96<LI>Call Chain = __mathlib_dbl_infnan2 &rArr; __aeabi_dadd &rArr; _double_epilogue &rArr; _double_round
</UL>
<BR>[Calls]<UL><LI><a href="#[61]">&gt;&gt;</a>&nbsp;&nbsp;&nbsp;__aeabi_dadd
</UL>
<BR>[Called By]<UL><LI><a href="#[92]">&gt;&gt;</a>&nbsp;&nbsp;&nbsp;__hardfp_atan2
</UL>

<P><STRONG><a name="[185]"></a>__mathlib_dbl_invalid</STRONG> (Thumb, 24 bytes, Stack size 8 bytes, dunder.o(i.__mathlib_dbl_invalid))
<BR><BR>[Stack]<UL><LI>Max Depth = 48<LI>Call Chain = __mathlib_dbl_invalid &rArr; __aeabi_ddiv &rArr; _double_round
</UL>
<BR>[Calls]<UL><LI><a href="#[68]">&gt;&gt;</a>&nbsp;&nbsp;&nbsp;__aeabi_ddiv
</UL>
<BR>[Called By]<UL><LI><a href="#[87]">&gt;&gt;</a>&nbsp;&nbsp;&nbsp;__hardfp_sin
<LI><a href="#[88]">&gt;&gt;</a>&nbsp;&nbsp;&nbsp;__hardfp_cos
<LI><a href="#[a0]">&gt;&gt;</a>&nbsp;&nbsp;&nbsp;__hardfp_asin
</UL>

<P><STRONG><a name="[187]"></a>__mathlib_dbl_underflow</STRONG> (Thumb, 24 bytes, Stack size 8 bytes, dunder.o(i.__mathlib_dbl_underflow))
<BR><BR>[Stack]<UL><LI>Max Depth = 96<LI>Call Chain = __mathlib_dbl_underflow &rArr; __aeabi_dmul &rArr; _double_epilogue &rArr; _double_round
</UL>
<BR>[Calls]<UL><LI><a href="#[67]">&gt;&gt;</a>&nbsp;&nbsp;&nbsp;__aeabi_dmul
</UL>
<BR>[Called By]<UL><LI><a href="#[18f]">&gt;&gt;</a>&nbsp;&nbsp;&nbsp;__kernel_sin
<LI><a href="#[93]">&gt;&gt;</a>&nbsp;&nbsp;&nbsp;__hardfp_atan
<LI><a href="#[a0]">&gt;&gt;</a>&nbsp;&nbsp;&nbsp;__hardfp_asin
</UL>

<P><STRONG><a name="[18d]"></a>__read_errno</STRONG> (Thumb, 6 bytes, Stack size 0 bytes, errno.o(i.__read_errno))
<BR><BR>[Called By]<UL><LI><a href="#[14e]">&gt;&gt;</a>&nbsp;&nbsp;&nbsp;__hardfp_atof
</UL>

<P><STRONG><a name="[1b1]"></a>__scatterload_copy</STRONG> (Thumb, 14 bytes, Stack size unknown bytes, handlers.o(i.__scatterload_copy), UNUSED)

<P><STRONG><a name="[1b2]"></a>__scatterload_null</STRONG> (Thumb, 2 bytes, Stack size unknown bytes, handlers.o(i.__scatterload_null), UNUSED)

<P><STRONG><a name="[1b3]"></a>__scatterload_zeroinit</STRONG> (Thumb, 14 bytes, Stack size unknown bytes, handlers.o(i.__scatterload_zeroinit), UNUSED)

<P><STRONG><a name="[184]"></a>__set_errno</STRONG> (Thumb, 6 bytes, Stack size 0 bytes, errno.o(i.__set_errno))
<BR><BR>[Called By]<UL><LI><a href="#[18a]">&gt;&gt;</a>&nbsp;&nbsp;&nbsp;sqrt
<LI><a href="#[8a]">&gt;&gt;</a>&nbsp;&nbsp;&nbsp;__hardfp_sqrt
<LI><a href="#[87]">&gt;&gt;</a>&nbsp;&nbsp;&nbsp;__hardfp_sin
<LI><a href="#[88]">&gt;&gt;</a>&nbsp;&nbsp;&nbsp;__hardfp_cos
<LI><a href="#[14e]">&gt;&gt;</a>&nbsp;&nbsp;&nbsp;__hardfp_atof
<LI><a href="#[a0]">&gt;&gt;</a>&nbsp;&nbsp;&nbsp;__hardfp_asin
</UL>

<P><STRONG><a name="[54]"></a>_alpu_delay_ms</STRONG> (Thumb, 12 bytes, Stack size 8 bytes, 24cxx.o(i._alpu_delay_ms))
<BR><BR>[Stack]<UL><LI>Max Depth = 24<LI>Call Chain = _alpu_delay_ms &rArr; delay_ms
</UL>
<BR>[Calls]<UL><LI><a href="#[ba]">&gt;&gt;</a>&nbsp;&nbsp;&nbsp;delay_ms
</UL>
<BR>[Called By]<UL><LI><a href="#[57]">&gt;&gt;</a>&nbsp;&nbsp;&nbsp;alpuc_process
<LI><a href="#[52]">&gt;&gt;</a>&nbsp;&nbsp;&nbsp;alpu_EDR
</UL>

<P><STRONG><a name="[56]"></a>_alpu_rand</STRONG> (Thumb, 54 bytes, Stack size 8 bytes, 24cxx.o(i._alpu_rand))
<BR><BR>[Stack]<UL><LI>Max Depth = 8<LI>Call Chain = _alpu_rand
</UL>
<BR>[Calls]<UL><LI><a href="#[191]">&gt;&gt;</a>&nbsp;&nbsp;&nbsp;srand
<LI><a href="#[192]">&gt;&gt;</a>&nbsp;&nbsp;&nbsp;rand
</UL>
<BR>[Called By]<UL><LI><a href="#[57]">&gt;&gt;</a>&nbsp;&nbsp;&nbsp;alpuc_process
<LI><a href="#[8b]">&gt;&gt;</a>&nbsp;&nbsp;&nbsp;ApluCode
<LI><a href="#[55]">&gt;&gt;</a>&nbsp;&nbsp;&nbsp;alpu_CERTI
</UL>

<P><STRONG><a name="[4c]"></a>_i2c_read</STRONG> (Thumb, 80 bytes, Stack size 24 bytes, 24cxx.o(i._i2c_read))
<BR><BR>[Stack]<UL><LI>Max Depth = 48<LI>Call Chain = _i2c_read &rArr; IIC_Read_Byte &rArr; IIC_NAck
</UL>
<BR>[Calls]<UL><LI><a href="#[b6]">&gt;&gt;</a>&nbsp;&nbsp;&nbsp;IIC_Wait_Ack
<LI><a href="#[b8]">&gt;&gt;</a>&nbsp;&nbsp;&nbsp;IIC_Stop
<LI><a href="#[b4]">&gt;&gt;</a>&nbsp;&nbsp;&nbsp;IIC_Start
<LI><a href="#[b5]">&gt;&gt;</a>&nbsp;&nbsp;&nbsp;IIC_Send_Byte
<LI><a href="#[b7]">&gt;&gt;</a>&nbsp;&nbsp;&nbsp;IIC_Read_Byte
</UL>
<BR>[Called By]<UL><LI><a href="#[57]">&gt;&gt;</a>&nbsp;&nbsp;&nbsp;alpuc_process
<LI><a href="#[52]">&gt;&gt;</a>&nbsp;&nbsp;&nbsp;alpu_EDR
<LI><a href="#[4b]">&gt;&gt;</a>&nbsp;&nbsp;&nbsp;Read_US
</UL>

<P><STRONG><a name="[53]"></a>_i2c_write</STRONG> (Thumb, 74 bytes, Stack size 24 bytes, 24cxx.o(i._i2c_write))
<BR><BR>[Stack]<UL><LI>Max Depth = 40<LI>Call Chain = _i2c_write &rArr; IIC_Wait_Ack &rArr; IIC_Stop
</UL>
<BR>[Calls]<UL><LI><a href="#[b6]">&gt;&gt;</a>&nbsp;&nbsp;&nbsp;IIC_Wait_Ack
<LI><a href="#[b8]">&gt;&gt;</a>&nbsp;&nbsp;&nbsp;IIC_Stop
<LI><a href="#[b4]">&gt;&gt;</a>&nbsp;&nbsp;&nbsp;IIC_Start
<LI><a href="#[b5]">&gt;&gt;</a>&nbsp;&nbsp;&nbsp;IIC_Send_Byte
<LI><a href="#[ba]">&gt;&gt;</a>&nbsp;&nbsp;&nbsp;delay_ms
</UL>
<BR>[Called By]<UL><LI><a href="#[57]">&gt;&gt;</a>&nbsp;&nbsp;&nbsp;alpuc_process
<LI><a href="#[55]">&gt;&gt;</a>&nbsp;&nbsp;&nbsp;alpu_CERTI
<LI><a href="#[52]">&gt;&gt;</a>&nbsp;&nbsp;&nbsp;alpu_EDR
</UL>

<P><STRONG><a name="[7a]"></a>_is_digit</STRONG> (Thumb, 14 bytes, Stack size 0 bytes, scanf_fp.o(i._is_digit), UNUSED)
<BR><BR>[Called By]<UL><LI><a href="#[79]">&gt;&gt;</a>&nbsp;&nbsp;&nbsp;_scanf_really_real
</UL>

<P><STRONG><a name="[18c]"></a>atan</STRONG> (Thumb, 16 bytes, Stack size 8 bytes, atan.o(i.atan))
<BR><BR>[Stack]<UL><LI>Max Depth = 168<LI>Call Chain = atan &rArr; __hardfp_atan &rArr; __kernel_poly &rArr; __aeabi_dadd &rArr; _double_epilogue &rArr; _double_round
</UL>
<BR>[Calls]<UL><LI><a href="#[93]">&gt;&gt;</a>&nbsp;&nbsp;&nbsp;__hardfp_atan
</UL>
<BR>[Called By]<UL><LI><a href="#[92]">&gt;&gt;</a>&nbsp;&nbsp;&nbsp;__hardfp_atan2
</UL>

<P><STRONG><a name="[193]"></a>delay_init</STRONG> (Thumb, 52 bytes, Stack size 8 bytes, delay.o(i.delay_init))
<BR><BR>[Stack]<UL><LI>Max Depth = 8<LI>Call Chain = delay_init
</UL>
<BR>[Calls]<UL><LI><a href="#[194]">&gt;&gt;</a>&nbsp;&nbsp;&nbsp;SysTick_CLKSourceConfig
</UL>
<BR>[Called By]<UL><LI><a href="#[43]">&gt;&gt;</a>&nbsp;&nbsp;&nbsp;main
</UL>

<P><STRONG><a name="[ba]"></a>delay_ms</STRONG> (Thumb, 56 bytes, Stack size 16 bytes, delay.o(i.delay_ms))
<BR><BR>[Stack]<UL><LI>Max Depth = 16<LI>Call Chain = delay_ms
</UL>
<BR>[Calls]<UL><LI><a href="#[195]">&gt;&gt;</a>&nbsp;&nbsp;&nbsp;delay_xms
</UL>
<BR>[Called By]<UL><LI><a href="#[53]">&gt;&gt;</a>&nbsp;&nbsp;&nbsp;_i2c_write
<LI><a href="#[54]">&gt;&gt;</a>&nbsp;&nbsp;&nbsp;_alpu_delay_ms
<LI><a href="#[2e]">&gt;&gt;</a>&nbsp;&nbsp;&nbsp;EXTI15_10_IRQHandler
<LI><a href="#[113]">&gt;&gt;</a>&nbsp;&nbsp;&nbsp;GpsConfig2
<LI><a href="#[43]">&gt;&gt;</a>&nbsp;&nbsp;&nbsp;main
<LI><a href="#[e6]">&gt;&gt;</a>&nbsp;&nbsp;&nbsp;GpsBautConfig
<LI><a href="#[b3]">&gt;&gt;</a>&nbsp;&nbsp;&nbsp;EEPROM_WriteOneByte
</UL>

<P><STRONG><a name="[8e]"></a>delay_us</STRONG> (Thumb, 72 bytes, Stack size 0 bytes, delay.o(i.delay_us))
<BR><BR>[Called By]<UL><LI><a href="#[b6]">&gt;&gt;</a>&nbsp;&nbsp;&nbsp;IIC_Wait_Ack
<LI><a href="#[b8]">&gt;&gt;</a>&nbsp;&nbsp;&nbsp;IIC_Stop
<LI><a href="#[b4]">&gt;&gt;</a>&nbsp;&nbsp;&nbsp;IIC_Start
<LI><a href="#[b5]">&gt;&gt;</a>&nbsp;&nbsp;&nbsp;IIC_Send_Byte
<LI><a href="#[b7]">&gt;&gt;</a>&nbsp;&nbsp;&nbsp;IIC_Read_Byte
<LI><a href="#[134]">&gt;&gt;</a>&nbsp;&nbsp;&nbsp;Interrupt_Any_motion
<LI><a href="#[8c]">&gt;&gt;</a>&nbsp;&nbsp;&nbsp;BMI160_Ini
<LI><a href="#[12c]">&gt;&gt;</a>&nbsp;&nbsp;&nbsp;IIC_NAck
<LI><a href="#[12a]">&gt;&gt;</a>&nbsp;&nbsp;&nbsp;IIC_Ack
<LI><a href="#[104]">&gt;&gt;</a>&nbsp;&nbsp;&nbsp;Get_BMI160G_Data
<LI><a href="#[107]">&gt;&gt;</a>&nbsp;&nbsp;&nbsp;Get_BMI160A_Data
</UL>

<P><STRONG><a name="[195]"></a>delay_xms</STRONG> (Thumb, 72 bytes, Stack size 0 bytes, delay.o(i.delay_xms))
<BR><BR>[Called By]<UL><LI><a href="#[ba]">&gt;&gt;</a>&nbsp;&nbsp;&nbsp;delay_ms
</UL>

<P><STRONG><a name="[189]"></a>fabs</STRONG> (Thumb, 24 bytes, Stack size 8 bytes, fabs.o(i.fabs))
<BR><BR>[Stack]<UL><LI>Max Depth = 8<LI>Call Chain = fabs
</UL>
<BR>[Called By]<UL><LI><a href="#[18e]">&gt;&gt;</a>&nbsp;&nbsp;&nbsp;__ieee754_rem_pio2
<LI><a href="#[92]">&gt;&gt;</a>&nbsp;&nbsp;&nbsp;__hardfp_atan2
<LI><a href="#[93]">&gt;&gt;</a>&nbsp;&nbsp;&nbsp;__hardfp_atan
<LI><a href="#[a0]">&gt;&gt;</a>&nbsp;&nbsp;&nbsp;__hardfp_asin
</UL>

<P><STRONG><a name="[80]"></a>free</STRONG> (Thumb, 76 bytes, Stack size 8 bytes, malloc.o(i.free))
<BR><BR>[Stack]<UL><LI>Max Depth = 8<LI>Call Chain = free
</UL>
<BR>[Called By]<UL><LI><a href="#[c6]">&gt;&gt;</a>&nbsp;&nbsp;&nbsp;TriangleMatInv
<LI><a href="#[81]">&gt;&gt;</a>&nbsp;&nbsp;&nbsp;AddMxMxMt
<LI><a href="#[7e]">&gt;&gt;</a>&nbsp;&nbsp;&nbsp;AddMxMtxMt
</UL>

<P><STRONG><a name="[43]"></a>main</STRONG> (Thumb, 374 bytes, Stack size 0 bytes, main.o(i.main))
<BR><BR>[Stack]<UL><LI>Max Depth = 4480<LI>Call Chain = main &rArr; GINavProc &rArr; GIKFUpdateByGNSS &rArr; GIKFBatchSolution &rArr; TriangleMatInv &rArr; __aeabi_dadd &rArr; _double_epilogue &rArr; _double_round
</UL>
<BR>[Calls]<UL><LI><a href="#[152]">&gt;&gt;</a>&nbsp;&nbsp;&nbsp;RCC_APB2PeriphClockCmd
<LI><a href="#[151]">&gt;&gt;</a>&nbsp;&nbsp;&nbsp;RCC_APB1PeriphClockCmd
<LI><a href="#[12b]">&gt;&gt;</a>&nbsp;&nbsp;&nbsp;RCC_AHB1PeriphClockCmd
<LI><a href="#[13b]">&gt;&gt;</a>&nbsp;&nbsp;&nbsp;NVIC_SetVectorTable
<LI><a href="#[19b]">&gt;&gt;</a>&nbsp;&nbsp;&nbsp;PWR_WakeUpPinCmd
<LI><a href="#[199]">&gt;&gt;</a>&nbsp;&nbsp;&nbsp;PWR_EnterSTOPMode
<LI><a href="#[19c]">&gt;&gt;</a>&nbsp;&nbsp;&nbsp;PWR_EnterSTANDBYMode
<LI><a href="#[19a]">&gt;&gt;</a>&nbsp;&nbsp;&nbsp;PWR_ClearFlag
<LI><a href="#[ba]">&gt;&gt;</a>&nbsp;&nbsp;&nbsp;delay_ms
<LI><a href="#[193]">&gt;&gt;</a>&nbsp;&nbsp;&nbsp;delay_init
<LI><a href="#[180]">&gt;&gt;</a>&nbsp;&nbsp;&nbsp;Update_Flash_Save
<LI><a href="#[181]">&gt;&gt;</a>&nbsp;&nbsp;&nbsp;Update_Flash_INI
<LI><a href="#[169]">&gt;&gt;</a>&nbsp;&nbsp;&nbsp;Set_System
<LI><a href="#[166]">&gt;&gt;</a>&nbsp;&nbsp;&nbsp;Send_GnssData
<LI><a href="#[165]">&gt;&gt;</a>&nbsp;&nbsp;&nbsp;Send_GSAData
<LI><a href="#[af]">&gt;&gt;</a>&nbsp;&nbsp;&nbsp;STMFLASH_Write
<LI><a href="#[13e]">&gt;&gt;</a>&nbsp;&nbsp;&nbsp;Pack_GnssData
<LI><a href="#[bc]">&gt;&gt;</a>&nbsp;&nbsp;&nbsp;NVIC_Configuration
<LI><a href="#[139]">&gt;&gt;</a>&nbsp;&nbsp;&nbsp;MisAngle_Flash_Save
<LI><a href="#[135]">&gt;&gt;</a>&nbsp;&nbsp;&nbsp;MisAngle_Flash_Decode
<LI><a href="#[134]">&gt;&gt;</a>&nbsp;&nbsp;&nbsp;Interrupt_Any_motion
<LI><a href="#[198]">&gt;&gt;</a>&nbsp;&nbsp;&nbsp;Gyr_Ini
<LI><a href="#[113]">&gt;&gt;</a>&nbsp;&nbsp;&nbsp;GpsConfig2
<LI><a href="#[e4]">&gt;&gt;</a>&nbsp;&nbsp;&nbsp;GPS_Rate_Config
<LI><a href="#[d7]">&gt;&gt;</a>&nbsp;&nbsp;&nbsp;GINavProc
<LI><a href="#[d6]">&gt;&gt;</a>&nbsp;&nbsp;&nbsp;GINavInit
<LI><a href="#[b9]">&gt;&gt;</a>&nbsp;&nbsp;&nbsp;EEPROM_Write
<LI><a href="#[b1]">&gt;&gt;</a>&nbsp;&nbsp;&nbsp;EEPROM_Check
<LI><a href="#[ad]">&gt;&gt;</a>&nbsp;&nbsp;&nbsp;Data_Flash_Save
<LI><a href="#[aa]">&gt;&gt;</a>&nbsp;&nbsp;&nbsp;Data_Flash_Decode
<LI><a href="#[97]">&gt;&gt;</a>&nbsp;&nbsp;&nbsp;Check_Lock_Code
<LI><a href="#[8c]">&gt;&gt;</a>&nbsp;&nbsp;&nbsp;BMI160_Ini
<LI><a href="#[197]">&gt;&gt;</a>&nbsp;&nbsp;&nbsp;Acc_Ini
<LI><a href="#[196]">&gt;&gt;</a>&nbsp;&nbsp;&nbsp;Data_Ini
<LI><a href="#[8b]">&gt;&gt;</a>&nbsp;&nbsp;&nbsp;ApluCode
<LI><a href="#[e5]">&gt;&gt;</a>&nbsp;&nbsp;&nbsp;USART_Configuration
<LI><a href="#[163]">&gt;&gt;</a>&nbsp;&nbsp;&nbsp;SendVersion
<LI><a href="#[160]">&gt;&gt;</a>&nbsp;&nbsp;&nbsp;SendData
<LI><a href="#[99]">&gt;&gt;</a>&nbsp;&nbsp;&nbsp;Com2SendData
</UL>
<BR>[Address Reference Count : 1]<UL><LI> entry9a.o(.ARM.Collect$$$$0000000B)
</UL>
<P><STRONG><a name="[7f]"></a>malloc</STRONG> (Thumb, 92 bytes, Stack size 20 bytes, malloc.o(i.malloc))
<BR><BR>[Stack]<UL><LI>Max Depth = 20<LI>Call Chain = malloc
</UL>
<BR>[Called By]<UL><LI><a href="#[c6]">&gt;&gt;</a>&nbsp;&nbsp;&nbsp;TriangleMatInv
<LI><a href="#[81]">&gt;&gt;</a>&nbsp;&nbsp;&nbsp;AddMxMxMt
<LI><a href="#[7e]">&gt;&gt;</a>&nbsp;&nbsp;&nbsp;AddMxMtxMt
</UL>

<P><STRONG><a name="[18a]"></a>sqrt</STRONG> (Thumb, 110 bytes, Stack size 32 bytes, sqrt.o(i.sqrt))
<BR><BR>[Stack]<UL><LI>Max Depth = 72<LI>Call Chain = sqrt &rArr; _dsqrt &rArr; _double_round
</UL>
<BR>[Calls]<UL><LI><a href="#[184]">&gt;&gt;</a>&nbsp;&nbsp;&nbsp;__set_errno
<LI><a href="#[75]">&gt;&gt;</a>&nbsp;&nbsp;&nbsp;_dsqrt
</UL>
<BR>[Called By]<UL><LI><a href="#[a0]">&gt;&gt;</a>&nbsp;&nbsp;&nbsp;__hardfp_asin
</UL>
<P>
<H3>
Local Symbols
</H3>
<P><STRONG><a name="[16b]"></a>SetSysClock</STRONG> (Thumb, 216 bytes, Stack size 12 bytes, system_stm32f4xx.o(i.SetSysClock))
<BR><BR>[Stack]<UL><LI>Max Depth = 12<LI>Call Chain = SetSysClock
</UL>
<BR>[Called By]<UL><LI><a href="#[44]">&gt;&gt;</a>&nbsp;&nbsp;&nbsp;SystemInit
</UL>

<P><STRONG><a name="[70]"></a>_local_sscanf</STRONG> (Thumb, 54 bytes, Stack size 56 bytes, strtod.o(.text))
<BR><BR>[Stack]<UL><LI>Max Depth = 160<LI>Call Chain = _local_sscanf &rArr; _scanf_real
</UL>
<BR>[Calls]<UL><LI><a href="#[71]">&gt;&gt;</a>&nbsp;&nbsp;&nbsp;_scanf_real
</UL>
<BR>[Called By]<UL><LI><a href="#[72]">&gt;&gt;</a>&nbsp;&nbsp;&nbsp;__strtod_int
</UL>

<P><STRONG><a name="[77]"></a>_fp_value</STRONG> (Thumb, 256 bytes, Stack size 56 bytes, scanf_fp.o(.text), UNUSED)
<BR><BR>[Calls]<UL><LI><a href="#[68]">&gt;&gt;</a>&nbsp;&nbsp;&nbsp;__aeabi_ddiv
<LI><a href="#[67]">&gt;&gt;</a>&nbsp;&nbsp;&nbsp;__aeabi_dmul
<LI><a href="#[78]">&gt;&gt;</a>&nbsp;&nbsp;&nbsp;__aeabi_ul2d
</UL>
<BR>[Called By]<UL><LI><a href="#[79]">&gt;&gt;</a>&nbsp;&nbsp;&nbsp;_scanf_really_real
</UL>
<P>
<H3>
Undefined Global Symbols
</H3><HR></body></html>
